Archive member included to satisfy reference by file (symbol)

c:/program files (x86)/atollic/truestudio for stm32 9.3.0/armtools/bin/../lib/gcc/arm-atollic-eabi/6.3.1/../../../../arm-atollic-eabi/lib/armv7-m\libc_nano.a(lib_a-errno.o)
                              Src\syscalls.o (__errno)
c:/program files (x86)/atollic/truestudio for stm32 9.3.0/armtools/bin/../lib/gcc/arm-atollic-eabi/6.3.1/../../../../arm-atollic-eabi/lib/armv7-m\libc_nano.a(lib_a-impure.o)
                              c:/program files (x86)/atollic/truestudio for stm32 9.3.0/armtools/bin/../lib/gcc/arm-atollic-eabi/6.3.1/../../../../arm-atollic-eabi/lib/armv7-m\libc_nano.a(lib_a-errno.o) (_impure_ptr)
c:/program files (x86)/atollic/truestudio for stm32 9.3.0/armtools/bin/../lib/gcc/arm-atollic-eabi/6.3.1/../../../../arm-atollic-eabi/lib/armv7-m\libc_nano.a(lib_a-memcpy-stub.o)
                              Middlewares\Third_Party\FreeRTOS\Source\queue.o (memcpy)
c:/program files (x86)/atollic/truestudio for stm32 9.3.0/armtools/bin/../lib/gcc/arm-atollic-eabi/6.3.1/../../../../arm-atollic-eabi/lib/armv7-m\libc_nano.a(lib_a-memset.o)
                              Drivers\STM32F1xx_HAL_Driver\Src\stm32f1xx_hal_rcc.o (memset)
c:/program files (x86)/atollic/truestudio for stm32 9.3.0/armtools/bin/../lib/gcc/arm-atollic-eabi/6.3.1/../../../../arm-atollic-eabi/lib/armv7-m\libc_nano.a(lib_a-sprintf.o)
                              Src\adcStorage.o (sprintf)
c:/program files (x86)/atollic/truestudio for stm32 9.3.0/armtools/bin/../lib/gcc/arm-atollic-eabi/6.3.1/../../../../arm-atollic-eabi/lib/armv7-m\libc_nano.a(lib_a-sscanf.o)
                              Src\processCommand.o (sscanf)
c:/program files (x86)/atollic/truestudio for stm32 9.3.0/armtools/bin/../lib/gcc/arm-atollic-eabi/6.3.1/../../../../arm-atollic-eabi/lib/armv7-m\libc_nano.a(lib_a-stdio.o)
                              c:/program files (x86)/atollic/truestudio for stm32 9.3.0/armtools/bin/../lib/gcc/arm-atollic-eabi/6.3.1/../../../../arm-atollic-eabi/lib/armv7-m\libc_nano.a(lib_a-sscanf.o) (__seofread)
c:/program files (x86)/atollic/truestudio for stm32 9.3.0/armtools/bin/../lib/gcc/arm-atollic-eabi/6.3.1/../../../../arm-atollic-eabi/lib/armv7-m\libc_nano.a(lib_a-strcpy.o)
                              Src\analyze.o (strcpy)
c:/program files (x86)/atollic/truestudio for stm32 9.3.0/armtools/bin/../lib/gcc/arm-atollic-eabi/6.3.1/../../../../arm-atollic-eabi/lib/armv7-m\libc_nano.a(lib_a-strlen.o)
                              Src\controllerInit.o (strlen)
c:/program files (x86)/atollic/truestudio for stm32 9.3.0/armtools/bin/../lib/gcc/arm-atollic-eabi/6.3.1/../../../../arm-atollic-eabi/lib/armv7-m\libc_nano.a(lib_a-writer.o)
                              c:/program files (x86)/atollic/truestudio for stm32 9.3.0/armtools/bin/../lib/gcc/arm-atollic-eabi/6.3.1/../../../../arm-atollic-eabi/lib/armv7-m\libc_nano.a(lib_a-stdio.o) (_write_r)
c:/program files (x86)/atollic/truestudio for stm32 9.3.0/armtools/bin/../lib/gcc/arm-atollic-eabi/6.3.1/../../../../arm-atollic-eabi/lib/armv7-m\libc_nano.a(lib_a-closer.o)
                              c:/program files (x86)/atollic/truestudio for stm32 9.3.0/armtools/bin/../lib/gcc/arm-atollic-eabi/6.3.1/../../../../arm-atollic-eabi/lib/armv7-m\libc_nano.a(lib_a-stdio.o) (_close_r)
c:/program files (x86)/atollic/truestudio for stm32 9.3.0/armtools/bin/../lib/gcc/arm-atollic-eabi/6.3.1/../../../../arm-atollic-eabi/lib/armv7-m\libc_nano.a(lib_a-lseekr.o)
                              c:/program files (x86)/atollic/truestudio for stm32 9.3.0/armtools/bin/../lib/gcc/arm-atollic-eabi/6.3.1/../../../../arm-atollic-eabi/lib/armv7-m\libc_nano.a(lib_a-stdio.o) (_lseek_r)
c:/program files (x86)/atollic/truestudio for stm32 9.3.0/armtools/bin/../lib/gcc/arm-atollic-eabi/6.3.1/../../../../arm-atollic-eabi/lib/armv7-m\libc_nano.a(lib_a-nano-svfprintf.o)
                              c:/program files (x86)/atollic/truestudio for stm32 9.3.0/armtools/bin/../lib/gcc/arm-atollic-eabi/6.3.1/../../../../arm-atollic-eabi/lib/armv7-m\libc_nano.a(lib_a-sprintf.o) (_svfprintf_r)
c:/program files (x86)/atollic/truestudio for stm32 9.3.0/armtools/bin/../lib/gcc/arm-atollic-eabi/6.3.1/../../../../arm-atollic-eabi/lib/armv7-m\libc_nano.a(lib_a-nano-svfscanf.o)
                              c:/program files (x86)/atollic/truestudio for stm32 9.3.0/armtools/bin/../lib/gcc/arm-atollic-eabi/6.3.1/../../../../arm-atollic-eabi/lib/armv7-m\libc_nano.a(lib_a-sscanf.o) (__ssvfscanf_r)
c:/program files (x86)/atollic/truestudio for stm32 9.3.0/armtools/bin/../lib/gcc/arm-atollic-eabi/6.3.1/../../../../arm-atollic-eabi/lib/armv7-m\libc_nano.a(lib_a-nano-vfprintf_i.o)
                              c:/program files (x86)/atollic/truestudio for stm32 9.3.0/armtools/bin/../lib/gcc/arm-atollic-eabi/6.3.1/../../../../arm-atollic-eabi/lib/armv7-m\libc_nano.a(lib_a-nano-svfprintf.o) (_printf_i)
[...]
Memory Configuration

Name             Origin             Length             Attributes
RAM              0x20000000         0x00010000         xrw
FLASH            0x08000000         0x00020000         xr
*default*        0x00000000         0xffffffff

Linker script and memory map

LOAD c:/program files (x86)/atollic/truestudio for stm32 9.3.0/armtools/bin/../lib/gcc/arm-atollic-eabi/6.3.1/armv7-m/crti.o
LOAD c:/program files (x86)/atollic/truestudio for stm32 9.3.0/armtools/bin/../lib/gcc/arm-atollic-eabi/6.3.1/armv7-m/crtbegin.o
LOAD Drivers\STM32F1xx_HAL_Driver\Src\stm32f1xx_hal.o
LOAD Drivers\STM32F1xx_HAL_Driver\Src\stm32f1xx_hal_adc.o
LOAD Drivers\STM32F1xx_HAL_Driver\Src\stm32f1xx_hal_adc_ex.o
LOAD Drivers\STM32F1xx_HAL_Driver\Src\stm32f1xx_hal_cortex.o
LOAD Drivers\STM32F1xx_HAL_Driver\Src\stm32f1xx_hal_dma.o
LOAD Drivers\STM32F1xx_HAL_Driver\Src\stm32f1xx_hal_flash.o
LOAD Drivers\STM32F1xx_HAL_Driver\Src\stm32f1xx_hal_flash_ex.o
LOAD Drivers\STM32F1xx_HAL_Driver\Src\stm32f1xx_hal_gpio.o
LOAD Drivers\STM32F1xx_HAL_Driver\Src\stm32f1xx_hal_gpio_ex.o
LOAD Drivers\STM32F1xx_HAL_Driver\Src\stm32f1xx_hal_pwr.o
LOAD Drivers\STM32F1xx_HAL_Driver\Src\stm32f1xx_hal_rcc.o
LOAD Drivers\STM32F1xx_HAL_Driver\Src\stm32f1xx_hal_rcc_ex.o
LOAD Drivers\STM32F1xx_HAL_Driver\Src\stm32f1xx_hal_tim.o
LOAD Drivers\STM32F1xx_HAL_Driver\Src\stm32f1xx_hal_tim_ex.o
LOAD Drivers\STM32F1xx_HAL_Driver\Src\stm32f1xx_hal_uart.o
LOAD Middlewares\Third_Party\FreeRTOS\Source\CMSIS_RTOS\cmsis_os.o
LOAD Middlewares\Third_Party\FreeRTOS\Source\croutine.o
LOAD Middlewares\Third_Party\FreeRTOS\Source\event_groups.o
LOAD Middlewares\Third_Party\FreeRTOS\Source\list.o
LOAD Middlewares\Third_Party\FreeRTOS\Source\portable\GCC\ARM_CM3\port.o
LOAD Middlewares\Third_Party\FreeRTOS\Source\portable\MemMang\heap_4.o
LOAD Middlewares\Third_Party\FreeRTOS\Source\queue.o
LOAD Middlewares\Third_Party\FreeRTOS\Source\tasks.o
LOAD Middlewares\Third_Party\FreeRTOS\Source\timers.o
LOAD Src\adcStorage.o
LOAD Src\analyze.o
LOAD Src\controllerInit.o
LOAD Src\controllerUtils.o
LOAD Src\flashFunctions.o
LOAD Src\freertos.o
LOAD Src\main.o
LOAD Src\processCommand.o
LOAD Src\scanInput.o
LOAD Src\stm32f1xx_hal_msp.o
LOAD Src\stm32f1xx_it.o
LOAD Src\structures.o
LOAD Src\syscalls.o
LOAD Src\system_stm32f1xx.o
LOAD startup\startup_stm32f105xc.o
                0x00000080                malloc_getpagesize_P = 0x80
START GROUP
LOAD c:/program files (x86)/atollic/truestudio for stm32 9.3.0/armtools/bin/../lib/gcc/arm-atollic-eabi/6.3.1/../../../../arm-atollic-eabi/lib/armv7-m\libc_nano.a
LOAD c:/program files (x86)/atollic/truestudio for stm32 9.3.0/armtools/bin/../lib/gcc/arm-atollic-eabi/6.3.1/../../../../arm-atollic-eabi/lib/armv7-m\libm.a
END GROUP
START GROUP
LOAD c:/program files (x86)/atollic/truestudio for stm32 9.3.0/armtools/bin/../lib/gcc/arm-atollic-eabi/6.3.1/armv7-m\libgcc.a
LOAD c:/program files (x86)/atollic/truestudio for stm32 9.3.0/armtools/bin/../lib/gcc/arm-atollic-eabi/6.3.1/../../../../arm-atollic-eabi/lib/armv7-m\libc_nano.a
END GROUP
START GROUP
LOAD c:/program files (x86)/atollic/truestudio for stm32 9.3.0/armtools/bin/../lib/gcc/arm-atollic-eabi/6.3.1/armv7-m\libgcc.a
LOAD c:/program files (x86)/atollic/truestudio for stm32 9.3.0/armtools/bin/../lib/gcc/arm-atollic-eabi/6.3.1/../../../../arm-atollic-eabi/lib/armv7-m\libc_nano.a
LOAD c:/program files (x86)/atollic/truestudio for stm32 9.3.0/armtools/bin/../lib/gcc/arm-atollic-eabi/6.3.1/../../../../arm-atollic-eabi/lib/armv7-m\libnosys.a
END GROUP
START GROUP
LOAD c:/program files (x86)/atollic/truestudio for stm32 9.3.0/armtools/bin/../lib/gcc/arm-atollic-eabi/6.3.1/armv7-m\libgcc.a
LOAD c:/program files (x86)/atollic/truestudio for stm32 9.3.0/armtools/bin/../lib/gcc/arm-atollic-eabi/6.3.1/../../../../arm-atollic-eabi/lib/armv7-m\libc_nano.a
LOAD c:/program files (x86)/atollic/truestudio for stm32 9.3.0/armtools/bin/../lib/gcc/arm-atollic-eabi/6.3.1/../../../../arm-atollic-eabi/lib/armv7-m\libnosys.a
END GROUP
LOAD c:/program files (x86)/atollic/truestudio for stm32 9.3.0/armtools/bin/../lib/gcc/arm-atollic-eabi/6.3.1/armv7-m/crtend.o
LOAD c:/program files (x86)/atollic/truestudio for stm32 9.3.0/armtools/bin/../lib/gcc/arm-atollic-eabi/6.3.1/armv7-m/crtn.o
                0x20010000                _estack = 0x20010000
                0x00000200                _Min_Heap_Size = 0x200
                0x00000400                _Min_Stack_Size = 0x400

.isr_vector     0x08000000      0x1e4
                0x08000000                . = ALIGN (0x4)
 *(.isr_vector)
 .isr_vector    0x08000000      0x1e4 startup\startup_stm32f105xc.o
                0x08000000                g_pfnVectors
                0x080001e4                . = ALIGN (0x4)

.text           0x080001f0     0x64b8
                0x080001f0                . = ALIGN (0x4)
 *(.text)
 .text          0x080001f0       0x40 c:/program files (x86)/atollic/truestudio for stm32 9.3.0/armtools/bin/../lib/gcc/arm-atollic-eabi/6.3.1/armv7-m/crtbegin.o
 .text          0x08000230       0x10 c:/program files (x86)/atollic/truestudio for stm32 9.3.0/armtools/bin/../lib/gcc/arm-atollic-eabi/6.3.1/../../../../arm-atollic-eabi/lib/armv7-m\libc_nano.a(lib_a-strlen.o)
                0x08000230                strlen
 .text          0x08000240       0x18 c:/program files (x86)/atollic/truestudio for stm32 9.3.0/armtools/bin/../lib/gcc/arm-atollic-eabi/6.3.1/armv7-m\libgcc.a(_lshrdi3.o)
                0x08000240                __lshrdi3
                0x08000240                __aeabi_llsr
 .text          0x08000258      0x21c c:/program files (x86)/atollic/truestudio for stm32 9.3.0/armtools/bin/../lib/gcc/arm-atollic-eabi/6.3.1/armv7-m\libgcc.a(_arm_addsubsf3.o)
                0x08000258                __aeabi_frsub
                0x08000260                __subsf3
                0x08000260                __aeabi_fsub
                0x08000264                __aeabi_fadd
                0x08000264                __addsf3
                0x080003c4                __aeabi_ui2f
                0x080003c4                __floatunsisf
                0x080003cc                __aeabi_i2f
                0x080003cc                __floatsisf
                0x080003e8                __aeabi_ul2f
                0x080003e8                __floatundisf
                0x080003f8                __aeabi_l2f
                0x080003f8                __floatdisf
 .text          0x08000474      0x2a0 c:/program files (x86)/atollic/truestudio for stm32 9.3.0/armtools/bin/../lib/gcc/arm-atollic-eabi/6.3.1/armv7-m\libgcc.a(_arm_muldivsf3.o)
                0x08000474                __mulsf3
                0x08000474                __aeabi_fmul
                0x080005dc                __aeabi_fdiv
                0x080005dc                __divsf3
 .text          0x08000714       0xec c:/program files (x86)/atollic/truestudio for stm32 9.3.0/armtools/bin/../lib/gcc/arm-atollic-eabi/6.3.1/armv7-m\libgcc.a(_arm_cmpsf2.o)
                0x08000714                __gesf2
                0x08000714                __gtsf2
                0x0800071c                __lesf2
                0x0800071c                __ltsf2
                0x08000724                __nesf2
                0x08000724                __eqsf2
                0x08000724                __cmpsf2
                0x08000784                __aeabi_cfrcmple
                0x0800078c                __aeabi_cfcmpeq
                0x0800078c                __aeabi_cfcmple
                0x0800079c                __aeabi_fcmpeq
                0x080007b0                __aeabi_fcmplt
                0x080007c4                __aeabi_fcmple
                0x080007d8                __aeabi_fcmpge
                0x080007ec                __aeabi_fcmpgt
 .text          0x08000800       0x4c c:/program files (x86)/atollic/truestudio for stm32 9.3.0/armtools/bin/../lib/gcc/arm-atollic-eabi/6.3.1/armv7-m\libgcc.a(_arm_fixsfsi.o)
                0x08000800                __aeabi_f2iz
                0x08000800                __fixsfsi
 .text          0x0800084c       0x30 c:/program files (x86)/atollic/truestudio for stm32 9.3.0/armtools/bin/../lib/gcc/arm-atollic-eabi/6.3.1/armv7-m\libgcc.a(_aeabi_uldivmod.o)
                0x0800084c                __aeabi_uldivmod
 .text          0x0800087c      0x2dc c:/program files (x86)/atollic/truestudio for stm32 9.3.0/armtools/bin/../lib/gcc/arm-atollic-eabi/6.3.1/armv7-m\libgcc.a(_udivmoddi4.o)
                0x0800087c                __udivmoddi4
 .text          0x08000b58        0x4 c:/program files (x86)/atollic/truestudio for stm32 9.3.0/armtools/bin/../lib/gcc/arm-atollic-eabi/6.3.1/armv7-m\libgcc.a(_dvmd_tls.o)
                0x08000b58                __aeabi_idiv0
                0x08000b58                __aeabi_ldiv0
 *(.text*)
 .text.HAL_InitTick
                0x08000b5c       0x48 Drivers\STM32F1xx_HAL_Driver\Src\stm32f1xx_hal.o
                0x08000b5c                HAL_InitTick
 .text.HAL_Init
                0x08000ba4       0x24 Drivers\STM32F1xx_HAL_Driver\Src\stm32f1xx_hal.o
                0x08000ba4                HAL_Init
 .text.HAL_IncTick
                0x08000bc8       0x18 Drivers\STM32F1xx_HAL_Driver\Src\stm32f1xx_hal.o
                0x08000bc8                HAL_IncTick
 .text.HAL_GetTick
                0x08000be0        0xc Drivers\STM32F1xx_HAL_Driver\Src\stm32f1xx_hal.o
                0x08000be0                HAL_GetTick
 .text.HAL_Delay
                0x08000bec       0x24 Drivers\STM32F1xx_HAL_Driver\Src\stm32f1xx_hal.o
                0x08000bec                HAL_Delay
 .text.HAL_GetUID
                0x08000c10       0x20 Drivers\STM32F1xx_HAL_Driver\Src\stm32f1xx_hal.o
                0x08000c10                HAL_GetUID
 .text.HAL_ADC_ConvCpltCallback
                0x08000c30        0x2 Drivers\STM32F1xx_HAL_Driver\Src\stm32f1xx_hal_adc.o
                0x08000c30                HAL_ADC_ConvCpltCallback
 .text.HAL_ADC_LevelOutOfWindowCallback
                0x08000c32        0x2 Drivers\STM32F1xx_HAL_Driver\Src\stm32f1xx_hal_adc.o
                0x08000c32                HAL_ADC_LevelOutOfWindowCallback
 .text.HAL_ADC_IRQHandler
                0x08000c34       0xec Drivers\STM32F1xx_HAL_Driver\Src\stm32f1xx_hal_adc.o
                0x08000c34                HAL_ADC_IRQHandler
 .text.HAL_ADC_ConfigChannel
                0x08000d20      0x108 Drivers\STM32F1xx_HAL_Driver\Src\stm32f1xx_hal_adc.o
                0x08000d20                HAL_ADC_ConfigChannel
 .text.ADC_Enable
                0x08000e28       0x70 Drivers\STM32F1xx_HAL_Driver\Src\stm32f1xx_hal_adc.o
                0x08000e28                ADC_Enable
 .text.ADC_ConversionStop_Disable
                0x08000e98       0x44 Drivers\STM32F1xx_HAL_Driver\Src\stm32f1xx_hal_adc.o
                0x08000e98                ADC_ConversionStop_Disable
 .text.HAL_ADC_Init
                0x08000edc      0x100 Drivers\STM32F1xx_HAL_Driver\Src\stm32f1xx_hal_adc.o
                0x08000edc                HAL_ADC_Init
 .text.HAL_ADCEx_InjectedStart_IT
                0x08000fdc       0xb4 Drivers\STM32F1xx_HAL_Driver\Src\stm32f1xx_hal_adc_ex.o
                0x08000fdc                HAL_ADCEx_InjectedStart_IT
 .text.HAL_ADCEx_InjectedGetValue
                0x08001090       0x1e Drivers\STM32F1xx_HAL_Driver\Src\stm32f1xx_hal_adc_ex.o
                0x08001090                HAL_ADCEx_InjectedGetValue
 *fill*         0x080010ae        0x2 
 .text.HAL_ADCEx_InjectedConfigChannel
                0x080010b0      0x1d8 Drivers\STM32F1xx_HAL_Driver\Src\stm32f1xx_hal_adc_ex.o
                0x080010b0                HAL_ADCEx_InjectedConfigChannel
 .text.HAL_NVIC_SetPriorityGrouping
                0x08001288       0x24 Drivers\STM32F1xx_HAL_Driver\Src\stm32f1xx_hal_cortex.o
                0x08001288                HAL_NVIC_SetPriorityGrouping
 .text.HAL_NVIC_SetPriority
                0x080012ac       0x68 Drivers\STM32F1xx_HAL_Driver\Src\stm32f1xx_hal_cortex.o
                0x080012ac                HAL_NVIC_SetPriority
 .text.HAL_NVIC_EnableIRQ
                0x08001314       0x18 Drivers\STM32F1xx_HAL_Driver\Src\stm32f1xx_hal_cortex.o
                0x08001314                HAL_NVIC_EnableIRQ
 .text.HAL_SYSTICK_Config
                0x0800132c       0x2c Drivers\STM32F1xx_HAL_Driver\Src\stm32f1xx_hal_cortex.o
                0x0800132c                HAL_SYSTICK_Config
 .text.HAL_DMA_Init
                0x08001358       0x80 Drivers\STM32F1xx_HAL_Driver\Src\stm32f1xx_hal_dma.o
                0x08001358                HAL_DMA_Init
 .text.HAL_DMA_Start_IT
                0x080013d8       0x7a Drivers\STM32F1xx_HAL_Driver\Src\stm32f1xx_hal_dma.o
                0x080013d8                HAL_DMA_Start_IT
 *fill*         0x08001452        0x2 
 .text.HAL_DMA_Abort_IT
                0x08001454       0xdc Drivers\STM32F1xx_HAL_Driver\Src\stm32f1xx_hal_dma.o
                0x08001454                HAL_DMA_Abort_IT
 .text.HAL_DMA_IRQHandler
                0x08001530      0x1b8 Drivers\STM32F1xx_HAL_Driver\Src\stm32f1xx_hal_dma.o
                0x08001530                HAL_DMA_IRQHandler
 .text.FLASH_SetErrorCode
                0x080016e8       0x50 Drivers\STM32F1xx_HAL_Driver\Src\stm32f1xx_hal_flash.o
 .text.HAL_FLASH_Unlock
                0x08001738       0x24 Drivers\STM32F1xx_HAL_Driver\Src\stm32f1xx_hal_flash.o
                0x08001738                HAL_FLASH_Unlock
 .text.HAL_FLASH_Lock
                0x0800175c       0x14 Drivers\STM32F1xx_HAL_Driver\Src\stm32f1xx_hal_flash.o
                0x0800175c                HAL_FLASH_Lock
 .text.FLASH_WaitForLastOperation
                0x08001770       0x54 Drivers\STM32F1xx_HAL_Driver\Src\stm32f1xx_hal_flash.o
                0x08001770                FLASH_WaitForLastOperation
 .text.HAL_FLASH_Program
                0x080017c4       0x8c Drivers\STM32F1xx_HAL_Driver\Src\stm32f1xx_hal_flash.o
                0x080017c4                HAL_FLASH_Program
 .text.FLASH_MassErase.isra.0
                0x08001850       0x24 Drivers\STM32F1xx_HAL_Driver\Src\stm32f1xx_hal_flash_ex.o
 .text.FLASH_PageErase
                0x08001874       0x24 Drivers\STM32F1xx_HAL_Driver\Src\stm32f1xx_hal_flash_ex.o
                0x08001874                FLASH_PageErase
 .text.HAL_FLASHEx_Erase
                0x08001898       0x9c Drivers\STM32F1xx_HAL_Driver\Src\stm32f1xx_hal_flash_ex.o
                0x08001898                HAL_FLASHEx_Erase
 .text.HAL_GPIO_Init
                0x08001934      0x1c0 Drivers\STM32F1xx_HAL_Driver\Src\stm32f1xx_hal_gpio.o
                0x08001934                HAL_GPIO_Init
 .text.HAL_GPIO_ReadPin
                0x08001af4        0xc Drivers\STM32F1xx_HAL_Driver\Src\stm32f1xx_hal_gpio.o
                0x08001af4                HAL_GPIO_ReadPin
 .text.HAL_GPIO_WritePin
                0x08001b00        0xa Drivers\STM32F1xx_HAL_Driver\Src\stm32f1xx_hal_gpio.o
                0x08001b00                HAL_GPIO_WritePin
 .text.HAL_GPIO_TogglePin
                0x08001b0a        0x8 Drivers\STM32F1xx_HAL_Driver\Src\stm32f1xx_hal_gpio.o
                0x08001b0a                HAL_GPIO_TogglePin
 .text.HAL_GPIO_EXTI_Callback
                0x08001b12        0x2 Drivers\STM32F1xx_HAL_Driver\Src\stm32f1xx_hal_gpio.o
                0x08001b12                HAL_GPIO_EXTI_Callback
 .text.HAL_GPIO_EXTI_IRQHandler
                0x08001b14       0x18 Drivers\STM32F1xx_HAL_Driver\Src\stm32f1xx_hal_gpio.o
                0x08001b14                HAL_GPIO_EXTI_IRQHandler
 .text.HAL_RCC_OscConfig
                0x08001b2c      0x3d8 Drivers\STM32F1xx_HAL_Driver\Src\stm32f1xx_hal_rcc.o
                0x08001b2c                HAL_RCC_OscConfig
 .text.HAL_RCC_GetSysClockFreq
                0x08001f04       0xc4 Drivers\STM32F1xx_HAL_Driver\Src\stm32f1xx_hal_rcc.o
                0x08001f04                HAL_RCC_GetSysClockFreq
 .text.HAL_RCC_ClockConfig
                0x08001fc8      0x164 Drivers\STM32F1xx_HAL_Driver\Src\stm32f1xx_hal_rcc.o
                0x08001fc8                HAL_RCC_ClockConfig
 .text.HAL_RCC_GetPCLK1Freq
                0x0800212c       0x20 Drivers\STM32F1xx_HAL_Driver\Src\stm32f1xx_hal_rcc.o
                0x0800212c                HAL_RCC_GetPCLK1Freq
 .text.HAL_RCC_GetPCLK2Freq
                0x0800214c       0x20 Drivers\STM32F1xx_HAL_Driver\Src\stm32f1xx_hal_rcc.o
                0x0800214c                HAL_RCC_GetPCLK2Freq
 .text.HAL_RCCEx_PeriphCLKConfig
                0x0800216c      0x17c Drivers\STM32F1xx_HAL_Driver\Src\stm32f1xx_hal_rcc_ex.o
                0x0800216c                HAL_RCCEx_PeriphCLKConfig
 .text.UART_EndRxTransfer
                0x080022e8       0x1a Drivers\STM32F1xx_HAL_Driver\Src\stm32f1xx_hal_uart.o
 *fill*         0x08002302        0x2 
 .text.UART_SetConfig
                0x08002304      0x13c Drivers\STM32F1xx_HAL_Driver\Src\stm32f1xx_hal_uart.o
 .text.UART_WaitOnFlagUntilTimeout.constprop.3
                0x08002440       0x50 Drivers\STM32F1xx_HAL_Driver\Src\stm32f1xx_hal_uart.o
 .text.HAL_UART_Init
                0x08002490       0x5c Drivers\STM32F1xx_HAL_Driver\Src\stm32f1xx_hal_uart.o
                0x08002490                HAL_UART_Init
 .text.HAL_UART_Transmit
                0x080024ec       0xb8 Drivers\STM32F1xx_HAL_Driver\Src\stm32f1xx_hal_uart.o
                0x080024ec                HAL_UART_Transmit
 .text.HAL_UART_Receive_IT
                0x080025a4       0x4e Drivers\STM32F1xx_HAL_Driver\Src\stm32f1xx_hal_uart.o
                0x080025a4                HAL_UART_Receive_IT
 *fill*         0x080025f2        0x2 
 .text.HAL_UART_Transmit_DMA
                0x080025f4       0x74 Drivers\STM32F1xx_HAL_Driver\Src\stm32f1xx_hal_uart.o
                0x080025f4                HAL_UART_Transmit_DMA
 .text.HAL_UART_TxCpltCallback
                0x08002668        0x2 Drivers\STM32F1xx_HAL_Driver\Src\stm32f1xx_hal_uart.o
                0x08002668                HAL_UART_TxCpltCallback
 .text.UART_DMATransmitCplt
                0x0800266a       0x2c Drivers\STM32F1xx_HAL_Driver\Src\stm32f1xx_hal_uart.o
 .text.HAL_UART_TxHalfCpltCallback
                0x08002696        0x2 Drivers\STM32F1xx_HAL_Driver\Src\stm32f1xx_hal_uart.o
                0x08002696                HAL_UART_TxHalfCpltCallback
 .text.UART_DMATxHalfCplt
                0x08002698        0xa Drivers\STM32F1xx_HAL_Driver\Src\stm32f1xx_hal_uart.o
 .text.UART_Receive_IT
                0x080026a2       0x7c Drivers\STM32F1xx_HAL_Driver\Src\stm32f1xx_hal_uart.o
 .text.HAL_UART_ErrorCallback
                0x0800271e        0x2 Drivers\STM32F1xx_HAL_Driver\Src\stm32f1xx_hal_uart.o
                0x0800271e                HAL_UART_ErrorCallback
 .text.UART_DMAError
                0x08002720       0x4e Drivers\STM32F1xx_HAL_Driver\Src\stm32f1xx_hal_uart.o
 *fill*         0x0800276e        0x2 
 .text.HAL_UART_IRQHandler
                0x08002770      0x140 Drivers\STM32F1xx_HAL_Driver\Src\stm32f1xx_hal_uart.o
                0x08002770                HAL_UART_IRQHandler
 .text.UART_DMAAbortOnError
                0x080028b0       0x10 Drivers\STM32F1xx_HAL_Driver\Src\stm32f1xx_hal_uart.o
 .text.osKernelStart
                0x080028c0        0xa Middlewares\Third_Party\FreeRTOS\Source\CMSIS_RTOS\cmsis_os.o
                0x080028c0                osKernelStart
 .text.osSystickHandler
                0x080028ca       0x14 Middlewares\Third_Party\FreeRTOS\Source\CMSIS_RTOS\cmsis_os.o
                0x080028ca                osSystickHandler
 .text.vListInitialise
                0x080028de       0x16 Middlewares\Third_Party\FreeRTOS\Source\list.o
                0x080028de                vListInitialise
 .text.vListInitialiseItem
                0x080028f4        0x6 Middlewares\Third_Party\FreeRTOS\Source\list.o
                0x080028f4                vListInitialiseItem
 .text.vListInsertEnd
                0x080028fa       0x18 Middlewares\Third_Party\FreeRTOS\Source\list.o
                0x080028fa                vListInsertEnd
 .text.vListInsert
                0x08002912       0x2e Middlewares\Third_Party\FreeRTOS\Source\list.o
                0x08002912                vListInsert
 .text.uxListRemove
                0x08002940       0x20 Middlewares\Third_Party\FreeRTOS\Source\list.o
                0x08002940                uxListRemove
 .text.prvTaskExitError
                0x08002960       0x30 Middlewares\Third_Party\FreeRTOS\Source\portable\GCC\ARM_CM3\port.o
 .text.prvPortStartFirstTask
                0x08002990       0x20 Middlewares\Third_Party\FreeRTOS\Source\portable\GCC\ARM_CM3\port.o
 .text.pxPortInitialiseStack
                0x080029b0       0x24 Middlewares\Third_Party\FreeRTOS\Source\portable\GCC\ARM_CM3\port.o
                0x080029b0                pxPortInitialiseStack
 *fill*         0x080029d4        0xc 
 .text.SVC_Handler
                0x080029e0       0x24 Middlewares\Third_Party\FreeRTOS\Source\portable\GCC\ARM_CM3\port.o
                0x080029e0                SVC_Handler
 .text.vPortEnterCritical
                0x08002a04       0x44 Middlewares\Third_Party\FreeRTOS\Source\portable\GCC\ARM_CM3\port.o
                0x08002a04                vPortEnterCritical
 .text.vPortExitCritical
                0x08002a48       0x28 Middlewares\Third_Party\FreeRTOS\Source\portable\GCC\ARM_CM3\port.o
                0x08002a48                vPortExitCritical
 .text.PendSV_Handler
                0x08002a70       0x44 Middlewares\Third_Party\FreeRTOS\Source\portable\GCC\ARM_CM3\port.o
                0x08002a70                PendSV_Handler
 .text.xPortSysTickHandler
                0x08002ab4       0x2c Middlewares\Third_Party\FreeRTOS\Source\portable\GCC\ARM_CM3\port.o
                0x08002ab4                xPortSysTickHandler
 .text.vPortSetupTimerInterrupt
                0x08002ae0       0x28 Middlewares\Third_Party\FreeRTOS\Source\portable\GCC\ARM_CM3\port.o
                0x08002ae0                vPortSetupTimerInterrupt
 .text.xPortStartScheduler
                0x08002b08       0x94 Middlewares\Third_Party\FreeRTOS\Source\portable\GCC\ARM_CM3\port.o
                0x08002b08                xPortStartScheduler
 .text.vPortValidateInterruptPriority
                0x08002b9c       0x5c Middlewares\Third_Party\FreeRTOS\Source\portable\GCC\ARM_CM3\port.o
                0x08002b9c                vPortValidateInterruptPriority
 .text.unlikely.prvInsertBlockIntoFreeList
                0x08002bf8       0x48 Middlewares\Third_Party\FreeRTOS\Source\portable\MemMang\heap_4.o
 .text.pvPortMalloc
                0x08002c40      0x11c Middlewares\Third_Party\FreeRTOS\Source\portable\MemMang\heap_4.o
                0x08002c40                pvPortMalloc
 .text.vPortFree
                0x08002d5c       0x70 Middlewares\Third_Party\FreeRTOS\Source\portable\MemMang\heap_4.o
                0x08002d5c                vPortFree
 .text.xPortGetFreeHeapSize
                0x08002dcc        0xc Middlewares\Third_Party\FreeRTOS\Source\portable\MemMang\heap_4.o
                0x08002dcc                xPortGetFreeHeapSize
 .text.unlikely.prvCopyDataToQueue
                0x08002dd8       0x66 Middlewares\Third_Party\FreeRTOS\Source\queue.o
 .text.unlikely.prvCopyDataFromQueue
                0x08002e3e       0x28 Middlewares\Third_Party\FreeRTOS\Source\queue.o
 .text.prvUnlockQueue
                0x08002e66       0x70 Middlewares\Third_Party\FreeRTOS\Source\queue.o
 *fill*         0x08002ed6        0x2 
 .text.xQueueGenericReset
                0x08002ed8       0x80 Middlewares\Third_Party\FreeRTOS\Source\queue.o
                0x08002ed8                xQueueGenericReset
 .text.xQueueGenericCreate
                0x08002f58       0x42 Middlewares\Third_Party\FreeRTOS\Source\queue.o
                0x08002f58                xQueueGenericCreate
 *fill*         0x08002f9a        0x2 
 .text.xQueueGenericSend
                0x08002f9c      0x16c Middlewares\Third_Party\FreeRTOS\Source\queue.o
                0x08002f9c                xQueueGenericSend
 .text.xQueueGenericSendFromISR
                0x08003108       0xc4 Middlewares\Third_Party\FreeRTOS\Source\queue.o
                0x08003108                xQueueGenericSendFromISR
 .text.xQueueGenericReceive
                0x080031cc      0x188 Middlewares\Third_Party\FreeRTOS\Source\queue.o
                0x080031cc                xQueueGenericReceive
 .text.prvResetNextTaskUnblockTime
                0x08003354       0x24 Middlewares\Third_Party\FreeRTOS\Source\tasks.o
 .text.prvAddCurrentTaskToDelayedList
                0x08003378       0x8c Middlewares\Third_Party\FreeRTOS\Source\tasks.o
 .text.vTaskSetTimeOutState.part.5
                0x08003404       0x12 Middlewares\Third_Party\FreeRTOS\Source\tasks.o
 *fill*         0x08003416        0x2 
 .text.xTaskCreate
                0x08003418      0x1a0 Middlewares\Third_Party\FreeRTOS\Source\tasks.o
                0x08003418                xTaskCreate
 .text.vTaskStartScheduler
                0x080035b8       0x78 Middlewares\Third_Party\FreeRTOS\Source\tasks.o
                0x080035b8                vTaskStartScheduler
 .text.vTaskSuspendAll
                0x08003630       0x10 Middlewares\Third_Party\FreeRTOS\Source\tasks.o
                0x08003630                vTaskSuspendAll
 .text.xTaskGetTickCount
                0x08003640        0xc Middlewares\Third_Party\FreeRTOS\Source\tasks.o
                0x08003640                xTaskGetTickCount
 .text.xTaskIncrementTick
                0x0800364c      0x124 Middlewares\Third_Party\FreeRTOS\Source\tasks.o
                0x0800364c                xTaskIncrementTick
 .text.xTaskResumeAll
                0x08003770       0xf0 Middlewares\Third_Party\FreeRTOS\Source\tasks.o
                0x08003770                xTaskResumeAll
 .text.vTaskDelay
                0x08003860       0x48 Middlewares\Third_Party\FreeRTOS\Source\tasks.o
                0x08003860                vTaskDelay
 .text.prvIdleTask
                0x080038a8       0x74 Middlewares\Third_Party\FreeRTOS\Source\tasks.o
 .text.vTaskSwitchContext
                0x0800391c       0x74 Middlewares\Third_Party\FreeRTOS\Source\tasks.o
                0x0800391c                vTaskSwitchContext
 .text.vTaskPlaceOnEventList
                0x08003990       0x34 Middlewares\Third_Party\FreeRTOS\Source\tasks.o
                0x08003990                vTaskPlaceOnEventList
 .text.xTaskRemoveFromEventList
                0x080039c4       0x84 Middlewares\Third_Party\FreeRTOS\Source\tasks.o
                0x080039c4                xTaskRemoveFromEventList
 .text.vTaskSetTimeOutState
                0x08003a48       0x20 Middlewares\Third_Party\FreeRTOS\Source\tasks.o
                0x08003a48                vTaskSetTimeOutState
 .text.xTaskCheckForTimeOut
                0x08003a68       0x74 Middlewares\Third_Party\FreeRTOS\Source\tasks.o
                0x08003a68                xTaskCheckForTimeOut
 .text.vTaskMissedYield
                0x08003adc        0xc Middlewares\Third_Party\FreeRTOS\Source\tasks.o
                0x08003adc                vTaskMissedYield
 .text.xTaskGetSchedulerState
                0x08003ae8       0x20 Middlewares\Third_Party\FreeRTOS\Source\tasks.o
                0x08003ae8                xTaskGetSchedulerState
 .text.vTaskPriorityInherit
                0x08003b08       0x90 Middlewares\Third_Party\FreeRTOS\Source\tasks.o
                0x08003b08                vTaskPriorityInherit
 .text.xTaskPriorityDisinherit
                0x08003b98       0xa0 Middlewares\Third_Party\FreeRTOS\Source\tasks.o
                0x08003b98                xTaskPriorityDisinherit
 .text.pvTaskIncrementMutexHeldCount
                0x08003c38       0x18 Middlewares\Third_Party\FreeRTOS\Source\tasks.o
                0x08003c38                pvTaskIncrementMutexHeldCount
 .text.fir_filter
                0x08003c50       0x4c Src\adcStorage.o
                0x08003c50                fir_filter
 .text.xStoreADCDataTask
                0x08003c9c      0x214 Src\adcStorage.o
                0x08003c9c                xStoreADCDataTask
 .text.xAnalyzeTask
                0x08003eb0      0x580 Src\analyze.o
                0x08003eb0                xAnalyzeTask
 .text.xBlynkTask
                0x08004430       0x34 Src\controllerInit.o
                0x08004430                xBlynkTask
 .text.controller_init
                0x08004464      0x264 Src\controllerInit.o
                0x08004464                controller_init
 .text.print_debug
                0x080046c8       0x34 Src\controllerUtils.o
                0x080046c8                print_debug
 .text.init_rf433
                0x080046fc       0xa8 Src\controllerUtils.o
                0x080046fc                init_rf433
 .text.init_structures
                0x080047a4       0x3c Src\controllerUtils.o
                0x080047a4                init_structures
 .text.mWrite_flash
                0x080047e0       0x74 Src\flashFunctions.o
                0x080047e0                mWrite_flash
 .text.mRead_flash
                0x08004854       0x40 Src\flashFunctions.o
                0x08004854                mRead_flash
 .text.SystemClock_Config
                0x08004894       0x78 Src\main.o
                0x08004894                SystemClock_Config
 .text.startup.main
                0x0800490c      0x270 Src\main.o
                0x0800490c                main
 .text.HAL_UART_RxCpltCallback
                0x08004b7c       0x70 Src\main.o
                0x08004b7c                HAL_UART_RxCpltCallback
 .text.HAL_ADCEx_InjectedConvCpltCallback
                0x08004bec       0x34 Src\main.o
                0x08004bec                HAL_ADCEx_InjectedConvCpltCallback
 .text.Error_Handler
                0x08004c20        0x2 Src\main.o
                0x08004c20                Error_Handler
 *fill*         0x08004c22        0x2 
 .text.xProcessCommandTask
                0x08004c24      0x3a0 Src\processCommand.o
                0x08004c24                xProcessCommandTask
 .text.xScanInputTask
                0x08004fc4      0x188 Src\scanInput.o
                0x08004fc4                xScanInputTask
 .text.HAL_MspInit
                0x0800514c       0x50 Src\stm32f1xx_hal_msp.o
                0x0800514c                HAL_MspInit
 .text.HAL_ADC_MspInit
                0x0800519c       0xb0 Src\stm32f1xx_hal_msp.o
                0x0800519c                HAL_ADC_MspInit
 .text.HAL_UART_MspInit
                0x0800524c       0xb8 Src\stm32f1xx_hal_msp.o
                0x0800524c                HAL_UART_MspInit
 .text.NMI_Handler
                0x08005304        0x2 Src\stm32f1xx_it.o
                0x08005304                NMI_Handler
 .text.HardFault_Handler
                0x08005306        0x2 Src\stm32f1xx_it.o
                0x08005306                HardFault_Handler
 .text.MemManage_Handler
                0x08005308        0x2 Src\stm32f1xx_it.o
                0x08005308                MemManage_Handler
 .text.BusFault_Handler
                0x0800530a        0x2 Src\stm32f1xx_it.o
                0x0800530a                BusFault_Handler
 .text.UsageFault_Handler
                0x0800530c        0x2 Src\stm32f1xx_it.o
                0x0800530c                UsageFault_Handler
 .text.DebugMon_Handler
                0x0800530e        0x2 Src\stm32f1xx_it.o
                0x0800530e                DebugMon_Handler
 .text.SysTick_Handler
                0x08005310        0xe Src\stm32f1xx_it.o
                0x08005310                SysTick_Handler
 *fill*         0x0800531e        0x2 
 .text.DMA1_Channel4_IRQHandler
                0x08005320        0xc Src\stm32f1xx_it.o
                0x08005320                DMA1_Channel4_IRQHandler
 .text.ADC1_2_IRQHandler
                0x0800532c       0x1c Src\stm32f1xx_it.o
                0x0800532c                ADC1_2_IRQHandler
 .text.USART1_IRQHandler
                0x08005348        0xc Src\stm32f1xx_it.o
                0x08005348                USART1_IRQHandler
 .text.EXTI15_10_IRQHandler
                0x08005354        0x8 Src\stm32f1xx_it.o
                0x08005354                EXTI15_10_IRQHandler
 .text._sbrk    0x0800535c       0x34 Src\syscalls.o
                0x0800535c                _sbrk
 .text.SystemInit
                0x08005390       0x58 Src\system_stm32f1xx.o
                0x08005390                SystemInit
 .text.Reset_Handler
                0x080053e8       0x44 startup\startup_stm32f105xc.o
                0x080053e8                Reset_Handler
 .text.Default_Handler
                0x0800542c        0x2 startup\startup_stm32f105xc.o
                0x0800542c                RTC_Alarm_IRQHandler
                0x0800542c                EXTI2_IRQHandler
                0x0800542c                TIM1_CC_IRQHandler
                0x0800542c                TIM6_IRQHandler
                0x0800542c                PVD_IRQHandler
                0x0800542c                CAN2_RX1_IRQHandler
                0x0800542c                EXTI3_IRQHandler
                0x0800542c                EXTI0_IRQHandler
                0x0800542c                I2C2_EV_IRQHandler
                0x0800542c                CAN1_RX0_IRQHandler
                0x0800542c                CAN2_SCE_IRQHandler
                0x0800542c                SPI1_IRQHandler
                0x0800542c                TAMPER_IRQHandler
                0x0800542c                CAN2_RX0_IRQHandler
                0x0800542c                DMA2_Channel2_IRQHandler
                0x0800542c                USART3_IRQHandler
                0x0800542c                RTC_IRQHandler
                0x0800542c                DMA1_Channel7_IRQHandler
                0x0800542c                CAN1_RX1_IRQHandler
                0x0800542c                UART5_IRQHandler
                0x0800542c                TIM4_IRQHandler
                0x0800542c                DMA2_Channel1_IRQHandler
                0x0800542c                I2C1_EV_IRQHandler
                0x0800542c                DMA1_Channel6_IRQHandler
                0x0800542c                UART4_IRQHandler
                0x0800542c                DMA2_Channel4_IRQHandler
                0x0800542c                TIM3_IRQHandler
                0x0800542c                RCC_IRQHandler
                0x0800542c                TIM1_TRG_COM_IRQHandler
                0x0800542c                DMA1_Channel1_IRQHandler
                0x0800542c                Default_Handler
                0x0800542c                TIM7_IRQHandler
                0x0800542c                CAN2_TX_IRQHandler
                0x0800542c                TIM5_IRQHandler
                0x0800542c                EXTI9_5_IRQHandler
                0x0800542c                SPI2_IRQHandler
                0x0800542c                CAN1_TX_IRQHandler
                0x0800542c                DMA2_Channel5_IRQHandler
                0x0800542c                DMA1_Channel5_IRQHandler
                0x0800542c                EXTI4_IRQHandler
                0x0800542c                DMA1_Channel3_IRQHandler
                0x0800542c                TIM1_UP_IRQHandler
                0x0800542c                WWDG_IRQHandler
                0x0800542c                TIM2_IRQHandler
                0x0800542c                OTG_FS_WKUP_IRQHandler
                0x0800542c                TIM1_BRK_IRQHandler
                0x0800542c                EXTI1_IRQHandler
                0x0800542c                USART2_IRQHandler
                0x0800542c                I2C2_ER_IRQHandler
                0x0800542c                DMA1_Channel2_IRQHandler
                0x0800542c                CAN1_SCE_IRQHandler
                0x0800542c                FLASH_IRQHandler
                0x0800542c                OTG_FS_IRQHandler
                0x0800542c                SPI3_IRQHandler
                0x0800542c                I2C1_ER_IRQHandler
                0x0800542c                DMA2_Channel3_IRQHandler
 *fill*         0x0800542e        0x2 
 .text.__errno  0x08005430        0xc c:/program files (x86)/atollic/truestudio for stm32 9.3.0/armtools/bin/../lib/gcc/arm-atollic-eabi/6.3.1/../../../../arm-atollic-eabi/lib/armv7-m\libc_nano.a(lib_a-errno.o)
                0x08005430                __errno
 .text.memcpy   0x0800543c       0x16 c:/program files (x86)/atollic/truestudio for stm32 9.3.0/armtools/bin/../lib/gcc/arm-atollic-eabi/6.3.1/../../../../arm-atollic-eabi/lib/armv7-m\libc_nano.a(lib_a-memcpy-stub.o)
                0x0800543c                memcpy
 .text.memset   0x08005452       0x10 c:/program files (x86)/atollic/truestudio for stm32 9.3.0/armtools/bin/../lib/gcc/arm-atollic-eabi/6.3.1/../../../../arm-atollic-eabi/lib/armv7-m\libc_nano.a(lib_a-memset.o)
                0x08005452                memset
 *fill*         0x08005462        0x2 
 .text.sprintf  0x08005464       0x48 c:/program files (x86)/atollic/truestudio for stm32 9.3.0/armtools/bin/../lib/gcc/arm-atollic-eabi/6.3.1/../../../../arm-atollic-eabi/lib/armv7-m\libc_nano.a(lib_a-sprintf.o)
                0x08005464                siprintf
                0x08005464                sprintf
 .text.sscanf   0x080054ac       0x54 c:/program files (x86)/atollic/truestudio for stm32 9.3.0/armtools/bin/../lib/gcc/arm-atollic-eabi/6.3.1/../../../../arm-atollic-eabi/lib/armv7-m\libc_nano.a(lib_a-sscanf.o)
                0x080054ac                siscanf
                0x080054ac                sscanf
 .text.__seofread
                0x08005500        0x4 c:/program files (x86)/atollic/truestudio for stm32 9.3.0/armtools/bin/../lib/gcc/arm-atollic-eabi/6.3.1/../../../../arm-atollic-eabi/lib/armv7-m\libc_nano.a(lib_a-stdio.o)
                0x08005500                __seofread
 .text.strcpy   0x08005504       0x10 c:/program files (x86)/atollic/truestudio for stm32 9.3.0/armtools/bin/../lib/gcc/arm-atollic-eabi/6.3.1/../../../../arm-atollic-eabi/lib/armv7-m\libc_nano.a(lib_a-strcpy.o)
                0x08005504                strcpy
 .text.__ssputs_r
                0x08005514       0xb6 c:/program files (x86)/atollic/truestudio for stm32 9.3.0/armtools/bin/../lib/gcc/arm-atollic-eabi/6.3.1/../../../../arm-atollic-eabi/lib/armv7-m\libc_nano.a(lib_a-nano-svfprintf.o)
                0x08005514                __ssputs_r
 *fill*         0x080055ca        0x2 
 .text._svfprintf_r
                0x080055cc      0x1e8 c:/program files (x86)/atollic/truestudio for stm32 9.3.0/armtools/bin/../lib/gcc/arm-atollic-eabi/6.3.1/../../../../arm-atollic-eabi/lib/armv7-m\libc_nano.a(lib_a-nano-svfprintf.o)
                0x080055cc                _svfiprintf_r
                0x080055cc                _svfprintf_r
 .text._sungetc_r
                0x080057b4       0x7a c:/program files (x86)/atollic/truestudio for stm32 9.3.0/armtools/bin/../lib/gcc/arm-atollic-eabi/6.3.1/../../../../arm-atollic-eabi/lib/armv7-m\libc_nano.a(lib_a-nano-svfscanf.o)
                0x080057b4                _sungetc_r
 .text.__ssrefill_r
                0x0800582e       0x3a c:/program files (x86)/atollic/truestudio for stm32 9.3.0/armtools/bin/../lib/gcc/arm-atollic-eabi/6.3.1/../../../../arm-atollic-eabi/lib/armv7-m\libc_nano.a(lib_a-nano-svfscanf.o)
                0x0800582e                __ssrefill_r
 .text.__ssvfscanf_r
                0x08005868      0x2a8 c:/program files (x86)/atollic/truestudio for stm32 9.3.0/armtools/bin/../lib/gcc/arm-atollic-eabi/6.3.1/../../../../arm-atollic-eabi/lib/armv7-m\libc_nano.a(lib_a-nano-svfscanf.o)
                0x08005868                __ssvfiscanf_r
                0x08005868                __ssvfscanf_r
 .text._printf_common
                0x08005b10       0xee c:/program files (x86)/atollic/truestudio for stm32 9.3.0/armtools/bin/../lib/gcc/arm-atollic-eabi/6.3.1/../../../../arm-atollic-eabi/lib/armv7-m\libc_nano.a(lib_a-nano-vfprintf_i.o)
                0x08005b10                _printf_common
 *fill*         0x08005bfe        0x2 
 .text._printf_i
                0x08005c00      0x240 c:/program files (x86)/atollic/truestudio for stm32 9.3.0/armtools/bin/../lib/gcc/arm-atollic-eabi/6.3.1/../../../../arm-atollic-eabi/lib/armv7-m\libc_nano.a(lib_a-nano-vfprintf_i.o)
                0x08005c00                _printf_i
 .text._scanf_chars
                0x08005e40       0xc6 c:/program files (x86)/atollic/truestudio for stm32 9.3.0/armtools/bin/../lib/gcc/arm-atollic-eabi/6.3.1/../../../../arm-atollic-eabi/lib/armv7-m\libc_nano.a(lib_a-nano-vfscanf_i.o)
                0x08005e40                _scanf_chars
 *fill*         0x08005f06        0x2 
 .text._scanf_i
                0x08005f08      0x1ec c:/program files (x86)/atollic/truestudio for stm32 9.3.0/armtools/bin/../lib/gcc/arm-atollic-eabi/6.3.1/../../../../arm-atollic-eabi/lib/armv7-m\libc_nano.a(lib_a-nano-vfscanf_i.o)
                0x08005f08                _scanf_i
 .text.__sccl   0x080060f4       0x5e c:/program files (x86)/atollic/truestudio for stm32 9.3.0/armtools/bin/../lib/gcc/arm-atollic-eabi/6.3.1/../../../../arm-atollic-eabi/lib/armv7-m\libc_nano.a(lib_a-sccl.o)
                0x080060f4                __sccl
 .text._strtol_l.isra.0
                0x08006152      0x100 c:/program files (x86)/atollic/truestudio for stm32 9.3.0/armtools/bin/../lib/gcc/arm-atollic-eabi/6.3.1/../../../../arm-atollic-eabi/lib/armv7-m\libc_nano.a(lib_a-strtol.o)
 *fill*         0x08006252        0x2 
 .text._strtol_r
                0x08006254       0x24 c:/program files (x86)/atollic/truestudio for stm32 9.3.0/armtools/bin/../lib/gcc/arm-atollic-eabi/6.3.1/../../../../arm-atollic-eabi/lib/armv7-m\libc_nano.a(lib_a-strtol.o)
                0x08006254                _strtol_r
 .text._strtoul_l.isra.0
                0x08006278       0xfa c:/program files (x86)/atollic/truestudio for stm32 9.3.0/armtools/bin/../lib/gcc/arm-atollic-eabi/6.3.1/../../../../arm-atollic-eabi/lib/armv7-m\libc_nano.a(lib_a-strtoul.o)
 *fill*         0x08006372        0x2 
 .text._strtoul_r
                0x08006374       0x24 c:/program files (x86)/atollic/truestudio for stm32 9.3.0/armtools/bin/../lib/gcc/arm-atollic-eabi/6.3.1/../../../../arm-atollic-eabi/lib/armv7-m\libc_nano.a(lib_a-strtoul.o)
                0x08006374                _strtoul_r
 .text.__submore
                0x08006398       0x72 c:/program files (x86)/atollic/truestudio for stm32 9.3.0/armtools/bin/../lib/gcc/arm-atollic-eabi/6.3.1/../../../../arm-atollic-eabi/lib/armv7-m\libc_nano.a(lib_a-ungetc.o)
                0x08006398                __submore
 .text.__locale_ctype_ptr_l
                0x0800640a        0x6 c:/program files (x86)/atollic/truestudio for stm32 9.3.0/armtools/bin/../lib/gcc/arm-atollic-eabi/6.3.1/../../../../arm-atollic-eabi/lib/armv7-m\libc_nano.a(lib_a-locale.o)
                0x0800640a                __locale_ctype_ptr_l
 .text.__locale_ctype_ptr
                0x08006410       0x1c c:/program files (x86)/atollic/truestudio for stm32 9.3.0/armtools/bin/../lib/gcc/arm-atollic-eabi/6.3.1/../../../../arm-atollic-eabi/lib/armv7-m\libc_nano.a(lib_a-locale.o)
                0x08006410                __locale_ctype_ptr
 .text.__ascii_mbtowc
                0x0800642c       0x24 c:/program files (x86)/atollic/truestudio for stm32 9.3.0/armtools/bin/../lib/gcc/arm-atollic-eabi/6.3.1/../../../../arm-atollic-eabi/lib/armv7-m\libc_nano.a(lib_a-mbtowc_r.o)
                0x0800642c                __ascii_mbtowc
 .text.memchr   0x08006450       0x1c c:/program files (x86)/atollic/truestudio for stm32 9.3.0/armtools/bin/../lib/gcc/arm-atollic-eabi/6.3.1/../../../../arm-atollic-eabi/lib/armv7-m\libc_nano.a(lib_a-memchr-stub.o)
                0x08006450                memchr
 .text.memmove  0x0800646c       0x34 c:/program files (x86)/atollic/truestudio for stm32 9.3.0/armtools/bin/../lib/gcc/arm-atollic-eabi/6.3.1/../../../../arm-atollic-eabi/lib/armv7-m\libc_nano.a(lib_a-memmove.o)
                0x0800646c                memmove
 .text._free_r  0x080064a0       0x98 c:/program files (x86)/atollic/truestudio for stm32 9.3.0/armtools/bin/../lib/gcc/arm-atollic-eabi/6.3.1/../../../../arm-atollic-eabi/lib/armv7-m\libc_nano.a(lib_a-nano-freer.o)
                0x080064a0                _free_r
 .text._malloc_r
                0x08006538       0xbc c:/program files (x86)/atollic/truestudio for stm32 9.3.0/armtools/bin/../lib/gcc/arm-atollic-eabi/6.3.1/../../../../arm-atollic-eabi/lib/armv7-m\libc_nano.a(lib_a-nano-mallocr.o)
                0x08006538                _malloc_r
 .text._realloc_r
                0x080065f4       0x4c c:/program files (x86)/atollic/truestudio for stm32 9.3.0/armtools/bin/../lib/gcc/arm-atollic-eabi/6.3.1/../../../../arm-atollic-eabi/lib/armv7-m\libc_nano.a(lib_a-nano-reallocr.o)
                0x080065f4                _realloc_r
 .text._sbrk_r  0x08006640       0x20 c:/program files (x86)/atollic/truestudio for stm32 9.3.0/armtools/bin/../lib/gcc/arm-atollic-eabi/6.3.1/../../../../arm-atollic-eabi/lib/armv7-m\libc_nano.a(lib_a-sbrkr.o)
                0x08006640                _sbrk_r
 .text.__ascii_wctomb
                0x08006660       0x1a c:/program files (x86)/atollic/truestudio for stm32 9.3.0/armtools/bin/../lib/gcc/arm-atollic-eabi/6.3.1/../../../../arm-atollic-eabi/lib/armv7-m\libc_nano.a(lib_a-wctomb_r.o)
                0x08006660                __ascii_wctomb
 .text.__malloc_lock
                0x0800667a        0x2 c:/program files (x86)/atollic/truestudio for stm32 9.3.0/armtools/bin/../lib/gcc/arm-atollic-eabi/6.3.1/../../../../arm-atollic-eabi/lib/armv7-m\libc_nano.a(lib_a-mlock.o)
                0x0800667a                __malloc_lock
 .text.__malloc_unlock
                0x0800667c        0x2 c:/program files (x86)/atollic/truestudio for stm32 9.3.0/armtools/bin/../lib/gcc/arm-atollic-eabi/6.3.1/../../../../arm-atollic-eabi/lib/armv7-m\libc_nano.a(lib_a-mlock.o)
                0x0800667c                __malloc_unlock
 .text._malloc_usable_size_r
                0x0800667e       0x12 c:/program files (x86)/atollic/truestudio for stm32 9.3.0/armtools/bin/../lib/gcc/arm-atollic-eabi/6.3.1/../../../../arm-atollic-eabi/lib/armv7-m\libc_nano.a(lib_a-nano-msizer.o)
                0x0800667e                _malloc_usable_size_r
 *(.glue_7)
 .glue_7        0x08006690        0x0 linker stubs
 *(.glue_7t)
 .glue_7t       0x08006690        0x0 linker stubs
 *(.eh_frame)
 .eh_frame      0x08006690        0x0 c:/program files (x86)/atollic/truestudio for stm32 9.3.0/armtools/bin/../lib/gcc/arm-atollic-eabi/6.3.1/armv7-m/crtbegin.o
 *(.init)
 .init          0x08006690        0x4 c:/program files (x86)/atollic/truestudio for stm32 9.3.0/armtools/bin/../lib/gcc/arm-atollic-eabi/6.3.1/armv7-m/crti.o
                0x08006690                _init
 .init          0x08006694        0x8 c:/program files (x86)/atollic/truestudio for stm32 9.3.0/armtools/bin/../lib/gcc/arm-atollic-eabi/6.3.1/armv7-m/crtn.o
 *(.fini)
 .fini          0x0800669c        0x4 c:/program files (x86)/atollic/truestudio for stm32 9.3.0/armtools/bin/../lib/gcc/arm-atollic-eabi/6.3.1/armv7-m/crti.o
                0x0800669c                _fini
 .fini          0x080066a0        0x8 c:/program files (x86)/atollic/truestudio for stm32 9.3.0/armtools/bin/../lib/gcc/arm-atollic-eabi/6.3.1/armv7-m/crtn.o
                0x080066a8                . = ALIGN (0x4)
                0x080066a8                _etext = .

.vfp11_veneer   0x080066a8        0x0
 .vfp11_veneer  0x080066a8        0x0 linker stubs

.v4_bx          0x080066a8        0x0
 .v4_bx         0x080066a8        0x0 linker stubs

.iplt           0x080066a8        0x0
 .iplt          0x080066a8        0x0 c:/program files (x86)/atollic/truestudio for stm32 9.3.0/armtools/bin/../lib/gcc/arm-atollic-eabi/6.3.1/armv7-m/crtbegin.o

.rodata         0x080066a8      0x4fc
                0x080066a8                . = ALIGN (0x4)
 *(.rodata)
 .rodata        0x080066a8       0x1e Drivers\STM32F1xx_HAL_Driver\Src\stm32f1xx_hal_rcc.o
 *fill*         0x080066c6        0x2 
 .rodata        0x080066c8       0x28 Src\adcStorage.o
 .rodata        0x080066f0       0x10 Src\analyze.o
 .rodata        0x08006700        0xc c:/program files (x86)/atollic/truestudio for stm32 9.3.0/armtools/bin/../lib/gcc/arm-atollic-eabi/6.3.1/../../../../arm-atollic-eabi/lib/armv7-m\libc_nano.a(lib_a-nano-vfscanf_i.o)
 *(.rodata*)
 .rodata.vTaskStartScheduler.str1.1
                0x0800670c        0x5 Middlewares\Third_Party\FreeRTOS\Source\tasks.o
 .rodata.xStoreADCDataTask.str1.1
                0x08006711        0xa Src\adcStorage.o
 .rodata.xAnalyzeTask.str1.1
                0x0800671b       0xd0 Src\analyze.o
 .rodata.controller_init.str1.1
                0x080067eb       0xdb Src\controllerInit.o
 .rodata.init_rf433.str1.1
                0x080068c6       0x13 Src\controllerUtils.o
                                 0x1d (size before relaxing)
 .rodata.print_debug.str1.1
                0x080068d9        0x3 Src\controllerUtils.o
 .rodata.mRead_flash.str1.1
                0x080068dc       0x1b Src\flashFunctions.o
 .rodata.mWrite_flash.str1.1
                0x080068f7       0x30 Src\flashFunctions.o
 .rodata.xProcessCommandTask.str1.1
                0x08006927       0xa1 Src\processCommand.o
                                 0xab (size before relaxing)
 .rodata.xScanInputTask.str1.1
                0x080069c8        0x9 Src\scanInput.o
 .rodata.AHBPrescTable
                0x080069d1       0x10 Src\system_stm32f1xx.o
                0x080069d1                AHBPrescTable
 .rodata.APBPrescTable
                0x080069e1        0x8 Src\system_stm32f1xx.o
                0x080069e1                APBPrescTable
 .rodata._svfprintf_r.str1.1
                0x080069e9       0x11 c:/program files (x86)/atollic/truestudio for stm32 9.3.0/armtools/bin/../lib/gcc/arm-atollic-eabi/6.3.1/../../../../arm-atollic-eabi/lib/armv7-m\libc_nano.a(lib_a-nano-svfprintf.o)
 .rodata.__ssvfscanf_r.str1.1
                0x080069fa        0x4 c:/program files (x86)/atollic/truestudio for stm32 9.3.0/armtools/bin/../lib/gcc/arm-atollic-eabi/6.3.1/../../../../arm-atollic-eabi/lib/armv7-m\libc_nano.a(lib_a-nano-svfscanf.o)
 .rodata._printf_i.str1.1
                0x080069fa       0x22 c:/program files (x86)/atollic/truestudio for stm32 9.3.0/armtools/bin/../lib/gcc/arm-atollic-eabi/6.3.1/../../../../arm-atollic-eabi/lib/armv7-m\libc_nano.a(lib_a-nano-vfprintf_i.o)
 .rodata._scanf_i.str1.1
                0x08006a1c       0x12 c:/program files (x86)/atollic/truestudio for stm32 9.3.0/armtools/bin/../lib/gcc/arm-atollic-eabi/6.3.1/../../../../arm-atollic-eabi/lib/armv7-m\libc_nano.a(lib_a-nano-vfscanf_i.o)
 .rodata.str1.1
                0x08006a2e        0x9 c:/program files (x86)/atollic/truestudio for stm32 9.3.0/armtools/bin/../lib/gcc/arm-atollic-eabi/6.3.1/../../../../arm-atollic-eabi/lib/armv7-m\libc_nano.a(lib_a-nano-vfscanf_i.o)
 *fill*         0x08006a37        0x1 
 .rodata.__sf_fake_stderr
                0x08006a38       0x20 c:/program files (x86)/atollic/truestudio for stm32 9.3.0/armtools/bin/../lib/gcc/arm-atollic-eabi/6.3.1/../../../../arm-atollic-eabi/lib/armv7-m\libc_nano.a(lib_a-findfp.o)
                0x08006a38                __sf_fake_stderr
 .rodata.__sf_fake_stdin
                0x08006a58       0x20 c:/program files (x86)/atollic/truestudio for stm32 9.3.0/armtools/bin/../lib/gcc/arm-atollic-eabi/6.3.1/../../../../arm-atollic-eabi/lib/armv7-m\libc_nano.a(lib_a-findfp.o)
                0x08006a58                __sf_fake_stdin
 .rodata.__sf_fake_stdout
                0x08006a78       0x20 c:/program files (x86)/atollic/truestudio for stm32 9.3.0/armtools/bin/../lib/gcc/arm-atollic-eabi/6.3.1/../../../../arm-atollic-eabi/lib/armv7-m\libc_nano.a(lib_a-findfp.o)
                0x08006a78                __sf_fake_stdout
 .rodata._setlocale_r.str1.1
                0x08006a98        0x8 c:/program files (x86)/atollic/truestudio for stm32 9.3.0/armtools/bin/../lib/gcc/arm-atollic-eabi/6.3.1/../../../../arm-atollic-eabi/lib/armv7-m\libc_nano.a(lib_a-locale.o)
                                  0x9 (size before relaxing)
 .rodata.str1.1
                0x08006aa0        0x2 c:/program files (x86)/atollic/truestudio for stm32 9.3.0/armtools/bin/../lib/gcc/arm-atollic-eabi/6.3.1/../../../../arm-atollic-eabi/lib/armv7-m\libc_nano.a(lib_a-locale.o)
 .rodata._ctype_
                0x08006aa2      0x101 c:/program files (x86)/atollic/truestudio for stm32 9.3.0/armtools/bin/../lib/gcc/arm-atollic-eabi/6.3.1/../../../../arm-atollic-eabi/lib/armv7-m\libc_nano.a(lib_a-ctype_.o)
                0x08006aa2                _ctype_
                0x08006ba4                . = ALIGN (0x4)
 *fill*         0x08006ba3        0x1 

.ARM.extab
 *(.ARM.extab* .gnu.linkonce.armextab.*)

.ARM            0x08006ba4        0x8
                0x08006ba4                __exidx_start = .
 *(.ARM.exidx*)
 .ARM.exidx     0x08006ba4        0x8 c:/program files (x86)/atollic/truestudio for stm32 9.3.0/armtools/bin/../lib/gcc/arm-atollic-eabi/6.3.1/armv7-m\libgcc.a(_udivmoddi4.o)
                0x08006bac                __exidx_end = .

.rel.dyn        0x08006bac        0x0
 .rel.iplt      0x08006bac        0x0 c:/program files (x86)/atollic/truestudio for stm32 9.3.0/armtools/bin/../lib/gcc/arm-atollic-eabi/6.3.1/armv7-m/crtbegin.o

.preinit_array  0x08006bac        0x0
                [!provide]                PROVIDE (__preinit_array_start, .)
 *(.preinit_array*)
                [!provide]                PROVIDE (__preinit_array_end, .)

.init_array     0x08006bac        0x4
                [!provide]                PROVIDE (__init_array_start, .)
 *(SORT(.init_array.*))
 *(.init_array*)
 .init_array    0x08006bac        0x4 c:/program files (x86)/atollic/truestudio for stm32 9.3.0/armtools/bin/../lib/gcc/arm-atollic-eabi/6.3.1/armv7-m/crtbegin.o
                [!provide]                PROVIDE (__init_array_end, .)

.fini_array     0x08006bb0        0x4
                [!provide]                PROVIDE (__fini_array_start, .)
 *(SORT(.fini_array.*))
 *(.fini_array*)
 .fini_array    0x08006bb0        0x4 c:/program files (x86)/atollic/truestudio for stm32 9.3.0/armtools/bin/../lib/gcc/arm-atollic-eabi/6.3.1/armv7-m/crtbegin.o
                [!provide]                PROVIDE (__fini_array_end, .)
                0x08006bb4                _sidata = LOADADDR (.data)

.data           0x20000000      0x220 load address 0x08006bb4
                0x20000000                . = ALIGN (0x4)
                0x20000000                _sdata = .
 *(.data)
 *(.data*)
 .data.uwTickFreq
                0x20000000        0x1 Drivers\STM32F1xx_HAL_Driver\Src\stm32f1xx_hal.o
                0x20000000                uwTickFreq
 *fill*         0x20000001        0x3 
 .data.uwTickPrio
                0x20000004        0x4 Drivers\STM32F1xx_HAL_Driver\Src\stm32f1xx_hal.o
                0x20000004                uwTickPrio
 .data.uxCriticalNesting
                0x20000008        0x4 Middlewares\Third_Party\FreeRTOS\Source\portable\GCC\ARM_CM3\port.o
 .data.DOWN_PIN
                0x2000000c       0x10 Src\main.o
                0x2000000c                DOWN_PIN
 .data.DOWN_PORT
                0x2000001c       0x10 Src\main.o
                0x2000001c                DOWN_PORT
 .data.UP_PIN   0x2000002c       0x10 Src\main.o
                0x2000002c                UP_PIN
 .data.UP_PORT  0x2000003c       0x10 Src\main.o
                0x2000003c                UP_PORT
 .data.SystemCoreClock
                0x2000004c        0x4 Src\system_stm32f1xx.o
                0x2000004c                SystemCoreClock
 .data._impure_ptr
                0x20000050        0x4 c:/program files (x86)/atollic/truestudio for stm32 9.3.0/armtools/bin/../lib/gcc/arm-atollic-eabi/6.3.1/../../../../arm-atollic-eabi/lib/armv7-m\libc_nano.a(lib_a-impure.o)
                0x20000050                _impure_ptr
 .data.impure_data
                0x20000054       0x60 c:/program files (x86)/atollic/truestudio for stm32 9.3.0/armtools/bin/../lib/gcc/arm-atollic-eabi/6.3.1/../../../../arm-atollic-eabi/lib/armv7-m\libc_nano.a(lib_a-impure.o)
 .data.__global_locale
                0x200000b4      0x16c c:/program files (x86)/atollic/truestudio for stm32 9.3.0/armtools/bin/../lib/gcc/arm-atollic-eabi/6.3.1/../../../../arm-atollic-eabi/lib/armv7-m\libc_nano.a(lib_a-locale.o)
                0x200000b4                __global_locale
                0x20000220                . = ALIGN (0x4)
                0x20000220                _edata = .

.igot.plt       0x20000220        0x0 load address 0x08006dd4
 .igot.plt      0x20000220        0x0 c:/program files (x86)/atollic/truestudio for stm32 9.3.0/armtools/bin/../lib/gcc/arm-atollic-eabi/6.3.1/armv7-m/crtbegin.o
                0x20000220                . = ALIGN (0x4)

.bss            0x20000220     0x521c load address 0x08006dd4
                0x20000220                _sbss = .
                0x20000220                __bss_start__ = _sbss
 *(.bss)
 .bss           0x20000220       0x1c c:/program files (x86)/atollic/truestudio for stm32 9.3.0/armtools/bin/../lib/gcc/arm-atollic-eabi/6.3.1/armv7-m/crtbegin.o
 *(.bss*)
 .bss.ucMaxSysCallPriority
                0x2000023c        0x1 Middlewares\Third_Party\FreeRTOS\Source\portable\GCC\ARM_CM3\port.o
 *fill*         0x2000023d        0x3 
 .bss.ulMaxPRIGROUPValue
                0x20000240        0x4 Middlewares\Third_Party\FreeRTOS\Source\portable\GCC\ARM_CM3\port.o
 .bss.pxEnd     0x20000244        0x4 Middlewares\Third_Party\FreeRTOS\Source\portable\MemMang\heap_4.o
 .bss.ucHeap    0x20000248     0x4e20 Middlewares\Third_Party\FreeRTOS\Source\portable\MemMang\heap_4.o
 .bss.xBlockAllocatedBit
                0x20005068        0x4 Middlewares\Third_Party\FreeRTOS\Source\portable\MemMang\heap_4.o
 .bss.xFreeBytesRemaining
                0x2000506c        0x4 Middlewares\Third_Party\FreeRTOS\Source\portable\MemMang\heap_4.o
 .bss.xMinimumEverFreeBytesRemaining
                0x20005070        0x4 Middlewares\Third_Party\FreeRTOS\Source\portable\MemMang\heap_4.o
 .bss.xStart    0x20005074        0x8 Middlewares\Third_Party\FreeRTOS\Source\portable\MemMang\heap_4.o
 .bss.pxCurrentTCB
                0x2000507c        0x4 Middlewares\Third_Party\FreeRTOS\Source\tasks.o
                0x2000507c                pxCurrentTCB
 .bss.pxDelayedTaskList
                0x20005080        0x4 Middlewares\Third_Party\FreeRTOS\Source\tasks.o
 .bss.pxOverflowDelayedTaskList
                0x20005084        0x4 Middlewares\Third_Party\FreeRTOS\Source\tasks.o
 .bss.pxReadyTasksLists
                0x20005088       0x8c Middlewares\Third_Party\FreeRTOS\Source\tasks.o
 .bss.uxCurrentNumberOfTasks
                0x20005114        0x4 Middlewares\Third_Party\FreeRTOS\Source\tasks.o
 .bss.uxDeletedTasksWaitingCleanUp
                0x20005118        0x4 Middlewares\Third_Party\FreeRTOS\Source\tasks.o
 .bss.uxPendedTicks
                0x2000511c        0x4 Middlewares\Third_Party\FreeRTOS\Source\tasks.o
 .bss.uxSchedulerSuspended
                0x20005120        0x4 Middlewares\Third_Party\FreeRTOS\Source\tasks.o
 .bss.uxTaskNumber
                0x20005124        0x4 Middlewares\Third_Party\FreeRTOS\Source\tasks.o
 .bss.uxTopReadyPriority
                0x20005128        0x4 Middlewares\Third_Party\FreeRTOS\Source\tasks.o
 .bss.xDelayedTaskList1
                0x2000512c       0x14 Middlewares\Third_Party\FreeRTOS\Source\tasks.o
 .bss.xDelayedTaskList2
                0x20005140       0x14 Middlewares\Third_Party\FreeRTOS\Source\tasks.o
 .bss.xIdleTaskHandle
                0x20005154        0x4 Middlewares\Third_Party\FreeRTOS\Source\tasks.o
 .bss.xNextTaskUnblockTime
                0x20005158        0x4 Middlewares\Third_Party\FreeRTOS\Source\tasks.o
 .bss.xNumOfOverflows
                0x2000515c        0x4 Middlewares\Third_Party\FreeRTOS\Source\tasks.o
 .bss.xPendingReadyList
                0x20005160       0x14 Middlewares\Third_Party\FreeRTOS\Source\tasks.o
 .bss.xSchedulerRunning
                0x20005174        0x4 Middlewares\Third_Party\FreeRTOS\Source\tasks.o
 .bss.xSuspendedTaskList
                0x20005178       0x14 Middlewares\Third_Party\FreeRTOS\Source\tasks.o
 .bss.xTasksWaitingTermination
                0x2000518c       0x14 Middlewares\Third_Party\FreeRTOS\Source\tasks.o
 .bss.xTickCount
                0x200051a0        0x4 Middlewares\Third_Party\FreeRTOS\Source\tasks.o
 .bss.xYieldPending
                0x200051a4        0x4 Middlewares\Third_Party\FreeRTOS\Source\tasks.o
 .bss.debugMessage
                0x200051a8       0x10 Src\controllerUtils.o
                0x200051a8                debugMessage
 .bss.debugMessageLength
                0x200051b8        0x1 Src\controllerUtils.o
                0x200051b8                debugMessageLength
 .bss.message   0x200051b9       0x80 Src\main.o
                0x200051b9                message
 .bss.messageLength
                0x20005239        0x1 Src\main.o
                0x20005239                messageLength
 .bss.p_recCommandBuffer
                0x2000523a        0x1 Src\main.o
                0x2000523a                p_recCommandBuffer
 *fill*         0x2000523b        0x1 
 .bss.controllerData
                0x2000523c       0x24 Src\structures.o
                0x2000523c                controllerData
 .bss.controllerState
                0x20005260       0x20 Src\structures.o
                0x20005260                controllerState
 .bss.heap_end.5887
                0x20005280        0x4 Src\syscalls.o
 .bss.__malloc_free_list
                0x20005284        0x4 c:/program files (x86)/atollic/truestudio for stm32 9.3.0/armtools/bin/../lib/gcc/arm-atollic-eabi/6.3.1/../../../../arm-atollic-eabi/lib/armv7-m\libc_nano.a(lib_a-nano-mallocr.o)
                0x20005284                __malloc_free_list
 .bss.__malloc_sbrk_start
                0x20005288        0x4 c:/program files (x86)/atollic/truestudio for stm32 9.3.0/armtools/bin/../lib/gcc/arm-atollic-eabi/6.3.1/../../../../arm-atollic-eabi/lib/armv7-m\libc_nano.a(lib_a-nano-mallocr.o)
                0x20005288                __malloc_sbrk_start
 *(COMMON)
 COMMON         0x2000528c        0x4 Drivers\STM32F1xx_HAL_Driver\Src\stm32f1xx_hal.o
                0x2000528c                uwTick
 COMMON         0x20005290       0x20 Drivers\STM32F1xx_HAL_Driver\Src\stm32f1xx_hal_flash.o
                0x20005290                pFlash
 COMMON         0x200052b0      0x185 Src\main.o
                0x200052b0                recCommandBuffer
                0x200052f0                commandToProcessBuffer
                0x20005330                defaultTaskHandle
                0x20005334                ADCRawData
                0x2000533c                hadc2
                0x2000536c                xPressureCompensationSemaphore
                0x20005370                hdma_usart1_tx
                0x200053b4                hadc1
                0x200053e4                huart1
                0x20005424                p_commandToProcessBuffer
                0x20005426                sensorValue
                0x20005430                xRecCommandQueue
                0x20005434                recCommandByte
 *fill*         0x20005435        0x3 
 COMMON         0x20005438        0x4 c:/program files (x86)/atollic/truestudio for stm32 9.3.0/armtools/bin/../lib/gcc/arm-atollic-eabi/6.3.1/../../../../arm-atollic-eabi/lib/armv7-m\libc_nano.a(lib_a-reent.o)
                0x20005438                errno
                0x2000543c                . = ALIGN (0x4)
                0x2000543c                _ebss = .
                0x2000543c                __bss_end__ = _ebss

._user_heap_stack
                0x2000543c      0x600 load address 0x08006dd4
                0x2000543c                . = ALIGN (0x4)
                0x2000543c                PROVIDE (end, .)
                [!provide]                PROVIDE (_end, .)
                0x2000563c                . = (. + _Min_Heap_Size)
 *fill*         0x2000543c      0x200 
                0x20005a3c                . = (. + _Min_Stack_Size)
 *fill*         0x2000563c      0x400 
                0x20005a3c                . = ALIGN (0x4)

/DISCARD/
 libc.a(*)
 libm.a(*)
 libgcc.a(*)

.ARM.attributes
                0x00000000       0x29
 *(.ARM.attributes)
 .ARM.attributes
                0x00000000       0x1d c:/program files (x86)/atollic/truestudio for stm32 9.3.0/armtools/bin/../lib/gcc/arm-atollic-eabi/6.3.1/armv7-m/crti.o
 .ARM.attributes
                0x0000001d       0x2d c:/program files (x86)/atollic/truestudio for stm32 9.3.0/armtools/bin/../lib/gcc/arm-atollic-eabi/6.3.1/armv7-m/crtbegin.o
 .ARM.attributes
                0x0000004a       0x33 Drivers\STM32F1xx_HAL_Driver\Src\stm32f1xx_hal.o
 .ARM.attributes
                0x0000007d       0x33 Drivers\STM32F1xx_HAL_Driver\Src\stm32f1xx_hal_adc.o
 .ARM.attributes
                0x000000b0       0x33 Drivers\STM32F1xx_HAL_Driver\Src\stm32f1xx_hal_adc_ex.o
 .ARM.attributes
                0x000000e3       0x33 Drivers\STM32F1xx_HAL_Driver\Src\stm32f1xx_hal_cortex.o
 .ARM.attributes
                0x00000116       0x33 Drivers\STM32F1xx_HAL_Driver\Src\stm32f1xx_hal_dma.o
 .ARM.attributes
                0x00000149       0x33 Drivers\STM32F1xx_HAL_Driver\Src\stm32f1xx_hal_flash.o
 .ARM.attributes
                0x0000017c       0x33 Drivers\STM32F1xx_HAL_Driver\Src\stm32f1xx_hal_flash_ex.o
 .ARM.attributes
                0x000001af       0x33 Drivers\STM32F1xx_HAL_Driver\Src\stm32f1xx_hal_gpio.o
 .ARM.attributes
                0x000001e2       0x33 Drivers\STM32F1xx_HAL_Driver\Src\stm32f1xx_hal_rcc.o
 .ARM.attributes
                0x00000215       0x33 Drivers\STM32F1xx_HAL_Driver\Src\stm32f1xx_hal_rcc_ex.o
 .ARM.attributes
                0x00000248       0x33 Drivers\STM32F1xx_HAL_Driver\Src\stm32f1xx_hal_uart.o
 .ARM.attributes
                0x0000027b       0x33 Middlewares\Third_Party\FreeRTOS\Source\CMSIS_RTOS\cmsis_os.o
 .ARM.attributes
                0x000002ae       0x33 Middlewares\Third_Party\FreeRTOS\Source\list.o
 .ARM.attributes
                0x000002e1       0x33 Middlewares\Third_Party\FreeRTOS\Source\portable\GCC\ARM_CM3\port.o
 .ARM.attributes
                0x00000314       0x33 Middlewares\Third_Party\FreeRTOS\Source\portable\MemMang\heap_4.o
 .ARM.attributes
                0x00000347       0x33 Middlewares\Third_Party\FreeRTOS\Source\queue.o
 .ARM.attributes
                0x0000037a       0x33 Middlewares\Third_Party\FreeRTOS\Source\tasks.o
 .ARM.attributes
                0x000003ad       0x33 Src\adcStorage.o
 .ARM.attributes
                0x000003e0       0x33 Src\analyze.o
 .ARM.attributes
                0x00000413       0x33 Src\controllerInit.o
 .ARM.attributes
                0x00000446       0x33 Src\controllerUtils.o
 .ARM.attributes
                0x00000479       0x33 Src\flashFunctions.o
 .ARM.attributes
                0x000004ac       0x33 Src\main.o
 .ARM.attributes
                0x000004df       0x33 Src\processCommand.o
 .ARM.attributes
                0x00000512       0x33 Src\scanInput.o
 .ARM.attributes
                0x00000545       0x33 Src\stm32f1xx_hal_msp.o
 .ARM.attributes
                0x00000578       0x33 Src\stm32f1xx_it.o
 .ARM.attributes
                0x000005ab       0x33 Src\structures.o
 .ARM.attributes
                0x000005de       0x33 Src\syscalls.o
 .ARM.attributes
                0x00000611       0x33 Src\system_stm32f1xx.o
 .ARM.attributes
                0x00000644       0x21 startup\startup_stm32f105xc.o
 .ARM.attributes
                0x00000665       0x2d c:/program files (x86)/atollic/truestudio for stm32 9.3.0/armtools/bin/../lib/gcc/arm-atollic-eabi/6.3.1/../../../../arm-atollic-eabi/lib/armv7-m\libc_nano.a(lib_a-errno.o)
 .ARM.attributes
                0x00000692       0x2d c:/program files (x86)/atollic/truestudio for stm32 9.3.0/armtools/bin/../lib/gcc/arm-atollic-eabi/6.3.1/../../../../arm-atollic-eabi/lib/armv7-m\libc_nano.a(lib_a-impure.o)
 .ARM.attributes
                0x000006bf       0x2d c:/program files (x86)/atollic/truestudio for stm32 9.3.0/armtools/bin/../lib/gcc/arm-atollic-eabi/6.3.1/../../../../arm-atollic-eabi/lib/armv7-m\libc_nano.a(lib_a-memcpy-stub.o)
 .ARM.attributes
                0x000006ec       0x2d c:/program files (x86)/atollic/truestudio for stm32 9.3.0/armtools/bin/../lib/gcc/arm-atollic-eabi/6.3.1/../../../../arm-atollic-eabi/lib/armv7-m\libc_nano.a(lib_a-memset.o)
 .ARM.attributes
                0x00000719       0x2d c:/program files (x86)/atollic/truestudio for stm32 9.3.0/armtools/bin/../lib/gcc/arm-atollic-eabi/6.3.1/../../../../arm-atollic-eabi/lib/armv7-m\libc_nano.a(lib_a-sprintf.o)
 .ARM.attributes
                0x00000746       0x2d c:/program files (x86)/atollic/truestudio for stm32 9.3.0/armtools/bin/../lib/gcc/arm-atollic-eabi/6.3.1/../../../../arm-atollic-eabi/lib/armv7-m\libc_nano.a(lib_a-sscanf.o)
 .ARM.attributes
                0x00000773       0x2d c:/program files (x86)/atollic/truestudio for stm32 9.3.0/armtools/bin/../lib/gcc/arm-atollic-eabi/6.3.1/../../../../arm-atollic-eabi/lib/armv7-m\libc_nano.a(lib_a-stdio.o)
 .ARM.attributes
                0x000007a0       0x2d c:/program files (x86)/atollic/truestudio for stm32 9.3.0/armtools/bin/../lib/gcc/arm-atollic-eabi/6.3.1/../../../../arm-atollic-eabi/lib/armv7-m\libc_nano.a(lib_a-strcpy.o)
 .ARM.attributes
                0x000007cd       0x17 c:/program files (x86)/atollic/truestudio for stm32 9.3.0/armtools/bin/../lib/gcc/arm-atollic-eabi/6.3.1/../../../../arm-atollic-eabi/lib/armv7-m\libc_nano.a(lib_a-strlen.o)
 .ARM.attributes
                0x000007e4       0x2d c:/program files (x86)/atollic/truestudio for stm32 9.3.0/armtools/bin/../lib/gcc/arm-atollic-eabi/6.3.1/../../../../arm-atollic-eabi/lib/armv7-m\libc_nano.a(lib_a-nano-svfprintf.o)
 .ARM.attributes
                0x00000811       0x2d c:/program files (x86)/atollic/truestudio for stm32 9.3.0/armtools/bin/../lib/gcc/arm-atollic-eabi/6.3.1/../../../../arm-atollic-eabi/lib/armv7-m\libc_nano.a(lib_a-nano-svfscanf.o)
 .ARM.attributes
                0x0000083e       0x2d c:/program files (x86)/atollic/truestudio for stm32 9.3.0/armtools/bin/../lib/gcc/arm-atollic-eabi/6.3.1/../../../../arm-atollic-eabi/lib/armv7-m\libc_nano.a(lib_a-nano-vfprintf_i.o)
 .ARM.attributes
                0x0000086b       0x2d c:/program files (x86)/atollic/truestudio for stm32 9.3.0/armtools/bin/../lib/gcc/arm-atollic-eabi/6.3.1/../../../../arm-atollic-eabi/lib/armv7-m\libc_nano.a(lib_a-nano-vfscanf_i.o)
 .ARM.attributes
                0x00000898       0x2d c:/program files (x86)/atollic/truestudio for stm32 9.3.0/armtools/bin/../lib/gcc/arm-atollic-eabi/6.3.1/../../../../arm-atollic-eabi/lib/armv7-m\libc_nano.a(lib_a-reent.o)
 .ARM.attributes
                0x000008c5       0x2d c:/program files (x86)/atollic/truestudio for stm32 9.3.0/armtools/bin/../lib/gcc/arm-atollic-eabi/6.3.1/../../../../arm-atollic-eabi/lib/armv7-m\libc_nano.a(lib_a-sccl.o)
 .ARM.attributes
                0x000008f2       0x2d c:/program files (x86)/atollic/truestudio for stm32 9.3.0/armtools/bin/../lib/gcc/arm-atollic-eabi/6.3.1/../../../../arm-atollic-eabi/lib/armv7-m\libc_nano.a(lib_a-strtol.o)
 .ARM.attributes
                0x0000091f       0x2d c:/program files (x86)/atollic/truestudio for stm32 9.3.0/armtools/bin/../lib/gcc/arm-atollic-eabi/6.3.1/../../../../arm-atollic-eabi/lib/armv7-m\libc_nano.a(lib_a-strtoul.o)
 .ARM.attributes
                0x0000094c       0x2d c:/program files (x86)/atollic/truestudio for stm32 9.3.0/armtools/bin/../lib/gcc/arm-atollic-eabi/6.3.1/../../../../arm-atollic-eabi/lib/armv7-m\libc_nano.a(lib_a-ungetc.o)
 .ARM.attributes
                0x00000979       0x2d c:/program files (x86)/atollic/truestudio for stm32 9.3.0/armtools/bin/../lib/gcc/arm-atollic-eabi/6.3.1/../../../../arm-atollic-eabi/lib/armv7-m\libc_nano.a(lib_a-findfp.o)
 .ARM.attributes
                0x000009a6       0x2d c:/program files (x86)/atollic/truestudio for stm32 9.3.0/armtools/bin/../lib/gcc/arm-atollic-eabi/6.3.1/../../../../arm-atollic-eabi/lib/armv7-m\libc_nano.a(lib_a-locale.o)
 .ARM.attributes
                0x000009d3       0x2d c:/program files (x86)/atollic/truestudio for stm32 9.3.0/armtools/bin/../lib/gcc/arm-atollic-eabi/6.3.1/../../../../arm-atollic-eabi/lib/armv7-m\libc_nano.a(lib_a-mbtowc_r.o)
 .ARM.attributes
                0x00000a00       0x2d c:/program files (x86)/atollic/truestudio for stm32 9.3.0/armtools/bin/../lib/gcc/arm-atollic-eabi/6.3.1/../../../../arm-atollic-eabi/lib/armv7-m\libc_nano.a(lib_a-memchr-stub.o)
 .ARM.attributes
                0x00000a2d       0x2d c:/program files (x86)/atollic/truestudio for stm32 9.3.0/armtools/bin/../lib/gcc/arm-atollic-eabi/6.3.1/../../../../arm-atollic-eabi/lib/armv7-m\libc_nano.a(lib_a-memmove.o)
 .ARM.attributes
                0x00000a5a       0x2d c:/program files (x86)/atollic/truestudio for stm32 9.3.0/armtools/bin/../lib/gcc/arm-atollic-eabi/6.3.1/../../../../arm-atollic-eabi/lib/armv7-m\libc_nano.a(lib_a-nano-freer.o)
 .ARM.attributes
                0x00000a87       0x2d c:/program files (x86)/atollic/truestudio for stm32 9.3.0/armtools/bin/../lib/gcc/arm-atollic-eabi/6.3.1/../../../../arm-atollic-eabi/lib/armv7-m\libc_nano.a(lib_a-nano-mallocr.o)
 .ARM.attributes
                0x00000ab4       0x2d c:/program files (x86)/atollic/truestudio for stm32 9.3.0/armtools/bin/../lib/gcc/arm-atollic-eabi/6.3.1/../../../../arm-atollic-eabi/lib/armv7-m\libc_nano.a(lib_a-nano-reallocr.o)
 .ARM.attributes
                0x00000ae1       0x2d c:/program files (x86)/atollic/truestudio for stm32 9.3.0/armtools/bin/../lib/gcc/arm-atollic-eabi/6.3.1/../../../../arm-atollic-eabi/lib/armv7-m\libc_nano.a(lib_a-sbrkr.o)
 .ARM.attributes
                0x00000b0e       0x2d c:/program files (x86)/atollic/truestudio for stm32 9.3.0/armtools/bin/../lib/gcc/arm-atollic-eabi/6.3.1/../../../../arm-atollic-eabi/lib/armv7-m\libc_nano.a(lib_a-wctomb_r.o)
 .ARM.attributes
                0x00000b3b       0x2d c:/program files (x86)/atollic/truestudio for stm32 9.3.0/armtools/bin/../lib/gcc/arm-atollic-eabi/6.3.1/../../../../arm-atollic-eabi/lib/armv7-m\libc_nano.a(lib_a-ctype_.o)
 .ARM.attributes
                0x00000b68       0x2d c:/program files (x86)/atollic/truestudio for stm32 9.3.0/armtools/bin/../lib/gcc/arm-atollic-eabi/6.3.1/../../../../arm-atollic-eabi/lib/armv7-m\libc_nano.a(lib_a-mlock.o)
 .ARM.attributes
                0x00000b95       0x2d c:/program files (x86)/atollic/truestudio for stm32 9.3.0/armtools/bin/../lib/gcc/arm-atollic-eabi/6.3.1/../../../../arm-atollic-eabi/lib/armv7-m\libc_nano.a(lib_a-nano-msizer.o)
 .ARM.attributes
                0x00000bc2       0x1d c:/program files (x86)/atollic/truestudio for stm32 9.3.0/armtools/bin/../lib/gcc/arm-atollic-eabi/6.3.1/armv7-m\libgcc.a(_lshrdi3.o)
 .ARM.attributes
                0x00000bdf       0x1d c:/program files (x86)/atollic/truestudio for stm32 9.3.0/armtools/bin/../lib/gcc/arm-atollic-eabi/6.3.1/armv7-m\libgcc.a(_arm_addsubsf3.o)
 .ARM.attributes
                0x00000bfc       0x1d c:/program files (x86)/atollic/truestudio for stm32 9.3.0/armtools/bin/../lib/gcc/arm-atollic-eabi/6.3.1/armv7-m\libgcc.a(_arm_muldivsf3.o)
 .ARM.attributes
                0x00000c19       0x1d c:/program files (x86)/atollic/truestudio for stm32 9.3.0/armtools/bin/../lib/gcc/arm-atollic-eabi/6.3.1/armv7-m\libgcc.a(_arm_cmpsf2.o)
 .ARM.attributes
                0x00000c36       0x1d c:/program files (x86)/atollic/truestudio for stm32 9.3.0/armtools/bin/../lib/gcc/arm-atollic-eabi/6.3.1/armv7-m\libgcc.a(_arm_fixsfsi.o)
 .ARM.attributes
                0x00000c53       0x1d c:/program files (x86)/atollic/truestudio for stm32 9.3.0/armtools/bin/../lib/gcc/arm-atollic-eabi/6.3.1/armv7-m\libgcc.a(_aeabi_uldivmod.o)
 .ARM.attributes
                0x00000c70       0x2d c:/program files (x86)/atollic/truestudio for stm32 9.3.0/armtools/bin/../lib/gcc/arm-atollic-eabi/6.3.1/armv7-m\libgcc.a(_udivmoddi4.o)
 .ARM.attributes
                0x00000c9d       0x1d c:/program files (x86)/atollic/truestudio for stm32 9.3.0/armtools/bin/../lib/gcc/arm-atollic-eabi/6.3.1/armv7-m\libgcc.a(_dvmd_tls.o)
 .ARM.attributes
                0x00000cba       0x1d c:/program files (x86)/atollic/truestudio for stm32 9.3.0/armtools/bin/../lib/gcc/arm-atollic-eabi/6.3.1/armv7-m/crtn.o
OUTPUT(a_pressure_controller_v01.elf elf32-littlearm)

.debug_info     0x00000000    0x25cb8
 .debug_info    0x00000000     0x1042 Drivers\STM32F1xx_HAL_Driver\Src\stm32f1xx_hal.o
 .debug_info    0x00001042     0x16a1 Drivers\STM32F1xx_HAL_Driver\Src\stm32f1xx_hal_adc.o
 .debug_info    0x000026e3     0x138b Drivers\STM32F1xx_HAL_Driver\Src\stm32f1xx_hal_adc_ex.o
 .debug_info    0x00003a6e     0x1509 Drivers\STM32F1xx_HAL_Driver\Src\stm32f1xx_hal_cortex.o
 .debug_info    0x00004f77     0x1047 Drivers\STM32F1xx_HAL_Driver\Src\stm32f1xx_hal_dma.o
 .debug_info    0x00005fbe      0xeeb Drivers\STM32F1xx_HAL_Driver\Src\stm32f1xx_hal_flash.o
 .debug_info    0x00006ea9     0x13ac Drivers\STM32F1xx_HAL_Driver\Src\stm32f1xx_hal_flash_ex.o
 .debug_info    0x00008255      0xedc Drivers\STM32F1xx_HAL_Driver\Src\stm32f1xx_hal_gpio.o
 .debug_info    0x00009131     0x1342 Drivers\STM32F1xx_HAL_Driver\Src\stm32f1xx_hal_rcc.o
 .debug_info    0x0000a473      0xef4 Drivers\STM32F1xx_HAL_Driver\Src\stm32f1xx_hal_rcc_ex.o
 .debug_info    0x0000b367     0x1e46 Drivers\STM32F1xx_HAL_Driver\Src\stm32f1xx_hal_uart.o
 .debug_info    0x0000d1ad     0x2500 Middlewares\Third_Party\FreeRTOS\Source\CMSIS_RTOS\cmsis_os.o
 .debug_info    0x0000f6ad      0xac0 Middlewares\Third_Party\FreeRTOS\Source\list.o
 .debug_info    0x0001016d      0x4ca Middlewares\Third_Party\FreeRTOS\Source\portable\GCC\ARM_CM3\port.o
 .debug_info    0x00010637      0xca5 Middlewares\Third_Party\FreeRTOS\Source\portable\MemMang\heap_4.o
 .debug_info    0x000112dc     0x1fdf Middlewares\Third_Party\FreeRTOS\Source\queue.o
 .debug_info    0x000132bb     0x2993 Middlewares\Third_Party\FreeRTOS\Source\tasks.o
 .debug_info    0x00015c4e     0x1797 Src\adcStorage.o
 .debug_info    0x000173e5     0x15cf Src\analyze.o
 .debug_info    0x000189b4     0x17ce Src\controllerInit.o
 .debug_info    0x0001a182     0x12eb Src\controllerUtils.o
 .debug_info    0x0001b46d      0xd9d Src\flashFunctions.o
 .debug_info    0x0001c20a     0x215f Src\main.o
 .debug_info    0x0001e369     0x1531 Src\processCommand.o
 .debug_info    0x0001f89a     0x141b Src\scanInput.o
 .debug_info    0x00020cb5     0x1685 Src\stm32f1xx_hal_msp.o
 .debug_info    0x0002233a     0x10de Src\stm32f1xx_it.o
 .debug_info    0x00023418      0xbb8 Src\structures.o
 .debug_info    0x00023fd0      0xfe1 Src\syscalls.o
 .debug_info    0x00024fb1      0xc8e Src\system_stm32f1xx.o
 .debug_info    0x00025c3f       0x79 startup\startup_stm32f105xc.o

.debug_abbrev   0x00000000     0x5360
 .debug_abbrev  0x00000000      0x315 Drivers\STM32F1xx_HAL_Driver\Src\stm32f1xx_hal.o
 .debug_abbrev  0x00000315      0x2fb Drivers\STM32F1xx_HAL_Driver\Src\stm32f1xx_hal_adc.o
 .debug_abbrev  0x00000610      0x296 Drivers\STM32F1xx_HAL_Driver\Src\stm32f1xx_hal_adc_ex.o
 .debug_abbrev  0x000008a6      0x399 Drivers\STM32F1xx_HAL_Driver\Src\stm32f1xx_hal_cortex.o
 .debug_abbrev  0x00000c3f      0x29e Drivers\STM32F1xx_HAL_Driver\Src\stm32f1xx_hal_dma.o
 .debug_abbrev  0x00000edd      0x373 Drivers\STM32F1xx_HAL_Driver\Src\stm32f1xx_hal_flash.o
 .debug_abbrev  0x00001250      0x35a Drivers\STM32F1xx_HAL_Driver\Src\stm32f1xx_hal_flash_ex.o
 .debug_abbrev  0x000015aa      0x268 Drivers\STM32F1xx_HAL_Driver\Src\stm32f1xx_hal_gpio.o
 .debug_abbrev  0x00001812      0x383 Drivers\STM32F1xx_HAL_Driver\Src\stm32f1xx_hal_rcc.o
 .debug_abbrev  0x00001b95      0x287 Drivers\STM32F1xx_HAL_Driver\Src\stm32f1xx_hal_rcc_ex.o
 .debug_abbrev  0x00001e1c      0x364 Drivers\STM32F1xx_HAL_Driver\Src\stm32f1xx_hal_uart.o
 .debug_abbrev  0x00002180      0x468 Middlewares\Third_Party\FreeRTOS\Source\CMSIS_RTOS\cmsis_os.o
 .debug_abbrev  0x000025e8      0x1e3 Middlewares\Third_Party\FreeRTOS\Source\list.o
 .debug_abbrev  0x000027cb      0x249 Middlewares\Third_Party\FreeRTOS\Source\portable\GCC\ARM_CM3\port.o
 .debug_abbrev  0x00002a14      0x314 Middlewares\Third_Party\FreeRTOS\Source\portable\MemMang\heap_4.o
 .debug_abbrev  0x00002d28      0x3b6 Middlewares\Third_Party\FreeRTOS\Source\queue.o
 .debug_abbrev  0x000030de      0x419 Middlewares\Third_Party\FreeRTOS\Source\tasks.o
 .debug_abbrev  0x000034f7      0x264 Src\adcStorage.o
 .debug_abbrev  0x0000375b      0x27e Src\analyze.o
 .debug_abbrev  0x000039d9      0x235 Src\controllerInit.o
 .debug_abbrev  0x00003c0e      0x269 Src\controllerUtils.o
 .debug_abbrev  0x00003e77      0x243 Src\flashFunctions.o
 .debug_abbrev  0x000040ba      0x346 Src\main.o
 .debug_abbrev  0x00004400      0x25b Src\processCommand.o
 .debug_abbrev  0x0000465b      0x20c Src\scanInput.o
 .debug_abbrev  0x00004867      0x26f Src\stm32f1xx_hal_msp.o
 .debug_abbrev  0x00004ad6      0x23c Src\stm32f1xx_it.o
 .debug_abbrev  0x00004d12      0x181 Src\structures.o
 .debug_abbrev  0x00004e93      0x2d9 Src\syscalls.o
 .debug_abbrev  0x0000516c      0x1e2 Src\system_stm32f1xx.o
 .debug_abbrev  0x0000534e       0x12 startup\startup_stm32f105xc.o

.debug_loc      0x00000000     0x8cc3
 .debug_loc     0x00000000      0x11b Drivers\STM32F1xx_HAL_Driver\Src\stm32f1xx_hal.o
 .debug_loc     0x0000011b      0x873 Drivers\STM32F1xx_HAL_Driver\Src\stm32f1xx_hal_adc.o
 .debug_loc     0x0000098e      0x769 Drivers\STM32F1xx_HAL_Driver\Src\stm32f1xx_hal_adc_ex.o
 .debug_loc     0x000010f7      0x46b Drivers\STM32F1xx_HAL_Driver\Src\stm32f1xx_hal_cortex.o
 .debug_loc     0x00001562      0x5f2 Drivers\STM32F1xx_HAL_Driver\Src\stm32f1xx_hal_dma.o
 .debug_loc     0x00001b54      0x334 Drivers\STM32F1xx_HAL_Driver\Src\stm32f1xx_hal_flash.o
 .debug_loc     0x00001e88      0x6d0 Drivers\STM32F1xx_HAL_Driver\Src\stm32f1xx_hal_flash_ex.o
 .debug_loc     0x00002558      0x36a Drivers\STM32F1xx_HAL_Driver\Src\stm32f1xx_hal_gpio.o
 .debug_loc     0x000028c2      0x5a7 Drivers\STM32F1xx_HAL_Driver\Src\stm32f1xx_hal_rcc.o
 .debug_loc     0x00002e69      0x59c Drivers\STM32F1xx_HAL_Driver\Src\stm32f1xx_hal_rcc_ex.o
 .debug_loc     0x00003405     0x1311 Drivers\STM32F1xx_HAL_Driver\Src\stm32f1xx_hal_uart.o
 .debug_loc     0x00004716     0x102d Middlewares\Third_Party\FreeRTOS\Source\CMSIS_RTOS\cmsis_os.o
 .debug_loc     0x00005743       0x94 Middlewares\Third_Party\FreeRTOS\Source\list.o
 .debug_loc     0x000057d7       0xce Middlewares\Third_Party\FreeRTOS\Source\portable\GCC\ARM_CM3\port.o
 .debug_loc     0x000058a5      0x385 Middlewares\Third_Party\FreeRTOS\Source\portable\MemMang\heap_4.o
 .debug_loc     0x00005c2a      0xe0c Middlewares\Third_Party\FreeRTOS\Source\queue.o
 .debug_loc     0x00006a36     0x123d Middlewares\Third_Party\FreeRTOS\Source\tasks.o
 .debug_loc     0x00007c73       0xc6 Src\adcStorage.o
 .debug_loc     0x00007d39      0x57b Src\analyze.o
 .debug_loc     0x000082b4       0xc3 Src\controllerInit.o
 .debug_loc     0x00008377       0x4d Src\controllerUtils.o
 .debug_loc     0x000083c4       0x4a Src\flashFunctions.o
 .debug_loc     0x0000840e       0x6e Src\main.o
 .debug_loc     0x0000847c       0xb4 Src\processCommand.o
 .debug_loc     0x00008530      0x128 Src\scanInput.o
 .debug_loc     0x00008658       0xad Src\stm32f1xx_hal_msp.o
 .debug_loc     0x00008705      0x3ef Src\syscalls.o
 .debug_loc     0x00008af4      0x1cf Src\system_stm32f1xx.o

.debug_aranges  0x00000000      0xe60
 .debug_aranges
                0x00000000       0xc8 Drivers\STM32F1xx_HAL_Driver\Src\stm32f1xx_hal.o
 .debug_aranges
                0x000000c8       0xc8 Drivers\STM32F1xx_HAL_Driver\Src\stm32f1xx_hal_adc.o
 .debug_aranges
                0x00000190       0x80 Drivers\STM32F1xx_HAL_Driver\Src\stm32f1xx_hal_adc_ex.o
 .debug_aranges
                0x00000210       0x90 Drivers\STM32F1xx_HAL_Driver\Src\stm32f1xx_hal_cortex.o
 .debug_aranges
                0x000002a0       0x78 Drivers\STM32F1xx_HAL_Driver\Src\stm32f1xx_hal_dma.o
 .debug_aranges
                0x00000318       0x78 Drivers\STM32F1xx_HAL_Driver\Src\stm32f1xx_hal_flash.o
 .debug_aranges
                0x00000390       0x60 Drivers\STM32F1xx_HAL_Driver\Src\stm32f1xx_hal_flash_ex.o
 .debug_aranges
                0x000003f0       0x58 Drivers\STM32F1xx_HAL_Driver\Src\stm32f1xx_hal_gpio.o
 .debug_aranges
                0x00000448       0x88 Drivers\STM32F1xx_HAL_Driver\Src\stm32f1xx_hal_rcc.o
 .debug_aranges
                0x000004d0       0x50 Drivers\STM32F1xx_HAL_Driver\Src\stm32f1xx_hal_rcc_ex.o
 .debug_aranges
                0x00000520      0x170 Drivers\STM32F1xx_HAL_Driver\Src\stm32f1xx_hal_uart.o
 .debug_aranges
                0x00000690      0x190 Middlewares\Third_Party\FreeRTOS\Source\CMSIS_RTOS\cmsis_os.o
 .debug_aranges
                0x00000820       0x40 Middlewares\Third_Party\FreeRTOS\Source\list.o
 .debug_aranges
                0x00000860       0x78 Middlewares\Third_Party\FreeRTOS\Source\portable\GCC\ARM_CM3\port.o
 .debug_aranges
                0x000008d8       0x48 Middlewares\Third_Party\FreeRTOS\Source\portable\MemMang\heap_4.o
 .debug_aranges
                0x00000920       0xc0 Middlewares\Third_Party\FreeRTOS\Source\queue.o
 .debug_aranges
                0x000009e0      0x170 Middlewares\Third_Party\FreeRTOS\Source\tasks.o
 .debug_aranges
                0x00000b50       0x28 Src\adcStorage.o
 .debug_aranges
                0x00000b78       0x20 Src\analyze.o
 .debug_aranges
                0x00000b98       0x28 Src\controllerInit.o
 .debug_aranges
                0x00000bc0       0x30 Src\controllerUtils.o
 .debug_aranges
                0x00000bf0       0x28 Src\flashFunctions.o
 .debug_aranges
                0x00000c18       0x48 Src\main.o
 .debug_aranges
                0x00000c60       0x20 Src\processCommand.o
 .debug_aranges
                0x00000c80       0x20 Src\scanInput.o
 .debug_aranges
                0x00000ca0       0x40 Src\stm32f1xx_hal_msp.o
 .debug_aranges
                0x00000ce0       0x68 Src\stm32f1xx_it.o
 .debug_aranges
                0x00000d48       0x18 Src\structures.o
 .debug_aranges
                0x00000d60       0xb0 Src\syscalls.o
 .debug_aranges
                0x00000e10       0x28 Src\system_stm32f1xx.o
 .debug_aranges
                0x00000e38       0x28 startup\startup_stm32f105xc.o

.debug_ranges   0x00000000     0x12f0
 .debug_ranges  0x00000000       0xb8 Drivers\STM32F1xx_HAL_Driver\Src\stm32f1xx_hal.o
 .debug_ranges  0x000000b8       0xb8 Drivers\STM32F1xx_HAL_Driver\Src\stm32f1xx_hal_adc.o
 .debug_ranges  0x00000170       0x70 Drivers\STM32F1xx_HAL_Driver\Src\stm32f1xx_hal_adc_ex.o
 .debug_ranges  0x000001e0      0x128 Drivers\STM32F1xx_HAL_Driver\Src\stm32f1xx_hal_cortex.o
 .debug_ranges  0x00000308       0xa8 Drivers\STM32F1xx_HAL_Driver\Src\stm32f1xx_hal_dma.o
 .debug_ranges  0x000003b0       0xb8 Drivers\STM32F1xx_HAL_Driver\Src\stm32f1xx_hal_flash.o
 .debug_ranges  0x00000468       0xe0 Drivers\STM32F1xx_HAL_Driver\Src\stm32f1xx_hal_flash_ex.o
 .debug_ranges  0x00000548       0x60 Drivers\STM32F1xx_HAL_Driver\Src\stm32f1xx_hal_gpio.o
 .debug_ranges  0x000005a8       0xa0 Drivers\STM32F1xx_HAL_Driver\Src\stm32f1xx_hal_rcc.o
 .debug_ranges  0x00000648       0x60 Drivers\STM32F1xx_HAL_Driver\Src\stm32f1xx_hal_rcc_ex.o
 .debug_ranges  0x000006a8      0x190 Drivers\STM32F1xx_HAL_Driver\Src\stm32f1xx_hal_uart.o
 .debug_ranges  0x00000838      0x198 Middlewares\Third_Party\FreeRTOS\Source\CMSIS_RTOS\cmsis_os.o
 .debug_ranges  0x000009d0       0x30 Middlewares\Third_Party\FreeRTOS\Source\list.o
 .debug_ranges  0x00000a00       0x80 Middlewares\Third_Party\FreeRTOS\Source\portable\GCC\ARM_CM3\port.o
 .debug_ranges  0x00000a80       0x38 Middlewares\Third_Party\FreeRTOS\Source\portable\MemMang\heap_4.o
 .debug_ranges  0x00000ab8      0x1a0 Middlewares\Third_Party\FreeRTOS\Source\queue.o
 .debug_ranges  0x00000c58      0x288 Middlewares\Third_Party\FreeRTOS\Source\tasks.o
 .debug_ranges  0x00000ee0       0x18 Src\adcStorage.o
 .debug_ranges  0x00000ef8       0x40 Src\analyze.o
 .debug_ranges  0x00000f38       0x18 Src\controllerInit.o
 .debug_ranges  0x00000f50       0x20 Src\controllerUtils.o
 .debug_ranges  0x00000f70       0x18 Src\flashFunctions.o
 .debug_ranges  0x00000f88      0x120 Src\main.o
 .debug_ranges  0x000010a8       0x10 Src\processCommand.o
 .debug_ranges  0x000010b8       0x10 Src\scanInput.o
 .debug_ranges  0x000010c8       0xf8 Src\stm32f1xx_hal_msp.o
 .debug_ranges  0x000011c0       0x58 Src\stm32f1xx_it.o
 .debug_ranges  0x00001218       0xa0 Src\syscalls.o
 .debug_ranges  0x000012b8       0x18 Src\system_stm32f1xx.o
 .debug_ranges  0x000012d0       0x20 startup\startup_stm32f105xc.o

.debug_line     0x00000000     0xa301
 .debug_line    0x00000000      0x461 Drivers\STM32F1xx_HAL_Driver\Src\stm32f1xx_hal.o
 .debug_line    0x00000461      0x86c Drivers\STM32F1xx_HAL_Driver\Src\stm32f1xx_hal_adc.o
 .debug_line    0x00000ccd      0x72b Drivers\STM32F1xx_HAL_Driver\Src\stm32f1xx_hal_adc_ex.o
 .debug_line    0x000013f8      0x469 Drivers\STM32F1xx_HAL_Driver\Src\stm32f1xx_hal_cortex.o
 .debug_line    0x00001861      0x7bc Drivers\STM32F1xx_HAL_Driver\Src\stm32f1xx_hal_dma.o
 .debug_line    0x0000201d      0x51e Drivers\STM32F1xx_HAL_Driver\Src\stm32f1xx_hal_flash.o
 .debug_line    0x0000253b      0x551 Drivers\STM32F1xx_HAL_Driver\Src\stm32f1xx_hal_flash_ex.o
 .debug_line    0x00002a8c      0x45e Drivers\STM32F1xx_HAL_Driver\Src\stm32f1xx_hal_gpio.o
 .debug_line    0x00002eea      0x683 Drivers\STM32F1xx_HAL_Driver\Src\stm32f1xx_hal_rcc.o
 .debug_line    0x0000356d      0x4d9 Drivers\STM32F1xx_HAL_Driver\Src\stm32f1xx_hal_rcc_ex.o
 .debug_line    0x00003a46      0xc45 Drivers\STM32F1xx_HAL_Driver\Src\stm32f1xx_hal_uart.o
 .debug_line    0x0000468b      0x8da Middlewares\Third_Party\FreeRTOS\Source\CMSIS_RTOS\cmsis_os.o
 .debug_line    0x00004f65      0x363 Middlewares\Third_Party\FreeRTOS\Source\list.o
 .debug_line    0x000052c8      0x315 Middlewares\Third_Party\FreeRTOS\Source\portable\GCC\ARM_CM3\port.o
 .debug_line    0x000055dd      0x40f Middlewares\Third_Party\FreeRTOS\Source\portable\MemMang\heap_4.o
 .debug_line    0x000059ec      0x814 Middlewares\Third_Party\FreeRTOS\Source\queue.o
 .debug_line    0x00006200      0xbb6 Middlewares\Third_Party\FreeRTOS\Source\tasks.o
 .debug_line    0x00006db6      0x4d1 Src\adcStorage.o
 .debug_line    0x00007287      0x561 Src\analyze.o
 .debug_line    0x000077e8      0x4c2 Src\controllerInit.o
 .debug_line    0x00007caa      0x3a2 Src\controllerUtils.o
 .debug_line    0x0000804c      0x332 Src\flashFunctions.o
 .debug_line    0x0000837e      0x5f0 Src\main.o
 .debug_line    0x0000896e      0x4a6 Src\processCommand.o
 .debug_line    0x00008e14      0x3ce Src\scanInput.o
 .debug_line    0x000091e2      0x3e9 Src\stm32f1xx_hal_msp.o
 .debug_line    0x000095cb      0x3c7 Src\stm32f1xx_it.o
 .debug_line    0x00009992      0x268 Src\structures.o
 .debug_line    0x00009bfa      0x3c0 Src\syscalls.o
 .debug_line    0x00009fba      0x2c9 Src\system_stm32f1xx.o
 .debug_line    0x0000a283       0x7e startup\startup_stm32f105xc.o

.debug_str      0x00000000     0x54a6
 .debug_str     0x00000000      0xc8e Drivers\STM32F1xx_HAL_Driver\Src\stm32f1xx_hal.o
                                0xd51 (size before relaxing)
 .debug_str     0x00000c8e      0x621 Drivers\STM32F1xx_HAL_Driver\Src\stm32f1xx_hal_adc.o
                                0xd8b (size before relaxing)
 .debug_str     0x000012af      0x291 Drivers\STM32F1xx_HAL_Driver\Src\stm32f1xx_hal_adc_ex.o
                                0xd3e (size before relaxing)
 .debug_str     0x00001540      0x2d8 Drivers\STM32F1xx_HAL_Driver\Src\stm32f1xx_hal_cortex.o
                                0xe6b (size before relaxing)
 .debug_str     0x00001818      0x220 Drivers\STM32F1xx_HAL_Driver\Src\stm32f1xx_hal_dma.o
                                0xafb (size before relaxing)
 .debug_str     0x00001a38      0x29b Drivers\STM32F1xx_HAL_Driver\Src\stm32f1xx_hal_flash.o
                                0xa1b (size before relaxing)
 .debug_str     0x00001cd3      0x2c9 Drivers\STM32F1xx_HAL_Driver\Src\stm32f1xx_hal_flash_ex.o
                                0xb31 (size before relaxing)
 .debug_str     0x00001f9c      0x1c6 Drivers\STM32F1xx_HAL_Driver\Src\stm32f1xx_hal_gpio.o
                                0x912 (size before relaxing)
 .debug_str     0x00002162      0x36b Drivers\STM32F1xx_HAL_Driver\Src\stm32f1xx_hal_rcc.o
                                0xb5d (size before relaxing)
 .debug_str     0x000024cd      0x1d6 Drivers\STM32F1xx_HAL_Driver\Src\stm32f1xx_hal_rcc_ex.o
                                0x9f8 (size before relaxing)
 .debug_str     0x000026a3      0x6dc Drivers\STM32F1xx_HAL_Driver\Src\stm32f1xx_hal_uart.o
                               0x104c (size before relaxing)
 .debug_str     0x00002d7f      0xb35 Middlewares\Third_Party\FreeRTOS\Source\CMSIS_RTOS\cmsis_os.o
                               0x11e4 (size before relaxing)
 .debug_str     0x000038b4      0x159 Middlewares\Third_Party\FreeRTOS\Source\list.o
                                0x731 (size before relaxing)
 .debug_str     0x00003a0d      0x20e Middlewares\Third_Party\FreeRTOS\Source\portable\GCC\ARM_CM3\port.o
                                0x450 (size before relaxing)
 .debug_str     0x00003c1b      0x1e1 Middlewares\Third_Party\FreeRTOS\Source\portable\MemMang\heap_4.o
                                0x81a (size before relaxing)
 .debug_str     0x00003dfc      0x46d Middlewares\Third_Party\FreeRTOS\Source\queue.o
                                0xd2a (size before relaxing)
 .debug_str     0x00004269      0x6f3 Middlewares\Third_Party\FreeRTOS\Source\tasks.o
                               0x122c (size before relaxing)
 .debug_str     0x0000495c      0x373 Src\adcStorage.o
                                0xf63 (size before relaxing)
 .debug_str     0x00004ccf       0xf2 Src\analyze.o
                                0xeac (size before relaxing)
 .debug_str     0x00004dc1       0x8b Src\controllerInit.o
                                0xf9b (size before relaxing)
 .debug_str     0x00004e4c       0x5b Src\controllerUtils.o
                                0xda8 (size before relaxing)
 .debug_str     0x00004ea7       0x48 Src\flashFunctions.o
                                0xa2e (size before relaxing)