Archive member included to satisfy reference by file (symbol)

c:/program files (x86)/atollic/truestudio for stm32 9.3.0/armtools/bin/../lib/gcc/arm-atollic-eabi/6.3.1/../../../../arm-atollic-eabi/lib/armv7-m\libc_nano.a(lib_a-errno.o)
                              Src\syscalls.o (__errno)
c:/program files (x86)/atollic/truestudio for stm32 9.3.0/armtools/bin/../lib/gcc/arm-atollic-eabi/6.3.1/../../../../arm-atollic-eabi/lib/armv7-m\libc_nano.a(lib_a-impure.o)
                              c:/program files (x86)/atollic/truestudio for stm32 9.3.0/armtools/bin/../lib/gcc/arm-atollic-eabi/6.3.1/../../../../arm-atollic-eabi/lib/armv7-m\libc_nano.a(lib_a-errno.o) (_impure_ptr)
c:/program files (x86)/atollic/truestudio for stm32 9.3.0/armtools/bin/../lib/gcc/arm-atollic-eabi/6.3.1/../../../../arm-atollic-eabi/lib/armv7-m\libc_nano.a(lib_a-memcpy-stub.o)
                              Middlewares\Third_Party\FreeRTOS\Source\queue.o (memcpy)
c:/program files (x86)/atollic/truestudio for stm32 9.3.0/armtools/bin/../lib/gcc/arm-atollic-eabi/6.3.1/../../../../arm-atollic-eabi/lib/armv7-m\libc_nano.a(lib_a-memset.o)
                              Drivers\STM32F1xx_HAL_Driver\Src\stm32f1xx_hal_rcc.o (memset)
c:/program files (x86)/atollic/truestudio for stm32 9.3.0/armtools/bin/../lib/gcc/arm-atollic-eabi/6.3.1/../../../../arm-atollic-eabi/lib/armv7-m\libc_nano.a(lib_a-sprintf.o)
                              Src\adcStorage.o (sprintf)
c:/program files (x86)/atollic/truestudio for stm32 9.3.0/armtools/bin/../lib/gcc/arm-atollic-eabi/6.3.1/../../../../arm-atollic-eabi/lib/armv7-m\libc_nano.a(lib_a-sscanf.o)
                              Src\processCommand.o (sscanf)
c:/program files (x86)/atollic/truestudio for stm32 9.3.0/armtools/bin/../lib/gcc/arm-atollic-eabi/6.3.1/../../../../arm-atollic-eabi/lib/armv7-m\libc_nano.a(lib_a-stdio.o)
                              c:/program files (x86)/atollic/truestudio for stm32 9.3.0/armtools/bin/../lib/gcc/arm-atollic-eabi/6.3.1/../../../../arm-atollic-eabi/lib/armv7-m\libc_nano.a(lib_a-sscanf.o) (__seofread)
c:/program files (x86)/atollic/truestudio for stm32 9.3.0/armtools/bin/../lib/gcc/arm-atollic-eabi/6.3.1/../../../../arm-atollic-eabi/lib/armv7-m\libc_nano.a(lib_a-strlen.o)
                              c:/program files (x86)/atollic/truestudio for stm32 9.3.0/armtools/bin/../lib/gcc/arm-atollic-eabi/6.3.1/../../../../arm-atollic-eabi/lib/armv7-m\libc_nano.a(lib_a-sscanf.o) (strlen)
c:/program files (x86)/atollic/truestudio for stm32 9.3.0/armtools/bin/../lib/gcc/arm-atollic-eabi/6.3.1/../../../../arm-atollic-eabi/lib/armv7-m\libc_nano.a(lib_a-writer.o)
                              c:/program files (x86)/atollic/truestudio for stm32 9.3.0/armtools/bin/../lib/gcc/arm-atollic-eabi/6.3.1/../../../../arm-atollic-eabi/lib/armv7-m\libc_nano.a(lib_a-stdio.o) (_write_r)
c:/program files (x86)/atollic/truestudio for stm32 9.3.0/armtools/bin/../lib/gcc/arm-atollic-eabi/6.3.1/../../../../arm-atollic-eabi/lib/armv7-m\libc_nano.a(lib_a-closer.o)
                              c:/program files (x86)/atollic/truestudio for stm32 9.3.0/armtools/bin/../lib/gcc/arm-atollic-eabi/6.3.1/../../../../arm-atollic-eabi/lib/armv7-m\libc_nano.a(lib_a-stdio.o) (_close_r)
c:/program files (x86)/atollic/truestudio for stm32 9.3.0/armtools/bin/../lib/gcc/arm-atollic-eabi/6.3.1/../../../../arm-atollic-eabi/lib/armv7-m\libc_nano.a(lib_a-lseekr.o)
                              c:/program files (x86)/atollic/truestudio for stm32 9.3.0/armtools/bin/../lib/gcc/arm-atollic-eabi/6.3.1/../../../../arm-atollic-eabi/lib/armv7-m\libc_nano.a(lib_a-stdio.o) (_lseek_r)
c:/program files (x86)/atollic/truestudio for stm32 9.3.0/armtools/bin/../lib/gcc/arm-atollic-eabi/6.3.1/../../../../arm-atollic-eabi/lib/armv7-m\libc_nano.a(lib_a-nano-svfprintf.o)
                              c:/program files (x86)/atollic/truestudio for stm32 9.3.0/armtools/bin/../lib/gcc/arm-atollic-eabi/6.3.1/../../../../arm-atollic-eabi/lib/armv7-m\libc_nano.a(lib_a-sprintf.o) (_svfprintf_r)
c:/program files (x86)/atollic/truestudio for stm32 9.3.0/armtools/bin/../lib/gcc/arm-atollic-eabi/6.3.1/../../../../arm-atollic-eabi/lib/armv7-m\libc_nano.a(lib_a-nano-svfscanf.o)
                              c:/program files (x86)/atollic/truestudio for stm32 9.3.0/armtools/bin/../lib/gcc/arm-atollic-eabi/6.3.1/../../../../arm-atollic-eabi/lib/armv7-m\libc_nano.a(lib_a-sscanf.o) (__ssvfscanf_r)
c:/program files (x86)/atollic/truestudio for stm32 9.3.0/armtools/bin/../lib/gcc/arm-atollic-eabi/6.3.1/../../../../arm-atollic-eabi/lib/armv7-m\libc_nano.a(lib_a-nano-vfprintf_i.o)
                              c:/program files (x86)/atollic/truestudio for stm32 9.3.0/armtools/bin/../lib/gcc/arm-atollic-eabi/6.3.1/../../../../arm-atollic-eabi/lib/armv7-m\libc_nano.a(lib_a-nano-svfprintf.o) (_printf_i)
[...]
Memory Configuration

Name             Origin             Length             Attributes
RAM              0x20000000         0x00010000         xrw
FLASH            0x08000000         0x00020000         xr
*default*        0x00000000         0xffffffff

Linker script and memory map

LOAD c:/program files (x86)/atollic/truestudio for stm32 9.3.0/armtools/bin/../lib/gcc/arm-atollic-eabi/6.3.1/armv7-m/crti.o
LOAD c:/program files (x86)/atollic/truestudio for stm32 9.3.0/armtools/bin/../lib/gcc/arm-atollic-eabi/6.3.1/armv7-m/crtbegin.o
LOAD Drivers\STM32F1xx_HAL_Driver\Src\stm32f1xx_hal.o
LOAD Drivers\STM32F1xx_HAL_Driver\Src\stm32f1xx_hal_adc.o
LOAD Drivers\STM32F1xx_HAL_Driver\Src\stm32f1xx_hal_adc_ex.o
LOAD Drivers\STM32F1xx_HAL_Driver\Src\stm32f1xx_hal_cortex.o
LOAD Drivers\STM32F1xx_HAL_Driver\Src\stm32f1xx_hal_dma.o
LOAD Drivers\STM32F1xx_HAL_Driver\Src\stm32f1xx_hal_flash.o
LOAD Drivers\STM32F1xx_HAL_Driver\Src\stm32f1xx_hal_flash_ex.o
LOAD Drivers\STM32F1xx_HAL_Driver\Src\stm32f1xx_hal_gpio.o
LOAD Drivers\STM32F1xx_HAL_Driver\Src\stm32f1xx_hal_gpio_ex.o
LOAD Drivers\STM32F1xx_HAL_Driver\Src\stm32f1xx_hal_pwr.o
LOAD Drivers\STM32F1xx_HAL_Driver\Src\stm32f1xx_hal_rcc.o
LOAD Drivers\STM32F1xx_HAL_Driver\Src\stm32f1xx_hal_rcc_ex.o
LOAD Drivers\STM32F1xx_HAL_Driver\Src\stm32f1xx_hal_tim.o
LOAD Drivers\STM32F1xx_HAL_Driver\Src\stm32f1xx_hal_tim_ex.o
LOAD Drivers\STM32F1xx_HAL_Driver\Src\stm32f1xx_hal_uart.o
LOAD Middlewares\Third_Party\FreeRTOS\Source\CMSIS_RTOS\cmsis_os.o
LOAD Middlewares\Third_Party\FreeRTOS\Source\croutine.o
LOAD Middlewares\Third_Party\FreeRTOS\Source\event_groups.o
LOAD Middlewares\Third_Party\FreeRTOS\Source\list.o
LOAD Middlewares\Third_Party\FreeRTOS\Source\portable\GCC\ARM_CM3\port.o
LOAD Middlewares\Third_Party\FreeRTOS\Source\portable\MemMang\heap_4.o
LOAD Middlewares\Third_Party\FreeRTOS\Source\queue.o
LOAD Middlewares\Third_Party\FreeRTOS\Source\tasks.o
LOAD Middlewares\Third_Party\FreeRTOS\Source\timers.o
LOAD Src\adcStorage.o
LOAD Src\analyze.o
LOAD Src\controllerInit.o
LOAD Src\controllerUtils.o
LOAD Src\flashFunctions.o
LOAD Src\freertos.o
LOAD Src\main.o
LOAD Src\processCommand.o
LOAD Src\scanInput.o
LOAD Src\stm32f1xx_hal_msp.o
LOAD Src\stm32f1xx_it.o
LOAD Src\structures.o
LOAD Src\syscalls.o
LOAD Src\system_stm32f1xx.o
LOAD startup\startup_stm32f105xc.o
                0x00000080                malloc_getpagesize_P = 0x80
START GROUP
LOAD c:/program files (x86)/atollic/truestudio for stm32 9.3.0/armtools/bin/../lib/gcc/arm-atollic-eabi/6.3.1/../../../../arm-atollic-eabi/lib/armv7-m\libc_nano.a
LOAD c:/program files (x86)/atollic/truestudio for stm32 9.3.0/armtools/bin/../lib/gcc/arm-atollic-eabi/6.3.1/../../../../arm-atollic-eabi/lib/armv7-m\libm.a
END GROUP
START GROUP
LOAD c:/program files (x86)/atollic/truestudio for stm32 9.3.0/armtools/bin/../lib/gcc/arm-atollic-eabi/6.3.1/armv7-m\libgcc.a
LOAD c:/program files (x86)/atollic/truestudio for stm32 9.3.0/armtools/bin/../lib/gcc/arm-atollic-eabi/6.3.1/../../../../arm-atollic-eabi/lib/armv7-m\libc_nano.a
END GROUP
START GROUP
LOAD c:/program files (x86)/atollic/truestudio for stm32 9.3.0/armtools/bin/../lib/gcc/arm-atollic-eabi/6.3.1/armv7-m\libgcc.a
LOAD c:/program files (x86)/atollic/truestudio for stm32 9.3.0/armtools/bin/../lib/gcc/arm-atollic-eabi/6.3.1/../../../../arm-atollic-eabi/lib/armv7-m\libc_nano.a
LOAD c:/program files (x86)/atollic/truestudio for stm32 9.3.0/armtools/bin/../lib/gcc/arm-atollic-eabi/6.3.1/../../../../arm-atollic-eabi/lib/armv7-m\libnosys.a
END GROUP
START GROUP
LOAD c:/program files (x86)/atollic/truestudio for stm32 9.3.0/armtools/bin/../lib/gcc/arm-atollic-eabi/6.3.1/armv7-m\libgcc.a
LOAD c:/program files (x86)/atollic/truestudio for stm32 9.3.0/armtools/bin/../lib/gcc/arm-atollic-eabi/6.3.1/../../../../arm-atollic-eabi/lib/armv7-m\libc_nano.a
LOAD c:/program files (x86)/atollic/truestudio for stm32 9.3.0/armtools/bin/../lib/gcc/arm-atollic-eabi/6.3.1/../../../../arm-atollic-eabi/lib/armv7-m\libnosys.a
END GROUP
LOAD c:/program files (x86)/atollic/truestudio for stm32 9.3.0/armtools/bin/../lib/gcc/arm-atollic-eabi/6.3.1/armv7-m/crtend.o
LOAD c:/program files (x86)/atollic/truestudio for stm32 9.3.0/armtools/bin/../lib/gcc/arm-atollic-eabi/6.3.1/armv7-m/crtn.o
                0x20010000                _estack = 0x20010000
                0x00000200                _Min_Heap_Size = 0x200
                0x00000400                _Min_Stack_Size = 0x400

.isr_vector     0x08000000      0x1e4
                0x08000000                . = ALIGN (0x4)
 *(.isr_vector)
 .isr_vector    0x08000000      0x1e4 startup\startup_stm32f105xc.o
                0x08000000                g_pfnVectors
                0x080001e4                . = ALIGN (0x4)

.text           0x080001f0     0x6424
                0x080001f0                . = ALIGN (0x4)
 *(.text)
 .text          0x080001f0       0x40 c:/program files (x86)/atollic/truestudio for stm32 9.3.0/armtools/bin/../lib/gcc/arm-atollic-eabi/6.3.1/armv7-m/crtbegin.o
 .text          0x08000230       0x10 c:/program files (x86)/atollic/truestudio for stm32 9.3.0/armtools/bin/../lib/gcc/arm-atollic-eabi/6.3.1/../../../../arm-atollic-eabi/lib/armv7-m\libc_nano.a(lib_a-strlen.o)
                0x08000230                strlen
 .text          0x08000240       0x18 c:/program files (x86)/atollic/truestudio for stm32 9.3.0/armtools/bin/../lib/gcc/arm-atollic-eabi/6.3.1/armv7-m\libgcc.a(_lshrdi3.o)
                0x08000240                __lshrdi3
                0x08000240                __aeabi_llsr
 .text          0x08000258      0x21c c:/program files (x86)/atollic/truestudio for stm32 9.3.0/armtools/bin/../lib/gcc/arm-atollic-eabi/6.3.1/armv7-m\libgcc.a(_arm_addsubsf3.o)
                0x08000258                __aeabi_frsub
                0x08000260                __subsf3
                0x08000260                __aeabi_fsub
                0x08000264                __aeabi_fadd
                0x08000264                __addsf3
                0x080003c4                __aeabi_ui2f
                0x080003c4                __floatunsisf
                0x080003cc                __aeabi_i2f
                0x080003cc                __floatsisf
                0x080003e8                __aeabi_ul2f
                0x080003e8                __floatundisf
                0x080003f8                __aeabi_l2f
                0x080003f8                __floatdisf
 .text          0x08000474      0x2a0 c:/program files (x86)/atollic/truestudio for stm32 9.3.0/armtools/bin/../lib/gcc/arm-atollic-eabi/6.3.1/armv7-m\libgcc.a(_arm_muldivsf3.o)
                0x08000474                __mulsf3
                0x08000474                __aeabi_fmul
                0x080005dc                __aeabi_fdiv
                0x080005dc                __divsf3
 .text          0x08000714       0xec c:/program files (x86)/atollic/truestudio for stm32 9.3.0/armtools/bin/../lib/gcc/arm-atollic-eabi/6.3.1/armv7-m\libgcc.a(_arm_cmpsf2.o)
                0x08000714                __gesf2
                0x08000714                __gtsf2
                0x0800071c                __lesf2
                0x0800071c                __ltsf2
                0x08000724                __nesf2
                0x08000724                __eqsf2
                0x08000724                __cmpsf2
                0x08000784                __aeabi_cfrcmple
                0x0800078c                __aeabi_cfcmpeq
                0x0800078c                __aeabi_cfcmple
                0x0800079c                __aeabi_fcmpeq
                0x080007b0                __aeabi_fcmplt
                0x080007c4                __aeabi_fcmple
                0x080007d8                __aeabi_fcmpge
                0x080007ec                __aeabi_fcmpgt
 .text          0x08000800       0x4c c:/program files (x86)/atollic/truestudio for stm32 9.3.0/armtools/bin/../lib/gcc/arm-atollic-eabi/6.3.1/armv7-m\libgcc.a(_arm_fixsfsi.o)
                0x08000800                __aeabi_f2iz
                0x08000800                __fixsfsi
 .text          0x0800084c       0x30 c:/program files (x86)/atollic/truestudio for stm32 9.3.0/armtools/bin/../lib/gcc/arm-atollic-eabi/6.3.1/armv7-m\libgcc.a(_aeabi_uldivmod.o)
                0x0800084c                __aeabi_uldivmod
 .text          0x0800087c      0x2dc c:/program files (x86)/atollic/truestudio for stm32 9.3.0/armtools/bin/../lib/gcc/arm-atollic-eabi/6.3.1/armv7-m\libgcc.a(_udivmoddi4.o)
                0x0800087c                __udivmoddi4
 .text          0x08000b58        0x4 c:/program files (x86)/atollic/truestudio for stm32 9.3.0/armtools/bin/../lib/gcc/arm-atollic-eabi/6.3.1/armv7-m\libgcc.a(_dvmd_tls.o)
                0x08000b58                __aeabi_idiv0
                0x08000b58                __aeabi_ldiv0
 *(.text*)
 .text.HAL_InitTick
                0x08000b5c       0x48 Drivers\STM32F1xx_HAL_Driver\Src\stm32f1xx_hal.o
                0x08000b5c                HAL_InitTick
 .text.HAL_Init
                0x08000ba4       0x24 Drivers\STM32F1xx_HAL_Driver\Src\stm32f1xx_hal.o
                0x08000ba4                HAL_Init
 .text.HAL_IncTick
                0x08000bc8       0x18 Drivers\STM32F1xx_HAL_Driver\Src\stm32f1xx_hal.o
                0x08000bc8                HAL_IncTick
 .text.HAL_GetTick
                0x08000be0        0xc Drivers\STM32F1xx_HAL_Driver\Src\stm32f1xx_hal.o
                0x08000be0                HAL_GetTick
 .text.HAL_Delay
                0x08000bec       0x24 Drivers\STM32F1xx_HAL_Driver\Src\stm32f1xx_hal.o
                0x08000bec                HAL_Delay
 .text.HAL_GetUID
                0x08000c10       0x20 Drivers\STM32F1xx_HAL_Driver\Src\stm32f1xx_hal.o
                0x08000c10                HAL_GetUID
 .text.HAL_ADC_ConvCpltCallback
                0x08000c30        0x2 Drivers\STM32F1xx_HAL_Driver\Src\stm32f1xx_hal_adc.o
                0x08000c30                HAL_ADC_ConvCpltCallback
 .text.HAL_ADC_LevelOutOfWindowCallback
                0x08000c32        0x2 Drivers\STM32F1xx_HAL_Driver\Src\stm32f1xx_hal_adc.o
                0x08000c32                HAL_ADC_LevelOutOfWindowCallback
 .text.HAL_ADC_IRQHandler
                0x08000c34       0xec Drivers\STM32F1xx_HAL_Driver\Src\stm32f1xx_hal_adc.o
                0x08000c34                HAL_ADC_IRQHandler
 .text.HAL_ADC_ConfigChannel
                0x08000d20      0x108 Drivers\STM32F1xx_HAL_Driver\Src\stm32f1xx_hal_adc.o
                0x08000d20                HAL_ADC_ConfigChannel
 .text.ADC_Enable
                0x08000e28       0x70 Drivers\STM32F1xx_HAL_Driver\Src\stm32f1xx_hal_adc.o
                0x08000e28                ADC_Enable
 .text.ADC_ConversionStop_Disable
                0x08000e98       0x44 Drivers\STM32F1xx_HAL_Driver\Src\stm32f1xx_hal_adc.o
                0x08000e98                ADC_ConversionStop_Disable
 .text.HAL_ADC_Init
                0x08000edc      0x100 Drivers\STM32F1xx_HAL_Driver\Src\stm32f1xx_hal_adc.o
                0x08000edc                HAL_ADC_Init
 .text.HAL_ADCEx_InjectedStart_IT
                0x08000fdc       0xb4 Drivers\STM32F1xx_HAL_Driver\Src\stm32f1xx_hal_adc_ex.o
                0x08000fdc                HAL_ADCEx_InjectedStart_IT
 .text.HAL_ADCEx_InjectedGetValue
                0x08001090       0x1e Drivers\STM32F1xx_HAL_Driver\Src\stm32f1xx_hal_adc_ex.o
                0x08001090                HAL_ADCEx_InjectedGetValue
 *fill*         0x080010ae        0x2 
 .text.HAL_NVIC_SetPriorityGrouping
                0x080010b0       0x24 Drivers\STM32F1xx_HAL_Driver\Src\stm32f1xx_hal_cortex.o
                0x080010b0                HAL_NVIC_SetPriorityGrouping
 .text.HAL_NVIC_SetPriority
                0x080010d4       0x68 Drivers\STM32F1xx_HAL_Driver\Src\stm32f1xx_hal_cortex.o
                0x080010d4                HAL_NVIC_SetPriority
 .text.HAL_NVIC_EnableIRQ
                0x0800113c       0x18 Drivers\STM32F1xx_HAL_Driver\Src\stm32f1xx_hal_cortex.o
                0x0800113c                HAL_NVIC_EnableIRQ
 .text.HAL_SYSTICK_Config
                0x08001154       0x2c Drivers\STM32F1xx_HAL_Driver\Src\stm32f1xx_hal_cortex.o
                0x08001154                HAL_SYSTICK_Config
 .text.HAL_DMA_Init
                0x08001180       0x80 Drivers\STM32F1xx_HAL_Driver\Src\stm32f1xx_hal_dma.o
                0x08001180                HAL_DMA_Init
 .text.HAL_DMA_Start_IT
                0x08001200       0x7a Drivers\STM32F1xx_HAL_Driver\Src\stm32f1xx_hal_dma.o
                0x08001200                HAL_DMA_Start_IT
 *fill*         0x0800127a        0x2 
 .text.HAL_DMA_Abort_IT
                0x0800127c       0xdc Drivers\STM32F1xx_HAL_Driver\Src\stm32f1xx_hal_dma.o
                0x0800127c                HAL_DMA_Abort_IT
 .text.HAL_DMA_IRQHandler
                0x08001358      0x1b8 Drivers\STM32F1xx_HAL_Driver\Src\stm32f1xx_hal_dma.o
                0x08001358                HAL_DMA_IRQHandler
 .text.FLASH_SetErrorCode
                0x08001510       0x50 Drivers\STM32F1xx_HAL_Driver\Src\stm32f1xx_hal_flash.o
 .text.HAL_FLASH_Unlock
                0x08001560       0x24 Drivers\STM32F1xx_HAL_Driver\Src\stm32f1xx_hal_flash.o
                0x08001560                HAL_FLASH_Unlock
 .text.HAL_FLASH_Lock
                0x08001584       0x14 Drivers\STM32F1xx_HAL_Driver\Src\stm32f1xx_hal_flash.o
                0x08001584                HAL_FLASH_Lock
 .text.FLASH_WaitForLastOperation
                0x08001598       0x54 Drivers\STM32F1xx_HAL_Driver\Src\stm32f1xx_hal_flash.o
                0x08001598                FLASH_WaitForLastOperation
 .text.HAL_FLASH_Program
                0x080015ec       0x8c Drivers\STM32F1xx_HAL_Driver\Src\stm32f1xx_hal_flash.o
                0x080015ec                HAL_FLASH_Program
 .text.FLASH_MassErase.isra.0
                0x08001678       0x24 Drivers\STM32F1xx_HAL_Driver\Src\stm32f1xx_hal_flash_ex.o
 .text.FLASH_PageErase
                0x0800169c       0x24 Drivers\STM32F1xx_HAL_Driver\Src\stm32f1xx_hal_flash_ex.o
                0x0800169c                FLASH_PageErase
 .text.HAL_FLASHEx_Erase
                0x080016c0       0x9c Drivers\STM32F1xx_HAL_Driver\Src\stm32f1xx_hal_flash_ex.o
                0x080016c0                HAL_FLASHEx_Erase
 .text.HAL_GPIO_Init
                0x0800175c      0x1c0 Drivers\STM32F1xx_HAL_Driver\Src\stm32f1xx_hal_gpio.o
                0x0800175c                HAL_GPIO_Init
 .text.HAL_GPIO_ReadPin
                0x0800191c        0xc Drivers\STM32F1xx_HAL_Driver\Src\stm32f1xx_hal_gpio.o
                0x0800191c                HAL_GPIO_ReadPin
 .text.HAL_GPIO_WritePin
                0x08001928        0xa Drivers\STM32F1xx_HAL_Driver\Src\stm32f1xx_hal_gpio.o
                0x08001928                HAL_GPIO_WritePin
 .text.HAL_GPIO_TogglePin
                0x08001932        0x8 Drivers\STM32F1xx_HAL_Driver\Src\stm32f1xx_hal_gpio.o
                0x08001932                HAL_GPIO_TogglePin
 .text.HAL_GPIO_EXTI_Callback
                0x0800193a        0x2 Drivers\STM32F1xx_HAL_Driver\Src\stm32f1xx_hal_gpio.o
                0x0800193a                HAL_GPIO_EXTI_Callback
 .text.HAL_GPIO_EXTI_IRQHandler
                0x0800193c       0x18 Drivers\STM32F1xx_HAL_Driver\Src\stm32f1xx_hal_gpio.o
                0x0800193c                HAL_GPIO_EXTI_IRQHandler
 .text.HAL_RCC_OscConfig
                0x08001954      0x3d8 Drivers\STM32F1xx_HAL_Driver\Src\stm32f1xx_hal_rcc.o
                0x08001954                HAL_RCC_OscConfig
 .text.HAL_RCC_GetSysClockFreq
                0x08001d2c       0xc4 Drivers\STM32F1xx_HAL_Driver\Src\stm32f1xx_hal_rcc.o
                0x08001d2c                HAL_RCC_GetSysClockFreq
 .text.HAL_RCC_ClockConfig
                0x08001df0      0x164 Drivers\STM32F1xx_HAL_Driver\Src\stm32f1xx_hal_rcc.o
                0x08001df0                HAL_RCC_ClockConfig
 .text.HAL_RCC_GetPCLK1Freq
                0x08001f54       0x20 Drivers\STM32F1xx_HAL_Driver\Src\stm32f1xx_hal_rcc.o
                0x08001f54                HAL_RCC_GetPCLK1Freq
 .text.HAL_RCC_GetPCLK2Freq
                0x08001f74       0x20 Drivers\STM32F1xx_HAL_Driver\Src\stm32f1xx_hal_rcc.o
                0x08001f74                HAL_RCC_GetPCLK2Freq
 .text.HAL_RCCEx_PeriphCLKConfig
                0x08001f94      0x17c Drivers\STM32F1xx_HAL_Driver\Src\stm32f1xx_hal_rcc_ex.o
                0x08001f94                HAL_RCCEx_PeriphCLKConfig
 .text.UART_EndRxTransfer
                0x08002110       0x1a Drivers\STM32F1xx_HAL_Driver\Src\stm32f1xx_hal_uart.o
 *fill*         0x0800212a        0x2 
 .text.UART_SetConfig
                0x0800212c      0x13c Drivers\STM32F1xx_HAL_Driver\Src\stm32f1xx_hal_uart.o
 .text.UART_WaitOnFlagUntilTimeout.constprop.3
                0x08002268       0x50 Drivers\STM32F1xx_HAL_Driver\Src\stm32f1xx_hal_uart.o
 .text.HAL_UART_Init
                0x080022b8       0x5c Drivers\STM32F1xx_HAL_Driver\Src\stm32f1xx_hal_uart.o
                0x080022b8                HAL_UART_Init
 .text.HAL_UART_Transmit
                0x08002314       0xb8 Drivers\STM32F1xx_HAL_Driver\Src\stm32f1xx_hal_uart.o
                0x08002314                HAL_UART_Transmit
 .text.HAL_UART_Receive_IT
                0x080023cc       0x4e Drivers\STM32F1xx_HAL_Driver\Src\stm32f1xx_hal_uart.o
                0x080023cc                HAL_UART_Receive_IT
 *fill*         0x0800241a        0x2 
 .text.HAL_UART_Transmit_DMA
                0x0800241c       0x74 Drivers\STM32F1xx_HAL_Driver\Src\stm32f1xx_hal_uart.o
                0x0800241c                HAL_UART_Transmit_DMA
 .text.HAL_UART_TxCpltCallback
                0x08002490        0x2 Drivers\STM32F1xx_HAL_Driver\Src\stm32f1xx_hal_uart.o
                0x08002490                HAL_UART_TxCpltCallback
 .text.UART_DMATransmitCplt
                0x08002492       0x2c Drivers\STM32F1xx_HAL_Driver\Src\stm32f1xx_hal_uart.o
 .text.HAL_UART_TxHalfCpltCallback
                0x080024be        0x2 Drivers\STM32F1xx_HAL_Driver\Src\stm32f1xx_hal_uart.o
                0x080024be                HAL_UART_TxHalfCpltCallback
 .text.UART_DMATxHalfCplt
                0x080024c0        0xa Drivers\STM32F1xx_HAL_Driver\Src\stm32f1xx_hal_uart.o
 .text.UART_Receive_IT
                0x080024ca       0x7c Drivers\STM32F1xx_HAL_Driver\Src\stm32f1xx_hal_uart.o
 .text.HAL_UART_ErrorCallback
                0x08002546        0x2 Drivers\STM32F1xx_HAL_Driver\Src\stm32f1xx_hal_uart.o
                0x08002546                HAL_UART_ErrorCallback
 .text.UART_DMAError
                0x08002548       0x4e Drivers\STM32F1xx_HAL_Driver\Src\stm32f1xx_hal_uart.o
 *fill*         0x08002596        0x2 
 .text.HAL_UART_IRQHandler
                0x08002598      0x140 Drivers\STM32F1xx_HAL_Driver\Src\stm32f1xx_hal_uart.o
                0x08002598                HAL_UART_IRQHandler
 .text.UART_DMAAbortOnError
                0x080026d8       0x10 Drivers\STM32F1xx_HAL_Driver\Src\stm32f1xx_hal_uart.o
 .text.osKernelStart
                0x080026e8        0xa Middlewares\Third_Party\FreeRTOS\Source\CMSIS_RTOS\cmsis_os.o
                0x080026e8                osKernelStart
 .text.osThreadCreate
                0x080026f2       0x50 Middlewares\Third_Party\FreeRTOS\Source\CMSIS_RTOS\cmsis_os.o
                0x080026f2                osThreadCreate
 .text.vListInitialise
                0x08002742       0x16 Middlewares\Third_Party\FreeRTOS\Source\list.o
                0x08002742                vListInitialise
 .text.vListInitialiseItem
                0x08002758        0x6 Middlewares\Third_Party\FreeRTOS\Source\list.o
                0x08002758                vListInitialiseItem
 .text.vListInsertEnd
                0x0800275e       0x18 Middlewares\Third_Party\FreeRTOS\Source\list.o
                0x0800275e                vListInsertEnd
 .text.vListInsert
                0x08002776       0x2e Middlewares\Third_Party\FreeRTOS\Source\list.o
                0x08002776                vListInsert
 .text.uxListRemove
                0x080027a4       0x20 Middlewares\Third_Party\FreeRTOS\Source\list.o
                0x080027a4                uxListRemove
 .text.prvTaskExitError
                0x080027c4       0x30 Middlewares\Third_Party\FreeRTOS\Source\portable\GCC\ARM_CM3\port.o
 .text.prvPortStartFirstTask
                0x080027f4       0x20 Middlewares\Third_Party\FreeRTOS\Source\portable\GCC\ARM_CM3\port.o
 .text.pxPortInitialiseStack
                0x08002814       0x24 Middlewares\Third_Party\FreeRTOS\Source\portable\GCC\ARM_CM3\port.o
                0x08002814                pxPortInitialiseStack
 *fill*         0x08002838        0x8 
 .text.SVC_Handler
                0x08002840       0x24 Middlewares\Third_Party\FreeRTOS\Source\portable\GCC\ARM_CM3\port.o
                0x08002840                SVC_Handler
 .text.vPortEnterCritical
                0x08002864       0x44 Middlewares\Third_Party\FreeRTOS\Source\portable\GCC\ARM_CM3\port.o
                0x08002864                vPortEnterCritical
 .text.vPortExitCritical
                0x080028a8       0x28 Middlewares\Third_Party\FreeRTOS\Source\portable\GCC\ARM_CM3\port.o
                0x080028a8                vPortExitCritical
 .text.PendSV_Handler
                0x080028d0       0x44 Middlewares\Third_Party\FreeRTOS\Source\portable\GCC\ARM_CM3\port.o
                0x080028d0                PendSV_Handler
 .text.xPortSysTickHandler
                0x08002914       0x2c Middlewares\Third_Party\FreeRTOS\Source\portable\GCC\ARM_CM3\port.o
                0x08002914                xPortSysTickHandler
 .text.vPortSetupTimerInterrupt
                0x08002940       0x28 Middlewares\Third_Party\FreeRTOS\Source\portable\GCC\ARM_CM3\port.o
                0x08002940                vPortSetupTimerInterrupt
 .text.xPortStartScheduler
                0x08002968       0x94 Middlewares\Third_Party\FreeRTOS\Source\portable\GCC\ARM_CM3\port.o
                0x08002968                xPortStartScheduler
 .text.vPortValidateInterruptPriority
                0x080029fc       0x5c Middlewares\Third_Party\FreeRTOS\Source\portable\GCC\ARM_CM3\port.o
                0x080029fc                vPortValidateInterruptPriority
 .text.unlikely.prvInsertBlockIntoFreeList
                0x08002a58       0x48 Middlewares\Third_Party\FreeRTOS\Source\portable\MemMang\heap_4.o
 .text.pvPortMalloc
                0x08002aa0      0x11c Middlewares\Third_Party\FreeRTOS\Source\portable\MemMang\heap_4.o
                0x08002aa0                pvPortMalloc
 .text.vPortFree
                0x08002bbc       0x70 Middlewares\Third_Party\FreeRTOS\Source\portable\MemMang\heap_4.o
                0x08002bbc                vPortFree
 .text.unlikely.prvCopyDataToQueue
                0x08002c2c       0x66 Middlewares\Third_Party\FreeRTOS\Source\queue.o
 .text.unlikely.prvCopyDataFromQueue
                0x08002c92       0x28 Middlewares\Third_Party\FreeRTOS\Source\queue.o
 .text.prvUnlockQueue
                0x08002cba       0x70 Middlewares\Third_Party\FreeRTOS\Source\queue.o
 *fill*         0x08002d2a        0x2 
 .text.xQueueGenericReset
                0x08002d2c       0x80 Middlewares\Third_Party\FreeRTOS\Source\queue.o
                0x08002d2c                xQueueGenericReset
 .text.xQueueGenericCreate
                0x08002dac       0x48 Middlewares\Third_Party\FreeRTOS\Source\queue.o
                0x08002dac                xQueueGenericCreate
 .text.xQueueGenericSend
                0x08002df4      0x16c Middlewares\Third_Party\FreeRTOS\Source\queue.o
                0x08002df4                xQueueGenericSend
 .text.xQueueGenericSendFromISR
                0x08002f60       0xc4 Middlewares\Third_Party\FreeRTOS\Source\queue.o
                0x08002f60                xQueueGenericSendFromISR
 .text.xQueueGenericReceive
                0x08003024      0x188 Middlewares\Third_Party\FreeRTOS\Source\queue.o
                0x08003024                xQueueGenericReceive
 .text.prvAddNewTaskToReadyList
                0x080031ac       0xf8 Middlewares\Third_Party\FreeRTOS\Source\tasks.o
 .text.prvResetNextTaskUnblockTime
                0x080032a4       0x24 Middlewares\Third_Party\FreeRTOS\Source\tasks.o
 .text.prvInitialiseNewTask.isra.2
                0x080032c8       0x82 Middlewares\Third_Party\FreeRTOS\Source\tasks.o
 .text.prvDeleteTCB
                0x0800334a       0x36 Middlewares\Third_Party\FreeRTOS\Source\tasks.o
 .text.prvAddCurrentTaskToDelayedList
                0x08003380       0x8c Middlewares\Third_Party\FreeRTOS\Source\tasks.o
 .text.vTaskSetTimeOutState.part.7
                0x0800340c       0x12 Middlewares\Third_Party\FreeRTOS\Source\tasks.o
 .text.xTaskCreateStatic
                0x0800341e       0x44 Middlewares\Third_Party\FreeRTOS\Source\tasks.o
                0x0800341e                xTaskCreateStatic
 .text.xTaskCreate
                0x08003462       0x5a Middlewares\Third_Party\FreeRTOS\Source\tasks.o
                0x08003462                xTaskCreate
 .text.vTaskStartScheduler
                0x080034bc       0x6c Middlewares\Third_Party\FreeRTOS\Source\tasks.o
                0x080034bc                vTaskStartScheduler
 .text.vTaskSuspendAll
                0x08003528       0x10 Middlewares\Third_Party\FreeRTOS\Source\tasks.o
                0x08003528                vTaskSuspendAll
 .text.xTaskGetTickCount
                0x08003538        0xc Middlewares\Third_Party\FreeRTOS\Source\tasks.o
                0x08003538                xTaskGetTickCount
 .text.xTaskIncrementTick
                0x08003544      0x124 Middlewares\Third_Party\FreeRTOS\Source\tasks.o
                0x08003544                xTaskIncrementTick
 .text.xTaskResumeAll
                0x08003668       0xf0 Middlewares\Third_Party\FreeRTOS\Source\tasks.o
                0x08003668                xTaskResumeAll
 .text.vTaskDelay
                0x08003758       0x48 Middlewares\Third_Party\FreeRTOS\Source\tasks.o
                0x08003758                vTaskDelay
 .text.prvIdleTask
                0x080037a0       0x70 Middlewares\Third_Party\FreeRTOS\Source\tasks.o
 .text.vTaskSwitchContext
                0x08003810       0x74 Middlewares\Third_Party\FreeRTOS\Source\tasks.o
                0x08003810                vTaskSwitchContext
 .text.vTaskPlaceOnEventList
                0x08003884       0x34 Middlewares\Third_Party\FreeRTOS\Source\tasks.o
                0x08003884                vTaskPlaceOnEventList
 .text.xTaskRemoveFromEventList
                0x080038b8       0x84 Middlewares\Third_Party\FreeRTOS\Source\tasks.o
                0x080038b8                xTaskRemoveFromEventList
 .text.vTaskSetTimeOutState
                0x0800393c       0x20 Middlewares\Third_Party\FreeRTOS\Source\tasks.o
                0x0800393c                vTaskSetTimeOutState
 .text.xTaskCheckForTimeOut
                0x0800395c       0x74 Middlewares\Third_Party\FreeRTOS\Source\tasks.o
                0x0800395c                xTaskCheckForTimeOut
 .text.vTaskMissedYield
                0x080039d0        0xc Middlewares\Third_Party\FreeRTOS\Source\tasks.o
                0x080039d0                vTaskMissedYield
 .text.xTaskGetSchedulerState
                0x080039dc       0x20 Middlewares\Third_Party\FreeRTOS\Source\tasks.o
                0x080039dc                xTaskGetSchedulerState
 .text.vTaskPriorityInherit
                0x080039fc       0x90 Middlewares\Third_Party\FreeRTOS\Source\tasks.o
                0x080039fc                vTaskPriorityInherit
 .text.xTaskPriorityDisinherit
                0x08003a8c       0xa0 Middlewares\Third_Party\FreeRTOS\Source\tasks.o
                0x08003a8c                xTaskPriorityDisinherit
 .text.pvTaskIncrementMutexHeldCount
                0x08003b2c       0x18 Middlewares\Third_Party\FreeRTOS\Source\tasks.o
                0x08003b2c                pvTaskIncrementMutexHeldCount
 .text.fir_filter
                0x08003b44       0x4c Src\adcStorage.o
                0x08003b44                fir_filter
 .text.xStoreADCDataTask
                0x08003b90      0x214 Src\adcStorage.o
                0x08003b90                xStoreADCDataTask
 .text.xAnalyzeTask
                0x08003da4      0x5d4 Src\analyze.o
                0x08003da4                xAnalyzeTask
 .text.xBlynkTask
                0x08004378       0x40 Src\controllerInit.o
                0x08004378                xBlynkTask
 .text.controller_init
                0x080043b8      0x134 Src\controllerInit.o
                0x080043b8                controller_init
 .text.print_debug
                0x080044ec        0x2 Src\controllerUtils.o
                0x080044ec                print_debug
 *fill*         0x080044ee        0x2 
 .text.init_rf433
                0x080044f0       0xa4 Src\controllerUtils.o
                0x080044f0                init_rf433
 .text.init_structures
                0x08004594       0x3c Src\controllerUtils.o
                0x08004594                init_structures
 .text.mWrite_flash
                0x080045d0       0x74 Src\flashFunctions.o
                0x080045d0                mWrite_flash
 .text.mRead_flash
                0x08004644       0x40 Src\flashFunctions.o
                0x08004644                mRead_flash
 .text.vApplicationGetIdleTaskMemory
                0x08004684       0x18 Src\freertos.o
                0x08004684                vApplicationGetIdleTaskMemory
 .text.StartDefaultTask
                0x0800469c        0x2 Src\main.o
                0x0800469c                StartDefaultTask
 *fill*         0x0800469e        0x2 
 .text.SystemClock_Config
                0x080046a0       0x78 Src\main.o
                0x080046a0                SystemClock_Config
 .text.startup.main
                0x08004718      0x1f8 Src\main.o
                0x08004718                main
 .text.HAL_UART_RxCpltCallback
                0x08004910       0x70 Src\main.o
                0x08004910                HAL_UART_RxCpltCallback
 .text.HAL_ADCEx_InjectedConvCpltCallback
                0x08004980       0x40 Src\main.o
                0x08004980                HAL_ADCEx_InjectedConvCpltCallback
 .text.Error_Handler
                0x080049c0        0x2 Src\main.o
                0x080049c0                Error_Handler
 *fill*         0x080049c2        0x2 
 .text.xProcessCommandTask
                0x080049c4      0x4ec Src\processCommand.o
                0x080049c4                xProcessCommandTask
 .text.xScanInputTask
                0x08004eb0      0x264 Src\scanInput.o
                0x08004eb0                xScanInputTask
 .text.HAL_MspInit
                0x08005114       0x50 Src\stm32f1xx_hal_msp.o
                0x08005114                HAL_MspInit
 .text.HAL_ADC_MspInit
                0x08005164       0x6c Src\stm32f1xx_hal_msp.o
                0x08005164                HAL_ADC_MspInit
 .text.HAL_UART_MspInit
                0x080051d0       0xb8 Src\stm32f1xx_hal_msp.o
                0x080051d0                HAL_UART_MspInit
 .text.NMI_Handler
                0x08005288        0x2 Src\stm32f1xx_it.o
                0x08005288                NMI_Handler
 .text.HardFault_Handler
                0x0800528a        0x2 Src\stm32f1xx_it.o
                0x0800528a                HardFault_Handler
 .text.MemManage_Handler
                0x0800528c        0x2 Src\stm32f1xx_it.o
                0x0800528c                MemManage_Handler
 .text.BusFault_Handler
                0x0800528e        0x2 Src\stm32f1xx_it.o
                0x0800528e                BusFault_Handler
 .text.UsageFault_Handler
                0x08005290        0x2 Src\stm32f1xx_it.o
                0x08005290                UsageFault_Handler
 .text.DebugMon_Handler
                0x08005292        0x2 Src\stm32f1xx_it.o
                0x08005292                DebugMon_Handler
 .text.SysTick_Handler
                0x08005294       0x18 Src\stm32f1xx_it.o
                0x08005294                SysTick_Handler
 .text.DMA1_Channel4_IRQHandler
                0x080052ac        0xc Src\stm32f1xx_it.o
                0x080052ac                DMA1_Channel4_IRQHandler
 .text.ADC1_2_IRQHandler
                0x080052b8        0xc Src\stm32f1xx_it.o
                0x080052b8                ADC1_2_IRQHandler
 .text.USART1_IRQHandler
                0x080052c4        0xc Src\stm32f1xx_it.o
                0x080052c4                USART1_IRQHandler
 .text.EXTI15_10_IRQHandler
                0x080052d0        0x8 Src\stm32f1xx_it.o
                0x080052d0                EXTI15_10_IRQHandler
 .text._sbrk    0x080052d8       0x34 Src\syscalls.o
                0x080052d8                _sbrk
 .text.SystemInit
                0x0800530c       0x58 Src\system_stm32f1xx.o
                0x0800530c                SystemInit
 .text.Reset_Handler
                0x08005364       0x44 startup\startup_stm32f105xc.o
                0x08005364                Reset_Handler
 .text.Default_Handler
                0x080053a8        0x2 startup\startup_stm32f105xc.o
                0x080053a8                RTC_Alarm_IRQHandler
                0x080053a8                EXTI2_IRQHandler
                0x080053a8                TIM1_CC_IRQHandler
                0x080053a8                TIM6_IRQHandler
                0x080053a8                PVD_IRQHandler
                0x080053a8                CAN2_RX1_IRQHandler
                0x080053a8                EXTI3_IRQHandler
                0x080053a8                EXTI0_IRQHandler
                0x080053a8                I2C2_EV_IRQHandler
                0x080053a8                CAN1_RX0_IRQHandler
                0x080053a8                CAN2_SCE_IRQHandler
                0x080053a8                SPI1_IRQHandler
                0x080053a8                TAMPER_IRQHandler
                0x080053a8                CAN2_RX0_IRQHandler
                0x080053a8                DMA2_Channel2_IRQHandler
                0x080053a8                USART3_IRQHandler
                0x080053a8                RTC_IRQHandler
                0x080053a8                DMA1_Channel7_IRQHandler
                0x080053a8                CAN1_RX1_IRQHandler
                0x080053a8                UART5_IRQHandler
                0x080053a8                TIM4_IRQHandler
                0x080053a8                DMA2_Channel1_IRQHandler
                0x080053a8                I2C1_EV_IRQHandler
                0x080053a8                DMA1_Channel6_IRQHandler
                0x080053a8                UART4_IRQHandler
                0x080053a8                DMA2_Channel4_IRQHandler
                0x080053a8                TIM3_IRQHandler
                0x080053a8                RCC_IRQHandler
                0x080053a8                TIM1_TRG_COM_IRQHandler
                0x080053a8                DMA1_Channel1_IRQHandler
                0x080053a8                Default_Handler
                0x080053a8                TIM7_IRQHandler
                0x080053a8                CAN2_TX_IRQHandler
                0x080053a8                TIM5_IRQHandler
                0x080053a8                EXTI9_5_IRQHandler
                0x080053a8                SPI2_IRQHandler
                0x080053a8                CAN1_TX_IRQHandler
                0x080053a8                DMA2_Channel5_IRQHandler
                0x080053a8                DMA1_Channel5_IRQHandler
                0x080053a8                EXTI4_IRQHandler
                0x080053a8                DMA1_Channel3_IRQHandler
                0x080053a8                TIM1_UP_IRQHandler
                0x080053a8                WWDG_IRQHandler
                0x080053a8                TIM2_IRQHandler
                0x080053a8                OTG_FS_WKUP_IRQHandler
                0x080053a8                TIM1_BRK_IRQHandler
                0x080053a8                EXTI1_IRQHandler
                0x080053a8                USART2_IRQHandler
                0x080053a8                I2C2_ER_IRQHandler
                0x080053a8                DMA1_Channel2_IRQHandler
                0x080053a8                CAN1_SCE_IRQHandler
                0x080053a8                FLASH_IRQHandler
                0x080053a8                OTG_FS_IRQHandler
                0x080053a8                SPI3_IRQHandler
                0x080053a8                I2C1_ER_IRQHandler
                0x080053a8                DMA2_Channel3_IRQHandler
 *fill*         0x080053aa        0x2 
 .text.__errno  0x080053ac        0xc c:/program files (x86)/atollic/truestudio for stm32 9.3.0/armtools/bin/../lib/gcc/arm-atollic-eabi/6.3.1/../../../../arm-atollic-eabi/lib/armv7-m\libc_nano.a(lib_a-errno.o)
                0x080053ac                __errno
 .text.memcpy   0x080053b8       0x16 c:/program files (x86)/atollic/truestudio for stm32 9.3.0/armtools/bin/../lib/gcc/arm-atollic-eabi/6.3.1/../../../../arm-atollic-eabi/lib/armv7-m\libc_nano.a(lib_a-memcpy-stub.o)
                0x080053b8                memcpy
 .text.memset   0x080053ce       0x10 c:/program files (x86)/atollic/truestudio for stm32 9.3.0/armtools/bin/../lib/gcc/arm-atollic-eabi/6.3.1/../../../../arm-atollic-eabi/lib/armv7-m\libc_nano.a(lib_a-memset.o)
                0x080053ce                memset
 *fill*         0x080053de        0x2 
 .text.sprintf  0x080053e0       0x48 c:/program files (x86)/atollic/truestudio for stm32 9.3.0/armtools/bin/../lib/gcc/arm-atollic-eabi/6.3.1/../../../../arm-atollic-eabi/lib/armv7-m\libc_nano.a(lib_a-sprintf.o)
                0x080053e0                siprintf
                0x080053e0                sprintf
 .text.sscanf   0x08005428       0x54 c:/program files (x86)/atollic/truestudio for stm32 9.3.0/armtools/bin/../lib/gcc/arm-atollic-eabi/6.3.1/../../../../arm-atollic-eabi/lib/armv7-m\libc_nano.a(lib_a-sscanf.o)
                0x08005428                siscanf
                0x08005428                sscanf
 .text.__seofread
                0x0800547c        0x4 c:/program files (x86)/atollic/truestudio for stm32 9.3.0/armtools/bin/../lib/gcc/arm-atollic-eabi/6.3.1/../../../../arm-atollic-eabi/lib/armv7-m\libc_nano.a(lib_a-stdio.o)
                0x0800547c                __seofread
 .text.__ssputs_r
                0x08005480       0xb6 c:/program files (x86)/atollic/truestudio for stm32 9.3.0/armtools/bin/../lib/gcc/arm-atollic-eabi/6.3.1/../../../../arm-atollic-eabi/lib/armv7-m\libc_nano.a(lib_a-nano-svfprintf.o)
                0x08005480                __ssputs_r
 *fill*         0x08005536        0x2 
 .text._svfprintf_r
                0x08005538      0x1e8 c:/program files (x86)/atollic/truestudio for stm32 9.3.0/armtools/bin/../lib/gcc/arm-atollic-eabi/6.3.1/../../../../arm-atollic-eabi/lib/armv7-m\libc_nano.a(lib_a-nano-svfprintf.o)
                0x08005538                _svfiprintf_r
                0x08005538                _svfprintf_r
 .text._sungetc_r
                0x08005720       0x7a c:/program files (x86)/atollic/truestudio for stm32 9.3.0/armtools/bin/../lib/gcc/arm-atollic-eabi/6.3.1/../../../../arm-atollic-eabi/lib/armv7-m\libc_nano.a(lib_a-nano-svfscanf.o)
                0x08005720                _sungetc_r
 .text.__ssrefill_r
                0x0800579a       0x3a c:/program files (x86)/atollic/truestudio for stm32 9.3.0/armtools/bin/../lib/gcc/arm-atollic-eabi/6.3.1/../../../../arm-atollic-eabi/lib/armv7-m\libc_nano.a(lib_a-nano-svfscanf.o)
                0x0800579a                __ssrefill_r
 .text.__ssvfscanf_r
                0x080057d4      0x2a8 c:/program files (x86)/atollic/truestudio for stm32 9.3.0/armtools/bin/../lib/gcc/arm-atollic-eabi/6.3.1/../../../../arm-atollic-eabi/lib/armv7-m\libc_nano.a(lib_a-nano-svfscanf.o)
                0x080057d4                __ssvfiscanf_r
                0x080057d4                __ssvfscanf_r
 .text._printf_common
                0x08005a7c       0xee c:/program files (x86)/atollic/truestudio for stm32 9.3.0/armtools/bin/../lib/gcc/arm-atollic-eabi/6.3.1/../../../../arm-atollic-eabi/lib/armv7-m\libc_nano.a(lib_a-nano-vfprintf_i.o)
                0x08005a7c                _printf_common
 *fill*         0x08005b6a        0x2 
 .text._printf_i
                0x08005b6c      0x240 c:/program files (x86)/atollic/truestudio for stm32 9.3.0/armtools/bin/../lib/gcc/arm-atollic-eabi/6.3.1/../../../../arm-atollic-eabi/lib/armv7-m\libc_nano.a(lib_a-nano-vfprintf_i.o)
                0x08005b6c                _printf_i
 .text._scanf_chars
                0x08005dac       0xc6 c:/program files (x86)/atollic/truestudio for stm32 9.3.0/armtools/bin/../lib/gcc/arm-atollic-eabi/6.3.1/../../../../arm-atollic-eabi/lib/armv7-m\libc_nano.a(lib_a-nano-vfscanf_i.o)
                0x08005dac                _scanf_chars
 *fill*         0x08005e72        0x2 
 .text._scanf_i
                0x08005e74      0x1ec c:/program files (x86)/atollic/truestudio for stm32 9.3.0/armtools/bin/../lib/gcc/arm-atollic-eabi/6.3.1/../../../../arm-atollic-eabi/lib/armv7-m\libc_nano.a(lib_a-nano-vfscanf_i.o)
                0x08005e74                _scanf_i
 .text.__sccl   0x08006060       0x5e c:/program files (x86)/atollic/truestudio for stm32 9.3.0/armtools/bin/../lib/gcc/arm-atollic-eabi/6.3.1/../../../../arm-atollic-eabi/lib/armv7-m\libc_nano.a(lib_a-sccl.o)
                0x08006060                __sccl
 .text._strtol_l.isra.0
                0x080060be      0x100 c:/program files (x86)/atollic/truestudio for stm32 9.3.0/armtools/bin/../lib/gcc/arm-atollic-eabi/6.3.1/../../../../arm-atollic-eabi/lib/armv7-m\libc_nano.a(lib_a-strtol.o)
 *fill*         0x080061be        0x2 
 .text._strtol_r
                0x080061c0       0x24 c:/program files (x86)/atollic/truestudio for stm32 9.3.0/armtools/bin/../lib/gcc/arm-atollic-eabi/6.3.1/../../../../arm-atollic-eabi/lib/armv7-m\libc_nano.a(lib_a-strtol.o)
                0x080061c0                _strtol_r
 .text._strtoul_l.isra.0
                0x080061e4       0xfa c:/program files (x86)/atollic/truestudio for stm32 9.3.0/armtools/bin/../lib/gcc/arm-atollic-eabi/6.3.1/../../../../arm-atollic-eabi/lib/armv7-m\libc_nano.a(lib_a-strtoul.o)
 *fill*         0x080062de        0x2 
 .text._strtoul_r
                0x080062e0       0x24 c:/program files (x86)/atollic/truestudio for stm32 9.3.0/armtools/bin/../lib/gcc/arm-atollic-eabi/6.3.1/../../../../arm-atollic-eabi/lib/armv7-m\libc_nano.a(lib_a-strtoul.o)
                0x080062e0                _strtoul_r
 .text.__submore
                0x08006304       0x72 c:/program files (x86)/atollic/truestudio for stm32 9.3.0/armtools/bin/../lib/gcc/arm-atollic-eabi/6.3.1/../../../../arm-atollic-eabi/lib/armv7-m\libc_nano.a(lib_a-ungetc.o)
                0x08006304                __submore
 .text.__locale_ctype_ptr_l
                0x08006376        0x6 c:/program files (x86)/atollic/truestudio for stm32 9.3.0/armtools/bin/../lib/gcc/arm-atollic-eabi/6.3.1/../../../../arm-atollic-eabi/lib/armv7-m\libc_nano.a(lib_a-locale.o)
                0x08006376                __locale_ctype_ptr_l
 .text.__locale_ctype_ptr
                0x0800637c       0x1c c:/program files (x86)/atollic/truestudio for stm32 9.3.0/armtools/bin/../lib/gcc/arm-atollic-eabi/6.3.1/../../../../arm-atollic-eabi/lib/armv7-m\libc_nano.a(lib_a-locale.o)
                0x0800637c                __locale_ctype_ptr
 .text.__ascii_mbtowc
                0x08006398       0x24 c:/program files (x86)/atollic/truestudio for stm32 9.3.0/armtools/bin/../lib/gcc/arm-atollic-eabi/6.3.1/../../../../arm-atollic-eabi/lib/armv7-m\libc_nano.a(lib_a-mbtowc_r.o)
                0x08006398                __ascii_mbtowc
 .text.memchr   0x080063bc       0x1c c:/program files (x86)/atollic/truestudio for stm32 9.3.0/armtools/bin/../lib/gcc/arm-atollic-eabi/6.3.1/../../../../arm-atollic-eabi/lib/armv7-m\libc_nano.a(lib_a-memchr-stub.o)
                0x080063bc                memchr
 .text.memmove  0x080063d8       0x34 c:/program files (x86)/atollic/truestudio for stm32 9.3.0/armtools/bin/../lib/gcc/arm-atollic-eabi/6.3.1/../../../../arm-atollic-eabi/lib/armv7-m\libc_nano.a(lib_a-memmove.o)
                0x080063d8                memmove
 .text._free_r  0x0800640c       0x98 c:/program files (x86)/atollic/truestudio for stm32 9.3.0/armtools/bin/../lib/gcc/arm-atollic-eabi/6.3.1/../../../../arm-atollic-eabi/lib/armv7-m\libc_nano.a(lib_a-nano-freer.o)
                0x0800640c                _free_r
 .text._malloc_r
                0x080064a4       0xbc c:/program files (x86)/atollic/truestudio for stm32 9.3.0/armtools/bin/../lib/gcc/arm-atollic-eabi/6.3.1/../../../../arm-atollic-eabi/lib/armv7-m\libc_nano.a(lib_a-nano-mallocr.o)
                0x080064a4                _malloc_r
 .text._realloc_r
                0x08006560       0x4c c:/program files (x86)/atollic/truestudio for stm32 9.3.0/armtools/bin/../lib/gcc/arm-atollic-eabi/6.3.1/../../../../arm-atollic-eabi/lib/armv7-m\libc_nano.a(lib_a-nano-reallocr.o)
                0x08006560                _realloc_r
 .text._sbrk_r  0x080065ac       0x20 c:/program files (x86)/atollic/truestudio for stm32 9.3.0/armtools/bin/../lib/gcc/arm-atollic-eabi/6.3.1/../../../../arm-atollic-eabi/lib/armv7-m\libc_nano.a(lib_a-sbrkr.o)
                0x080065ac                _sbrk_r
 .text.__ascii_wctomb
                0x080065cc       0x1a c:/program files (x86)/atollic/truestudio for stm32 9.3.0/armtools/bin/../lib/gcc/arm-atollic-eabi/6.3.1/../../../../arm-atollic-eabi/lib/armv7-m\libc_nano.a(lib_a-wctomb_r.o)
                0x080065cc                __ascii_wctomb
 .text.__malloc_lock
                0x080065e6        0x2 c:/program files (x86)/atollic/truestudio for stm32 9.3.0/armtools/bin/../lib/gcc/arm-atollic-eabi/6.3.1/../../../../arm-atollic-eabi/lib/armv7-m\libc_nano.a(lib_a-mlock.o)
                0x080065e6                __malloc_lock
 .text.__malloc_unlock
                0x080065e8        0x2 c:/program files (x86)/atollic/truestudio for stm32 9.3.0/armtools/bin/../lib/gcc/arm-atollic-eabi/6.3.1/../../../../arm-atollic-eabi/lib/armv7-m\libc_nano.a(lib_a-mlock.o)
                0x080065e8                __malloc_unlock
 .text._malloc_usable_size_r
                0x080065ea       0x12 c:/program files (x86)/atollic/truestudio for stm32 9.3.0/armtools/bin/../lib/gcc/arm-atollic-eabi/6.3.1/../../../../arm-atollic-eabi/lib/armv7-m\libc_nano.a(lib_a-nano-msizer.o)
                0x080065ea                _malloc_usable_size_r
 *(.glue_7)
 .glue_7        0x080065fc        0x0 linker stubs
 *(.glue_7t)
 .glue_7t       0x080065fc        0x0 linker stubs
 *(.eh_frame)
 .eh_frame      0x080065fc        0x0 c:/program files (x86)/atollic/truestudio for stm32 9.3.0/armtools/bin/../lib/gcc/arm-atollic-eabi/6.3.1/armv7-m/crtbegin.o
 *(.init)
 .init          0x080065fc        0x4 c:/program files (x86)/atollic/truestudio for stm32 9.3.0/armtools/bin/../lib/gcc/arm-atollic-eabi/6.3.1/armv7-m/crti.o
                0x080065fc                _init
 .init          0x08006600        0x8 c:/program files (x86)/atollic/truestudio for stm32 9.3.0/armtools/bin/../lib/gcc/arm-atollic-eabi/6.3.1/armv7-m/crtn.o
 *(.fini)
 .fini          0x08006608        0x4 c:/program files (x86)/atollic/truestudio for stm32 9.3.0/armtools/bin/../lib/gcc/arm-atollic-eabi/6.3.1/armv7-m/crti.o
                0x08006608                _fini
 .fini          0x0800660c        0x8 c:/program files (x86)/atollic/truestudio for stm32 9.3.0/armtools/bin/../lib/gcc/arm-atollic-eabi/6.3.1/armv7-m/crtn.o
                0x08006614                . = ALIGN (0x4)
                0x08006614                _etext = .

.vfp11_veneer   0x08006614        0x0
 .vfp11_veneer  0x08006614        0x0 linker stubs

.v4_bx          0x08006614        0x0
 .v4_bx         0x08006614        0x0 linker stubs

.iplt           0x08006614        0x0
 .iplt          0x08006614        0x0 c:/program files (x86)/atollic/truestudio for stm32 9.3.0/armtools/bin/../lib/gcc/arm-atollic-eabi/6.3.1/armv7-m/crtbegin.o

.rodata         0x08006614      0x3bc
                0x08006614                . = ALIGN (0x4)
 *(.rodata)
 .rodata        0x08006614       0x1e Drivers\STM32F1xx_HAL_Driver\Src\stm32f1xx_hal_rcc.o
 *fill*         0x08006632        0x2 
 .rodata        0x08006634       0x28 Src\adcStorage.o
 .rodata        0x0800665c       0x10 Src\analyze.o
 .rodata        0x0800666c       0x1c Src\main.o
 .rodata        0x08006688        0xc c:/program files (x86)/atollic/truestudio for stm32 9.3.0/armtools/bin/../lib/gcc/arm-atollic-eabi/6.3.1/../../../../arm-atollic-eabi/lib/armv7-m\libc_nano.a(lib_a-nano-vfscanf_i.o)
 *(.rodata*)
 .rodata.vTaskStartScheduler.str1.1
                0x08006694        0x5 Middlewares\Third_Party\FreeRTOS\Source\tasks.o
 .rodata.xStoreADCDataTask.str1.1
                0x08006699        0xa Src\adcStorage.o
 .rodata.controller_init.str1.1
                0x080066a3       0x22 Src\controllerInit.o
 .rodata.init_rf433.str1.1
                0x080066c5       0x13 Src\controllerUtils.o
                                 0x1d (size before relaxing)
 .rodata.mRead_flash.str1.1
                0x080066d8       0x1b Src\flashFunctions.o
 .rodata.mWrite_flash.str1.1
                0x080066f3       0x30 Src\flashFunctions.o
 .rodata.str1.1
                0x08006723        0xc Src\main.o
 .rodata.xProcessCommandTask.str1.1
                0x0800672f       0xc6 Src\processCommand.o
                                 0xd0 (size before relaxing)
 .rodata.xScanInputTask.str1.1
                0x080067f5        0x9 Src\scanInput.o
 .rodata.AHBPrescTable
                0x080067fe       0x10 Src\system_stm32f1xx.o
                0x080067fe                AHBPrescTable
 .rodata.APBPrescTable
                0x0800680e        0x8 Src\system_stm32f1xx.o
                0x0800680e                APBPrescTable
 .rodata._svfprintf_r.str1.1
                0x08006816       0x11 c:/program files (x86)/atollic/truestudio for stm32 9.3.0/armtools/bin/../lib/gcc/arm-atollic-eabi/6.3.1/../../../../arm-atollic-eabi/lib/armv7-m\libc_nano.a(lib_a-nano-svfprintf.o)
 .rodata.__ssvfscanf_r.str1.1
                0x08006827        0x4 c:/program files (x86)/atollic/truestudio for stm32 9.3.0/armtools/bin/../lib/gcc/arm-atollic-eabi/6.3.1/../../../../arm-atollic-eabi/lib/armv7-m\libc_nano.a(lib_a-nano-svfscanf.o)
 .rodata._printf_i.str1.1
                0x08006827       0x22 c:/program files (x86)/atollic/truestudio for stm32 9.3.0/armtools/bin/../lib/gcc/arm-atollic-eabi/6.3.1/../../../../arm-atollic-eabi/lib/armv7-m\libc_nano.a(lib_a-nano-vfprintf_i.o)
 .rodata._scanf_i.str1.1
                0x08006849       0x12 c:/program files (x86)/atollic/truestudio for stm32 9.3.0/armtools/bin/../lib/gcc/arm-atollic-eabi/6.3.1/../../../../arm-atollic-eabi/lib/armv7-m\libc_nano.a(lib_a-nano-vfscanf_i.o)
 .rodata.str1.1
                0x0800685b        0x9 c:/program files (x86)/atollic/truestudio for stm32 9.3.0/armtools/bin/../lib/gcc/arm-atollic-eabi/6.3.1/../../../../arm-atollic-eabi/lib/armv7-m\libc_nano.a(lib_a-nano-vfscanf_i.o)
 .rodata.__sf_fake_stderr
                0x08006864       0x20 c:/program files (x86)/atollic/truestudio for stm32 9.3.0/armtools/bin/../lib/gcc/arm-atollic-eabi/6.3.1/../../../../arm-atollic-eabi/lib/armv7-m\libc_nano.a(lib_a-findfp.o)
                0x08006864                __sf_fake_stderr
 .rodata.__sf_fake_stdin
                0x08006884       0x20 c:/program files (x86)/atollic/truestudio for stm32 9.3.0/armtools/bin/../lib/gcc/arm-atollic-eabi/6.3.1/../../../../arm-atollic-eabi/lib/armv7-m\libc_nano.a(lib_a-findfp.o)
                0x08006884                __sf_fake_stdin
 .rodata.__sf_fake_stdout
                0x080068a4       0x20 c:/program files (x86)/atollic/truestudio for stm32 9.3.0/armtools/bin/../lib/gcc/arm-atollic-eabi/6.3.1/../../../../arm-atollic-eabi/lib/armv7-m\libc_nano.a(lib_a-findfp.o)
                0x080068a4                __sf_fake_stdout
 .rodata._setlocale_r.str1.1
                0x080068c4        0x8 c:/program files (x86)/atollic/truestudio for stm32 9.3.0/armtools/bin/../lib/gcc/arm-atollic-eabi/6.3.1/../../../../arm-atollic-eabi/lib/armv7-m\libc_nano.a(lib_a-locale.o)
                                  0x9 (size before relaxing)
 .rodata.str1.1
                0x080068cc        0x2 c:/program files (x86)/atollic/truestudio for stm32 9.3.0/armtools/bin/../lib/gcc/arm-atollic-eabi/6.3.1/../../../../arm-atollic-eabi/lib/armv7-m\libc_nano.a(lib_a-locale.o)
 .rodata._ctype_
                0x080068ce      0x101 c:/program files (x86)/atollic/truestudio for stm32 9.3.0/armtools/bin/../lib/gcc/arm-atollic-eabi/6.3.1/../../../../arm-atollic-eabi/lib/armv7-m\libc_nano.a(lib_a-ctype_.o)
                0x080068ce                _ctype_
                0x080069d0                . = ALIGN (0x4)
 *fill*         0x080069cf        0x1 

.ARM.extab
 *(.ARM.extab* .gnu.linkonce.armextab.*)

.ARM            0x080069d0        0x8
                0x080069d0                __exidx_start = .
 *(.ARM.exidx*)
 .ARM.exidx     0x080069d0        0x8 c:/program files (x86)/atollic/truestudio for stm32 9.3.0/armtools/bin/../lib/gcc/arm-atollic-eabi/6.3.1/armv7-m\libgcc.a(_udivmoddi4.o)
                0x080069d8                __exidx_end = .

.rel.dyn        0x080069d8        0x0
 .rel.iplt      0x080069d8        0x0 c:/program files (x86)/atollic/truestudio for stm32 9.3.0/armtools/bin/../lib/gcc/arm-atollic-eabi/6.3.1/armv7-m/crtbegin.o

.preinit_array  0x080069d8        0x0
                [!provide]                PROVIDE (__preinit_array_start, .)
 *(.preinit_array*)
                [!provide]                PROVIDE (__preinit_array_end, .)

.init_array     0x080069d8        0x4
                [!provide]                PROVIDE (__init_array_start, .)
 *(SORT(.init_array.*))
 *(.init_array*)
 .init_array    0x080069d8        0x4 c:/program files (x86)/atollic/truestudio for stm32 9.3.0/armtools/bin/../lib/gcc/arm-atollic-eabi/6.3.1/armv7-m/crtbegin.o
                [!provide]                PROVIDE (__init_array_end, .)

.fini_array     0x080069dc        0x4
                [!provide]                PROVIDE (__fini_array_start, .)
 *(SORT(.fini_array.*))
 *(.fini_array*)
 .fini_array    0x080069dc        0x4 c:/program files (x86)/atollic/truestudio for stm32 9.3.0/armtools/bin/../lib/gcc/arm-atollic-eabi/6.3.1/armv7-m/crtbegin.o
                [!provide]                PROVIDE (__fini_array_end, .)
                0x080069e0                _sidata = LOADADDR (.data)

.data           0x20000000      0x220 load address 0x080069e0
                0x20000000                . = ALIGN (0x4)
                0x20000000                _sdata = .
 *(.data)
 *(.data*)
 .data.uwTickFreq
                0x20000000        0x1 Drivers\STM32F1xx_HAL_Driver\Src\stm32f1xx_hal.o
                0x20000000                uwTickFreq
 *fill*         0x20000001        0x3 
 .data.uwTickPrio
                0x20000004        0x4 Drivers\STM32F1xx_HAL_Driver\Src\stm32f1xx_hal.o
                0x20000004                uwTickPrio
 .data.uxCriticalNesting
                0x20000008        0x4 Middlewares\Third_Party\FreeRTOS\Source\portable\GCC\ARM_CM3\port.o
 .data.DOWN_PIN
                0x2000000c       0x10 Src\main.o
                0x2000000c                DOWN_PIN
 .data.DOWN_PORT
                0x2000001c       0x10 Src\main.o
                0x2000001c                DOWN_PORT
 .data.UP_PIN   0x2000002c       0x10 Src\main.o
                0x2000002c                UP_PIN
 .data.UP_PORT  0x2000003c       0x10 Src\main.o
                0x2000003c                UP_PORT
 .data.SystemCoreClock
                0x2000004c        0x4 Src\system_stm32f1xx.o
                0x2000004c                SystemCoreClock
 .data._impure_ptr
                0x20000050        0x4 c:/program files (x86)/atollic/truestudio for stm32 9.3.0/armtools/bin/../lib/gcc/arm-atollic-eabi/6.3.1/../../../../arm-atollic-eabi/lib/armv7-m\libc_nano.a(lib_a-impure.o)
                0x20000050                _impure_ptr
 .data.impure_data
                0x20000054       0x60 c:/program files (x86)/atollic/truestudio for stm32 9.3.0/armtools/bin/../lib/gcc/arm-atollic-eabi/6.3.1/../../../../arm-atollic-eabi/lib/armv7-m\libc_nano.a(lib_a-impure.o)
 .data.__global_locale
                0x200000b4      0x16c c:/program files (x86)/atollic/truestudio for stm32 9.3.0/armtools/bin/../lib/gcc/arm-atollic-eabi/6.3.1/../../../../arm-atollic-eabi/lib/armv7-m\libc_nano.a(lib_a-locale.o)
                0x200000b4                __global_locale
                0x20000220                . = ALIGN (0x4)
                0x20000220                _edata = .

.igot.plt       0x20000220        0x0 load address 0x08006c00
 .igot.plt      0x20000220        0x0 c:/program files (x86)/atollic/truestudio for stm32 9.3.0/armtools/bin/../lib/gcc/arm-atollic-eabi/6.3.1/armv7-m/crtbegin.o
                0x20000220                . = ALIGN (0x4)

.bss            0x20000220     0x5454 load address 0x08006c00
                0x20000220                _sbss = .
                0x20000220                __bss_start__ = _sbss
 *(.bss)
 .bss           0x20000220       0x1c c:/program files (x86)/atollic/truestudio for stm32 9.3.0/armtools/bin/../lib/gcc/arm-atollic-eabi/6.3.1/armv7-m/crtbegin.o
 *(.bss*)
 .bss.ucMaxSysCallPriority
                0x2000023c        0x1 Middlewares\Third_Party\FreeRTOS\Source\portable\GCC\ARM_CM3\port.o
 *fill*         0x2000023d        0x3 
 .bss.ulMaxPRIGROUPValue
                0x20000240        0x4 Middlewares\Third_Party\FreeRTOS\Source\portable\GCC\ARM_CM3\port.o
 .bss.pxEnd     0x20000244        0x4 Middlewares\Third_Party\FreeRTOS\Source\portable\MemMang\heap_4.o
 .bss.ucHeap    0x20000248     0x4e20 Middlewares\Third_Party\FreeRTOS\Source\portable\MemMang\heap_4.o
 .bss.xBlockAllocatedBit
                0x20005068        0x4 Middlewares\Third_Party\FreeRTOS\Source\portable\MemMang\heap_4.o
 .bss.xFreeBytesRemaining
                0x2000506c        0x4 Middlewares\Third_Party\FreeRTOS\Source\portable\MemMang\heap_4.o
 .bss.xMinimumEverFreeBytesRemaining
                0x20005070        0x4 Middlewares\Third_Party\FreeRTOS\Source\portable\MemMang\heap_4.o
 .bss.xStart    0x20005074        0x8 Middlewares\Third_Party\FreeRTOS\Source\portable\MemMang\heap_4.o
 .bss.pxCurrentTCB
                0x2000507c        0x4 Middlewares\Third_Party\FreeRTOS\Source\tasks.o
                0x2000507c                pxCurrentTCB
 .bss.pxDelayedTaskList
                0x20005080        0x4 Middlewares\Third_Party\FreeRTOS\Source\tasks.o
 .bss.pxOverflowDelayedTaskList
                0x20005084        0x4 Middlewares\Third_Party\FreeRTOS\Source\tasks.o
 .bss.pxReadyTasksLists
                0x20005088       0x8c Middlewares\Third_Party\FreeRTOS\Source\tasks.o
 .bss.uxCurrentNumberOfTasks
                0x20005114        0x4 Middlewares\Third_Party\FreeRTOS\Source\tasks.o
 .bss.uxDeletedTasksWaitingCleanUp
                0x20005118        0x4 Middlewares\Third_Party\FreeRTOS\Source\tasks.o
 .bss.uxPendedTicks
                0x2000511c        0x4 Middlewares\Third_Party\FreeRTOS\Source\tasks.o
 .bss.uxSchedulerSuspended
                0x20005120        0x4 Middlewares\Third_Party\FreeRTOS\Source\tasks.o
 .bss.uxTaskNumber
                0x20005124        0x4 Middlewares\Third_Party\FreeRTOS\Source\tasks.o
 .bss.uxTopReadyPriority
                0x20005128        0x4 Middlewares\Third_Party\FreeRTOS\Source\tasks.o
 .bss.xDelayedTaskList1
                0x2000512c       0x14 Middlewares\Third_Party\FreeRTOS\Source\tasks.o
 .bss.xDelayedTaskList2
                0x20005140       0x14 Middlewares\Third_Party\FreeRTOS\Source\tasks.o
 .bss.xNextTaskUnblockTime
                0x20005154        0x4 Middlewares\Third_Party\FreeRTOS\Source\tasks.o
 .bss.xNumOfOverflows
                0x20005158        0x4 Middlewares\Third_Party\FreeRTOS\Source\tasks.o
 .bss.xPendingReadyList
                0x2000515c       0x14 Middlewares\Third_Party\FreeRTOS\Source\tasks.o
 .bss.xSchedulerRunning
                0x20005170        0x4 Middlewares\Third_Party\FreeRTOS\Source\tasks.o
 .bss.xSuspendedTaskList
                0x20005174       0x14 Middlewares\Third_Party\FreeRTOS\Source\tasks.o
 .bss.xTasksWaitingTermination
                0x20005188       0x14 Middlewares\Third_Party\FreeRTOS\Source\tasks.o
 .bss.xTickCount
                0x2000519c        0x4 Middlewares\Third_Party\FreeRTOS\Source\tasks.o
 .bss.xYieldPending
                0x200051a0        0x4 Middlewares\Third_Party\FreeRTOS\Source\tasks.o
 .bss.debugMessage
                0x200051a4       0x10 Src\controllerUtils.o
                0x200051a4                debugMessage
 .bss.debugMessageLength
                0x200051b4        0x1 Src\controllerUtils.o
                0x200051b4                debugMessageLength
 *fill*         0x200051b5        0x3 
 .bss.xIdleStack
                0x200051b8      0x200 Src\freertos.o
 .bss.xIdleTaskTCBBuffer
                0x200053b8       0x54 Src\freertos.o
 .bss.message   0x2000540c       0x80 Src\main.o
                0x2000540c                message
 .bss.messageLength
                0x2000548c        0x1 Src\main.o
                0x2000548c                messageLength
 .bss.p_recCommandBuffer
                0x2000548d        0x1 Src\main.o
                0x2000548d                p_recCommandBuffer
 *fill*         0x2000548e        0x2 
 .bss.controllerData
                0x20005490       0x2c Src\structures.o
                0x20005490                controllerData
 .bss.controllerState
                0x200054bc       0x28 Src\structures.o
                0x200054bc                controllerState
 .bss.heap_end.5887
                0x200054e4        0x4 Src\syscalls.o
 .bss.__malloc_free_list
                0x200054e8        0x4 c:/program files (x86)/atollic/truestudio for stm32 9.3.0/armtools/bin/../lib/gcc/arm-atollic-eabi/6.3.1/../../../../arm-atollic-eabi/lib/armv7-m\libc_nano.a(lib_a-nano-mallocr.o)
                0x200054e8                __malloc_free_list
 .bss.__malloc_sbrk_start
                0x200054ec        0x4 c:/program files (x86)/atollic/truestudio for stm32 9.3.0/armtools/bin/../lib/gcc/arm-atollic-eabi/6.3.1/../../../../arm-atollic-eabi/lib/armv7-m\libc_nano.a(lib_a-nano-mallocr.o)
                0x200054ec                __malloc_sbrk_start
 *(COMMON)
 COMMON         0x200054f0        0x4 Drivers\STM32F1xx_HAL_Driver\Src\stm32f1xx_hal.o
                0x200054f0                uwTick
 *fill*         0x200054f4        0x4 
 COMMON         0x200054f8       0x20 Drivers\STM32F1xx_HAL_Driver\Src\stm32f1xx_hal_flash.o
                0x200054f8                pFlash
 COMMON         0x20005518      0x155 Src\main.o
                0x20005518                recCommandBuffer
                0x20005558                commandToProcessBuffer
                0x20005598                defaultTaskHandle
                0x2000559c                ADCRawData
                0x200055a4                xPressureCompensationSemaphore
                0x200055a8                hdma_usart1_tx
                0x200055ec                hadc1
                0x2000561c                huart1
                0x2000565c                p_commandToProcessBuffer
                0x2000565e                sensorValue
                0x20005668                xRecCommandQueue
                0x2000566c                recCommandByte
 *fill*         0x2000566d        0x3 
 COMMON         0x20005670        0x4 c:/program files (x86)/atollic/truestudio for stm32 9.3.0/armtools/bin/../lib/gcc/arm-atollic-eabi/6.3.1/../../../../arm-atollic-eabi/lib/armv7-m\libc_nano.a(lib_a-reent.o)
                0x20005670                errno
                0x20005674                . = ALIGN (0x4)
                0x20005674                _ebss = .
                0x20005674                __bss_end__ = _ebss

._user_heap_stack
                0x20005674      0x600 load address 0x08006c00
                0x20005674                . = ALIGN (0x4)
                0x20005674                PROVIDE (end, .)
                [!provide]                PROVIDE (_end, .)
                0x20005874                . = (. + _Min_Heap_Size)
 *fill*         0x20005674      0x200 
                0x20005c74                . = (. + _Min_Stack_Size)
 *fill*         0x20005874      0x400 
                0x20005c74                . = ALIGN (0x4)

/DISCARD/
 libc.a(*)
 libm.a(*)
 libgcc.a(*)

.ARM.attributes
                0x00000000       0x29
 *(.ARM.attributes)
 .ARM.attributes
                0x00000000       0x1d c:/program files (x86)/atollic/truestudio for stm32 9.3.0/armtools/bin/../lib/gcc/arm-atollic-eabi/6.3.1/armv7-m/crti.o
 .ARM.attributes
                0x0000001d       0x2d c:/program files (x86)/atollic/truestudio for stm32 9.3.0/armtools/bin/../lib/gcc/arm-atollic-eabi/6.3.1/armv7-m/crtbegin.o
 .ARM.attributes
                0x0000004a       0x33 Drivers\STM32F1xx_HAL_Driver\Src\stm32f1xx_hal.o
 .ARM.attributes
                0x0000007d       0x33 Drivers\STM32F1xx_HAL_Driver\Src\stm32f1xx_hal_adc.o
 .ARM.attributes
                0x000000b0       0x33 Drivers\STM32F1xx_HAL_Driver\Src\stm32f1xx_hal_adc_ex.o
 .ARM.attributes
                0x000000e3       0x33 Drivers\STM32F1xx_HAL_Driver\Src\stm32f1xx_hal_cortex.o
 .ARM.attributes
                0x00000116       0x33 Drivers\STM32F1xx_HAL_Driver\Src\stm32f1xx_hal_dma.o
 .ARM.attributes
                0x00000149       0x33 Drivers\STM32F1xx_HAL_Driver\Src\stm32f1xx_hal_flash.o
 .ARM.attributes
                0x0000017c       0x33 Drivers\STM32F1xx_HAL_Driver\Src\stm32f1xx_hal_flash_ex.o
 .ARM.attributes
                0x000001af       0x33 Drivers\STM32F1xx_HAL_Driver\Src\stm32f1xx_hal_gpio.o
 .ARM.attributes
                0x000001e2       0x33 Drivers\STM32F1xx_HAL_Driver\Src\stm32f1xx_hal_rcc.o
 .ARM.attributes
                0x00000215       0x33 Drivers\STM32F1xx_HAL_Driver\Src\stm32f1xx_hal_rcc_ex.o
 .ARM.attributes
                0x00000248       0x33 Drivers\STM32F1xx_HAL_Driver\Src\stm32f1xx_hal_uart.o
 .ARM.attributes
                0x0000027b       0x33 Middlewares\Third_Party\FreeRTOS\Source\CMSIS_RTOS\cmsis_os.o
 .ARM.attributes
                0x000002ae       0x33 Middlewares\Third_Party\FreeRTOS\Source\list.o
 .ARM.attributes
                0x000002e1       0x33 Middlewares\Third_Party\FreeRTOS\Source\portable\GCC\ARM_CM3\port.o
 .ARM.attributes
                0x00000314       0x33 Middlewares\Third_Party\FreeRTOS\Source\portable\MemMang\heap_4.o
 .ARM.attributes
                0x00000347       0x33 Middlewares\Third_Party\FreeRTOS\Source\queue.o
 .ARM.attributes
                0x0000037a       0x33 Middlewares\Third_Party\FreeRTOS\Source\tasks.o
 .ARM.attributes
                0x000003ad       0x33 Src\adcStorage.o
 .ARM.attributes
                0x000003e0       0x33 Src\analyze.o
 .ARM.attributes
                0x00000413       0x33 Src\controllerInit.o
 .ARM.attributes
                0x00000446       0x33 Src\controllerUtils.o
 .ARM.attributes
                0x00000479       0x33 Src\flashFunctions.o
 .ARM.attributes
                0x000004ac       0x33 Src\freertos.o
 .ARM.attributes
                0x000004df       0x33 Src\main.o
 .ARM.attributes
                0x00000512       0x33 Src\processCommand.o
 .ARM.attributes
                0x00000545       0x33 Src\scanInput.o
 .ARM.attributes
                0x00000578       0x33 Src\stm32f1xx_hal_msp.o
 .ARM.attributes
                0x000005ab       0x33 Src\stm32f1xx_it.o
 .ARM.attributes
                0x000005de       0x33 Src\structures.o
 .ARM.attributes
                0x00000611       0x33 Src\syscalls.o
 .ARM.attributes
                0x00000644       0x33 Src\system_stm32f1xx.o
 .ARM.attributes
                0x00000677       0x21 startup\startup_stm32f105xc.o
 .ARM.attributes
                0x00000698       0x2d c:/program files (x86)/atollic/truestudio for stm32 9.3.0/armtools/bin/../lib/gcc/arm-atollic-eabi/6.3.1/../../../../arm-atollic-eabi/lib/armv7-m\libc_nano.a(lib_a-errno.o)
 .ARM.attributes
                0x000006c5       0x2d c:/program files (x86)/atollic/truestudio for stm32 9.3.0/armtools/bin/../lib/gcc/arm-atollic-eabi/6.3.1/../../../../arm-atollic-eabi/lib/armv7-m\libc_nano.a(lib_a-impure.o)
 .ARM.attributes
                0x000006f2       0x2d c:/program files (x86)/atollic/truestudio for stm32 9.3.0/armtools/bin/../lib/gcc/arm-atollic-eabi/6.3.1/../../../../arm-atollic-eabi/lib/armv7-m\libc_nano.a(lib_a-memcpy-stub.o)
 .ARM.attributes
                0x0000071f       0x2d c:/program files (x86)/atollic/truestudio for stm32 9.3.0/armtools/bin/../lib/gcc/arm-atollic-eabi/6.3.1/../../../../arm-atollic-eabi/lib/armv7-m\libc_nano.a(lib_a-memset.o)
 .ARM.attributes
                0x0000074c       0x2d c:/program files (x86)/atollic/truestudio for stm32 9.3.0/armtools/bin/../lib/gcc/arm-atollic-eabi/6.3.1/../../../../arm-atollic-eabi/lib/armv7-m\libc_nano.a(lib_a-sprintf.o)
 .ARM.attributes
                0x00000779       0x2d c:/program files (x86)/atollic/truestudio for stm32 9.3.0/armtools/bin/../lib/gcc/arm-atollic-eabi/6.3.1/../../../../arm-atollic-eabi/lib/armv7-m\libc_nano.a(lib_a-sscanf.o)
 .ARM.attributes
                0x000007a6       0x2d c:/program files (x86)/atollic/truestudio for stm32 9.3.0/armtools/bin/../lib/gcc/arm-atollic-eabi/6.3.1/../../../../arm-atollic-eabi/lib/armv7-m\libc_nano.a(lib_a-stdio.o)
 .ARM.attributes
                0x000007d3       0x17 c:/program files (x86)/atollic/truestudio for stm32 9.3.0/armtools/bin/../lib/gcc/arm-atollic-eabi/6.3.1/../../../../arm-atollic-eabi/lib/armv7-m\libc_nano.a(lib_a-strlen.o)
 .ARM.attributes
                0x000007ea       0x2d c:/program files (x86)/atollic/truestudio for stm32 9.3.0/armtools/bin/../lib/gcc/arm-atollic-eabi/6.3.1/../../../../arm-atollic-eabi/lib/armv7-m\libc_nano.a(lib_a-nano-svfprintf.o)
 .ARM.attributes
                0x00000817       0x2d c:/program files (x86)/atollic/truestudio for stm32 9.3.0/armtools/bin/../lib/gcc/arm-atollic-eabi/6.3.1/../../../../arm-atollic-eabi/lib/armv7-m\libc_nano.a(lib_a-nano-svfscanf.o)
 .ARM.attributes
                0x00000844       0x2d c:/program files (x86)/atollic/truestudio for stm32 9.3.0/armtools/bin/../lib/gcc/arm-atollic-eabi/6.3.1/../../../../arm-atollic-eabi/lib/armv7-m\libc_nano.a(lib_a-nano-vfprintf_i.o)
 .ARM.attributes
                0x00000871       0x2d c:/program files (x86)/atollic/truestudio for stm32 9.3.0/armtools/bin/../lib/gcc/arm-atollic-eabi/6.3.1/../../../../arm-atollic-eabi/lib/armv7-m\libc_nano.a(lib_a-nano-vfscanf_i.o)
 .ARM.attributes
                0x0000089e       0x2d c:/program files (x86)/atollic/truestudio for stm32 9.3.0/armtools/bin/../lib/gcc/arm-atollic-eabi/6.3.1/../../../../arm-atollic-eabi/lib/armv7-m\libc_nano.a(lib_a-reent.o)
 .ARM.attributes
                0x000008cb       0x2d c:/program files (x86)/atollic/truestudio for stm32 9.3.0/armtools/bin/../lib/gcc/arm-atollic-eabi/6.3.1/../../../../arm-atollic-eabi/lib/armv7-m\libc_nano.a(lib_a-sccl.o)
 .ARM.attributes
                0x000008f8       0x2d c:/program files (x86)/atollic/truestudio for stm32 9.3.0/armtools/bin/../lib/gcc/arm-atollic-eabi/6.3.1/../../../../arm-atollic-eabi/lib/armv7-m\libc_nano.a(lib_a-strtol.o)
 .ARM.attributes
                0x00000925       0x2d c:/program files (x86)/atollic/truestudio for stm32 9.3.0/armtools/bin/../lib/gcc/arm-atollic-eabi/6.3.1/../../../../arm-atollic-eabi/lib/armv7-m\libc_nano.a(lib_a-strtoul.o)
 .ARM.attributes
                0x00000952       0x2d c:/program files (x86)/atollic/truestudio for stm32 9.3.0/armtools/bin/../lib/gcc/arm-atollic-eabi/6.3.1/../../../../arm-atollic-eabi/lib/armv7-m\libc_nano.a(lib_a-ungetc.o)
 .ARM.attributes
                0x0000097f       0x2d c:/program files (x86)/atollic/truestudio for stm32 9.3.0/armtools/bin/../lib/gcc/arm-atollic-eabi/6.3.1/../../../../arm-atollic-eabi/lib/armv7-m\libc_nano.a(lib_a-findfp.o)
 .ARM.attributes
                0x000009ac       0x2d c:/program files (x86)/atollic/truestudio for stm32 9.3.0/armtools/bin/../lib/gcc/arm-atollic-eabi/6.3.1/../../../../arm-atollic-eabi/lib/armv7-m\libc_nano.a(lib_a-locale.o)
 .ARM.attributes
                0x000009d9       0x2d c:/program files (x86)/atollic/truestudio for stm32 9.3.0/armtools/bin/../lib/gcc/arm-atollic-eabi/6.3.1/../../../../arm-atollic-eabi/lib/armv7-m\libc_nano.a(lib_a-mbtowc_r.o)
 .ARM.attributes
                0x00000a06       0x2d c:/program files (x86)/atollic/truestudio for stm32 9.3.0/armtools/bin/../lib/gcc/arm-atollic-eabi/6.3.1/../../../../arm-atollic-eabi/lib/armv7-m\libc_nano.a(lib_a-memchr-stub.o)
 .ARM.attributes
                0x00000a33       0x2d c:/program files (x86)/atollic/truestudio for stm32 9.3.0/armtools/bin/../lib/gcc/arm-atollic-eabi/6.3.1/../../../../arm-atollic-eabi/lib/armv7-m\libc_nano.a(lib_a-memmove.o)
 .ARM.attributes
                0x00000a60       0x2d c:/program files (x86)/atollic/truestudio for stm32 9.3.0/armtools/bin/../lib/gcc/arm-atollic-eabi/6.3.1/../../../../arm-atollic-eabi/lib/armv7-m\libc_nano.a(lib_a-nano-freer.o)
 .ARM.attributes
                0x00000a8d       0x2d c:/program files (x86)/atollic/truestudio for stm32 9.3.0/armtools/bin/../lib/gcc/arm-atollic-eabi/6.3.1/../../../../arm-atollic-eabi/lib/armv7-m\libc_nano.a(lib_a-nano-mallocr.o)
 .ARM.attributes
                0x00000aba       0x2d c:/program files (x86)/atollic/truestudio for stm32 9.3.0/armtools/bin/../lib/gcc/arm-atollic-eabi/6.3.1/../../../../arm-atollic-eabi/lib/armv7-m\libc_nano.a(lib_a-nano-reallocr.o)
 .ARM.attributes
                0x00000ae7       0x2d c:/program files (x86)/atollic/truestudio for stm32 9.3.0/armtools/bin/../lib/gcc/arm-atollic-eabi/6.3.1/../../../../arm-atollic-eabi/lib/armv7-m\libc_nano.a(lib_a-sbrkr.o)
 .ARM.attributes
                0x00000b14       0x2d c:/program files (x86)/atollic/truestudio for stm32 9.3.0/armtools/bin/../lib/gcc/arm-atollic-eabi/6.3.1/../../../../arm-atollic-eabi/lib/armv7-m\libc_nano.a(lib_a-wctomb_r.o)
 .ARM.attributes
                0x00000b41       0x2d c:/program files (x86)/atollic/truestudio for stm32 9.3.0/armtools/bin/../lib/gcc/arm-atollic-eabi/6.3.1/../../../../arm-atollic-eabi/lib/armv7-m\libc_nano.a(lib_a-ctype_.o)
 .ARM.attributes
                0x00000b6e       0x2d c:/program files (x86)/atollic/truestudio for stm32 9.3.0/armtools/bin/../lib/gcc/arm-atollic-eabi/6.3.1/../../../../arm-atollic-eabi/lib/armv7-m\libc_nano.a(lib_a-mlock.o)
 .ARM.attributes
                0x00000b9b       0x2d c:/program files (x86)/atollic/truestudio for stm32 9.3.0/armtools/bin/../lib/gcc/arm-atollic-eabi/6.3.1/../../../../arm-atollic-eabi/lib/armv7-m\libc_nano.a(lib_a-nano-msizer.o)
 .ARM.attributes
                0x00000bc8       0x1d c:/program files (x86)/atollic/truestudio for stm32 9.3.0/armtools/bin/../lib/gcc/arm-atollic-eabi/6.3.1/armv7-m\libgcc.a(_lshrdi3.o)
 .ARM.attributes
                0x00000be5       0x1d c:/program files (x86)/atollic/truestudio for stm32 9.3.0/armtools/bin/../lib/gcc/arm-atollic-eabi/6.3.1/armv7-m\libgcc.a(_arm_addsubsf3.o)
 .ARM.attributes
                0x00000c02       0x1d c:/program files (x86)/atollic/truestudio for stm32 9.3.0/armtools/bin/../lib/gcc/arm-atollic-eabi/6.3.1/armv7-m\libgcc.a(_arm_muldivsf3.o)
 .ARM.attributes
                0x00000c1f       0x1d c:/program files (x86)/atollic/truestudio for stm32 9.3.0/armtools/bin/../lib/gcc/arm-atollic-eabi/6.3.1/armv7-m\libgcc.a(_arm_cmpsf2.o)
 .ARM.attributes
                0x00000c3c       0x1d c:/program files (x86)/atollic/truestudio for stm32 9.3.0/armtools/bin/../lib/gcc/arm-atollic-eabi/6.3.1/armv7-m\libgcc.a(_arm_fixsfsi.o)
 .ARM.attributes
                0x00000c59       0x1d c:/program files (x86)/atollic/truestudio for stm32 9.3.0/armtools/bin/../lib/gcc/arm-atollic-eabi/6.3.1/armv7-m\libgcc.a(_aeabi_uldivmod.o)
 .ARM.attributes
                0x00000c76       0x2d c:/program files (x86)/atollic/truestudio for stm32 9.3.0/armtools/bin/../lib/gcc/arm-atollic-eabi/6.3.1/armv7-m\libgcc.a(_udivmoddi4.o)
 .ARM.attributes
                0x00000ca3       0x1d c:/program files (x86)/atollic/truestudio for stm32 9.3.0/armtools/bin/../lib/gcc/arm-atollic-eabi/6.3.1/armv7-m\libgcc.a(_dvmd_tls.o)
 .ARM.attributes
                0x00000cc0       0x1d c:/program files (x86)/atollic/truestudio for stm32 9.3.0/armtools/bin/../lib/gcc/arm-atollic-eabi/6.3.1/armv7-m/crtn.o
OUTPUT(a_pressure_controller_v01.elf elf32-littlearm)

.debug_info     0x00000000    0x27187
 .debug_info    0x00000000     0x1042 Drivers\STM32F1xx_HAL_Driver\Src\stm32f1xx_hal.o
 .debug_info    0x00001042     0x16a1 Drivers\STM32F1xx_HAL_Driver\Src\stm32f1xx_hal_adc.o
 .debug_info    0x000026e3     0x138b Drivers\STM32F1xx_HAL_Driver\Src\stm32f1xx_hal_adc_ex.o
 .debug_info    0x00003a6e     0x1509 Drivers\STM32F1xx_HAL_Driver\Src\stm32f1xx_hal_cortex.o
 .debug_info    0x00004f77     0x1047 Drivers\STM32F1xx_HAL_Driver\Src\stm32f1xx_hal_dma.o
 .debug_info    0x00005fbe      0xeeb Drivers\STM32F1xx_HAL_Driver\Src\stm32f1xx_hal_flash.o
 .debug_info    0x00006ea9     0x13ac Drivers\STM32F1xx_HAL_Driver\Src\stm32f1xx_hal_flash_ex.o
 .debug_info    0x00008255      0xedc Drivers\STM32F1xx_HAL_Driver\Src\stm32f1xx_hal_gpio.o
 .debug_info    0x00009131     0x1342 Drivers\STM32F1xx_HAL_Driver\Src\stm32f1xx_hal_rcc.o
 .debug_info    0x0000a473      0xef4 Drivers\STM32F1xx_HAL_Driver\Src\stm32f1xx_hal_rcc_ex.o
 .debug_info    0x0000b367     0x1e46 Drivers\STM32F1xx_HAL_Driver\Src\stm32f1xx_hal_uart.o
 .debug_info    0x0000d1ad     0x2934 Middlewares\Third_Party\FreeRTOS\Source\CMSIS_RTOS\cmsis_os.o
 .debug_info    0x0000fae1      0xac0 Middlewares\Third_Party\FreeRTOS\Source\list.o
 .debug_info    0x000105a1      0x4ca Middlewares\Third_Party\FreeRTOS\Source\portable\GCC\ARM_CM3\port.o
 .debug_info    0x00010a6b      0xca5 Middlewares\Third_Party\FreeRTOS\Source\portable\MemMang\heap_4.o
 .debug_info    0x00011710     0x2377 Middlewares\Third_Party\FreeRTOS\Source\queue.o
 .debug_info    0x00013a87     0x2cbd Middlewares\Third_Party\FreeRTOS\Source\tasks.o
 .debug_info    0x00016744     0x179c Src\adcStorage.o
 .debug_info    0x00017ee0     0x141b Src\analyze.o
 .debug_info    0x000192fb     0x15bf Src\controllerInit.o
 .debug_info    0x0001a8ba     0x125f Src\controllerUtils.o
 .debug_info    0x0001bb19      0xd97 Src\flashFunctions.o
 .debug_info    0x0001c8b0      0xb3c Src\freertos.o
 .debug_info    0x0001d3ec     0x21fd Src\main.o
 .debug_info    0x0001f5e9     0x1566 Src\processCommand.o
 .debug_info    0x00020b4f     0x164b Src\scanInput.o
 .debug_info    0x0002219a     0x166a Src\stm32f1xx_hal_msp.o
 .debug_info    0x00023804     0x10e9 Src\stm32f1xx_it.o
 .debug_info    0x000248ed      0xbb2 Src\structures.o
 .debug_info    0x0002549f      0xfe1 Src\syscalls.o
 .debug_info    0x00026480      0xc8e Src\system_stm32f1xx.o
 .debug_info    0x0002710e       0x79 startup\startup_stm32f105xc.o

.debug_abbrev   0x00000000     0x548e
 .debug_abbrev  0x00000000      0x315 Drivers\STM32F1xx_HAL_Driver\Src\stm32f1xx_hal.o
 .debug_abbrev  0x00000315      0x2fb Drivers\STM32F1xx_HAL_Driver\Src\stm32f1xx_hal_adc.o
 .debug_abbrev  0x00000610      0x296 Drivers\STM32F1xx_HAL_Driver\Src\stm32f1xx_hal_adc_ex.o
 .debug_abbrev  0x000008a6      0x399 Drivers\STM32F1xx_HAL_Driver\Src\stm32f1xx_hal_cortex.o
 .debug_abbrev  0x00000c3f      0x29e Drivers\STM32F1xx_HAL_Driver\Src\stm32f1xx_hal_dma.o
 .debug_abbrev  0x00000edd      0x373 Drivers\STM32F1xx_HAL_Driver\Src\stm32f1xx_hal_flash.o
 .debug_abbrev  0x00001250      0x35a Drivers\STM32F1xx_HAL_Driver\Src\stm32f1xx_hal_flash_ex.o
 .debug_abbrev  0x000015aa      0x268 Drivers\STM32F1xx_HAL_Driver\Src\stm32f1xx_hal_gpio.o
 .debug_abbrev  0x00001812      0x383 Drivers\STM32F1xx_HAL_Driver\Src\stm32f1xx_hal_rcc.o
 .debug_abbrev  0x00001b95      0x287 Drivers\STM32F1xx_HAL_Driver\Src\stm32f1xx_hal_rcc_ex.o
 .debug_abbrev  0x00001e1c      0x364 Drivers\STM32F1xx_HAL_Driver\Src\stm32f1xx_hal_uart.o
 .debug_abbrev  0x00002180      0x457 Middlewares\Third_Party\FreeRTOS\Source\CMSIS_RTOS\cmsis_os.o
 .debug_abbrev  0x000025d7      0x1e3 Middlewares\Third_Party\FreeRTOS\Source\list.o
 .debug_abbrev  0x000027ba      0x249 Middlewares\Third_Party\FreeRTOS\Source\portable\GCC\ARM_CM3\port.o
 .debug_abbrev  0x00002a03      0x314 Middlewares\Third_Party\FreeRTOS\Source\portable\MemMang\heap_4.o
 .debug_abbrev  0x00002d17      0x3e8 Middlewares\Third_Party\FreeRTOS\Source\queue.o
 .debug_abbrev  0x000030ff      0x428 Middlewares\Third_Party\FreeRTOS\Source\tasks.o
 .debug_abbrev  0x00003527      0x264 Src\adcStorage.o
 .debug_abbrev  0x0000378b      0x239 Src\analyze.o
 .debug_abbrev  0x000039c4      0x226 Src\controllerInit.o
 .debug_abbrev  0x00003bea      0x22d Src\controllerUtils.o
 .debug_abbrev  0x00003e17      0x243 Src\flashFunctions.o
 .debug_abbrev  0x0000405a      0x1b0 Src\freertos.o
 .debug_abbrev  0x0000420a      0x355 Src\main.o
 .debug_abbrev  0x0000455f      0x248 Src\processCommand.o
 .debug_abbrev  0x000047a7      0x217 Src\scanInput.o
 .debug_abbrev  0x000049be      0x246 Src\stm32f1xx_hal_msp.o
 .debug_abbrev  0x00004c04      0x23c Src\stm32f1xx_it.o
 .debug_abbrev  0x00004e40      0x181 Src\structures.o
 .debug_abbrev  0x00004fc1      0x2d9 Src\syscalls.o
 .debug_abbrev  0x0000529a      0x1e2 Src\system_stm32f1xx.o
 .debug_abbrev  0x0000547c       0x12 startup\startup_stm32f105xc.o

.debug_loc      0x00000000     0x9160
 .debug_loc     0x00000000      0x11b Drivers\STM32F1xx_HAL_Driver\Src\stm32f1xx_hal.o
 .debug_loc     0x0000011b      0x873 Drivers\STM32F1xx_HAL_Driver\Src\stm32f1xx_hal_adc.o
 .debug_loc     0x0000098e      0x769 Drivers\STM32F1xx_HAL_Driver\Src\stm32f1xx_hal_adc_ex.o
 .debug_loc     0x000010f7      0x46b Drivers\STM32F1xx_HAL_Driver\Src\stm32f1xx_hal_cortex.o
 .debug_loc     0x00001562      0x5f2 Drivers\STM32F1xx_HAL_Driver\Src\stm32f1xx_hal_dma.o
 .debug_loc     0x00001b54      0x334 Drivers\STM32F1xx_HAL_Driver\Src\stm32f1xx_hal_flash.o
 .debug_loc     0x00001e88      0x6d0 Drivers\STM32F1xx_HAL_Driver\Src\stm32f1xx_hal_flash_ex.o
 .debug_loc     0x00002558      0x36a Drivers\STM32F1xx_HAL_Driver\Src\stm32f1xx_hal_gpio.o
 .debug_loc     0x000028c2      0x5a7 Drivers\STM32F1xx_HAL_Driver\Src\stm32f1xx_hal_rcc.o
 .debug_loc     0x00002e69      0x59c Drivers\STM32F1xx_HAL_Driver\Src\stm32f1xx_hal_rcc_ex.o
 .debug_loc     0x00003405     0x1311 Drivers\STM32F1xx_HAL_Driver\Src\stm32f1xx_hal_uart.o
 .debug_loc     0x00004716     0x10d9 Middlewares\Third_Party\FreeRTOS\Source\CMSIS_RTOS\cmsis_os.o
 .debug_loc     0x000057ef       0x94 Middlewares\Third_Party\FreeRTOS\Source\list.o
 .debug_loc     0x00005883       0xce Middlewares\Third_Party\FreeRTOS\Source\portable\GCC\ARM_CM3\port.o
 .debug_loc     0x00005951      0x385 Middlewares\Third_Party\FreeRTOS\Source\portable\MemMang\heap_4.o
 .debug_loc     0x00005cd6     0x102d Middlewares\Third_Party\FreeRTOS\Source\queue.o
 .debug_loc     0x00006d03     0x12df Middlewares\Third_Party\FreeRTOS\Source\tasks.o
 .debug_loc     0x00007fe2       0xc6 Src\adcStorage.o
 .debug_loc     0x000080a8      0x700 Src\analyze.o
 .debug_loc     0x000087a8       0x21 Src\controllerInit.o
 .debug_loc     0x000087c9       0x21 Src\controllerUtils.o
 .debug_loc     0x000087ea       0x4a Src\flashFunctions.o
 .debug_loc     0x00008834       0x4d Src\main.o
 .debug_loc     0x00008881      0x13e Src\processCommand.o
 .debug_loc     0x000089bf      0x128 Src\scanInput.o
 .debug_loc     0x00008ae7       0xbb Src\stm32f1xx_hal_msp.o
 .debug_loc     0x00008ba2      0x3ef Src\syscalls.o
 .debug_loc     0x00008f91      0x1cf Src\system_stm32f1xx.o

.debug_aranges  0x00000000      0xeb8
 .debug_aranges
                0x00000000       0xc8 Drivers\STM32F1xx_HAL_Driver\Src\stm32f1xx_hal.o
 .debug_aranges
                0x000000c8       0xc8 Drivers\STM32F1xx_HAL_Driver\Src\stm32f1xx_hal_adc.o
 .debug_aranges
                0x00000190       0x80 Drivers\STM32F1xx_HAL_Driver\Src\stm32f1xx_hal_adc_ex.o
 .debug_aranges
                0x00000210       0x90 Drivers\STM32F1xx_HAL_Driver\Src\stm32f1xx_hal_cortex.o
 .debug_aranges
                0x000002a0       0x78 Drivers\STM32F1xx_HAL_Driver\Src\stm32f1xx_hal_dma.o
 .debug_aranges
                0x00000318       0x78 Drivers\STM32F1xx_HAL_Driver\Src\stm32f1xx_hal_flash.o
 .debug_aranges
                0x00000390       0x60 Drivers\STM32F1xx_HAL_Driver\Src\stm32f1xx_hal_flash_ex.o
 .debug_aranges
                0x000003f0       0x58 Drivers\STM32F1xx_HAL_Driver\Src\stm32f1xx_hal_gpio.o
 .debug_aranges
                0x00000448       0x88 Drivers\STM32F1xx_HAL_Driver\Src\stm32f1xx_hal_rcc.o
 .debug_aranges
                0x000004d0       0x50 Drivers\STM32F1xx_HAL_Driver\Src\stm32f1xx_hal_rcc_ex.o
 .debug_aranges
                0x00000520      0x170 Drivers\STM32F1xx_HAL_Driver\Src\stm32f1xx_hal_uart.o
 .debug_aranges
                0x00000690      0x190 Middlewares\Third_Party\FreeRTOS\Source\CMSIS_RTOS\cmsis_os.o
 .debug_aranges
                0x00000820       0x40 Middlewares\Third_Party\FreeRTOS\Source\list.o
 .debug_aranges
                0x00000860       0x78 Middlewares\Third_Party\FreeRTOS\Source\portable\GCC\ARM_CM3\port.o
 .debug_aranges
                0x000008d8       0x48 Middlewares\Third_Party\FreeRTOS\Source\portable\MemMang\heap_4.o
 .debug_aranges
                0x00000920       0xd8 Middlewares\Third_Party\FreeRTOS\Source\queue.o
 .debug_aranges
                0x000009f8      0x190 Middlewares\Third_Party\FreeRTOS\Source\tasks.o
 .debug_aranges
                0x00000b88       0x28 Src\adcStorage.o
 .debug_aranges
                0x00000bb0       0x20 Src\analyze.o
 .debug_aranges
                0x00000bd0       0x28 Src\controllerInit.o
 .debug_aranges
                0x00000bf8       0x30 Src\controllerUtils.o
 .debug_aranges
                0x00000c28       0x28 Src\flashFunctions.o
 .debug_aranges
                0x00000c50       0x20 Src\freertos.o
 .debug_aranges
                0x00000c70       0x48 Src\main.o
 .debug_aranges
                0x00000cb8       0x20 Src\processCommand.o
 .debug_aranges
                0x00000cd8       0x20 Src\scanInput.o
 .debug_aranges
                0x00000cf8       0x40 Src\stm32f1xx_hal_msp.o
 .debug_aranges
                0x00000d38       0x68 Src\stm32f1xx_it.o
 .debug_aranges
                0x00000da0       0x18 Src\structures.o
 .debug_aranges
                0x00000db8       0xb0 Src\syscalls.o
 .debug_aranges
                0x00000e68       0x28 Src\system_stm32f1xx.o
 .debug_aranges
                0x00000e90       0x28 startup\startup_stm32f105xc.o

.debug_ranges   0x00000000     0x12a0
 .debug_ranges  0x00000000       0xb8 Drivers\STM32F1xx_HAL_Driver\Src\stm32f1xx_hal.o
 .debug_ranges  0x000000b8       0xb8 Drivers\STM32F1xx_HAL_Driver\Src\stm32f1xx_hal_adc.o
 .debug_ranges  0x00000170       0x70 Drivers\STM32F1xx_HAL_Driver\Src\stm32f1xx_hal_adc_ex.o
 .debug_ranges  0x000001e0      0x128 Drivers\STM32F1xx_HAL_Driver\Src\stm32f1xx_hal_cortex.o
 .debug_ranges  0x00000308       0xa8 Drivers\STM32F1xx_HAL_Driver\Src\stm32f1xx_hal_dma.o
 .debug_ranges  0x000003b0       0xb8 Drivers\STM32F1xx_HAL_Driver\Src\stm32f1xx_hal_flash.o
 .debug_ranges  0x00000468       0xe0 Drivers\STM32F1xx_HAL_Driver\Src\stm32f1xx_hal_flash_ex.o
 .debug_ranges  0x00000548       0x60 Drivers\STM32F1xx_HAL_Driver\Src\stm32f1xx_hal_gpio.o
 .debug_ranges  0x000005a8       0xa0 Drivers\STM32F1xx_HAL_Driver\Src\stm32f1xx_hal_rcc.o
 .debug_ranges  0x00000648       0x60 Drivers\STM32F1xx_HAL_Driver\Src\stm32f1xx_hal_rcc_ex.o
 .debug_ranges  0x000006a8      0x190 Drivers\STM32F1xx_HAL_Driver\Src\stm32f1xx_hal_uart.o
 .debug_ranges  0x00000838      0x180 Middlewares\Third_Party\FreeRTOS\Source\CMSIS_RTOS\cmsis_os.o
 .debug_ranges  0x000009b8       0x30 Middlewares\Third_Party\FreeRTOS\Source\list.o
 .debug_ranges  0x000009e8       0x80 Middlewares\Third_Party\FreeRTOS\Source\portable\GCC\ARM_CM3\port.o
 .debug_ranges  0x00000a68       0x38 Middlewares\Third_Party\FreeRTOS\Source\portable\MemMang\heap_4.o
 .debug_ranges  0x00000aa0      0x1d0 Middlewares\Third_Party\FreeRTOS\Source\queue.o
 .debug_ranges  0x00000c70      0x270 Middlewares\Third_Party\FreeRTOS\Source\tasks.o
 .debug_ranges  0x00000ee0       0x18 Src\adcStorage.o
 .debug_ranges  0x00000ef8       0x10 Src\analyze.o
 .debug_ranges  0x00000f08       0x18 Src\controllerInit.o
 .debug_ranges  0x00000f20       0x20 Src\controllerUtils.o
 .debug_ranges  0x00000f40       0x18 Src\flashFunctions.o
 .debug_ranges  0x00000f58       0x10 Src\freertos.o
 .debug_ranges  0x00000f68      0x118 Src\main.o
 .debug_ranges  0x00001080       0x10 Src\processCommand.o
 .debug_ranges  0x00001090       0x10 Src\scanInput.o
 .debug_ranges  0x000010a0       0xd0 Src\stm32f1xx_hal_msp.o
 .debug_ranges  0x00001170       0x58 Src\stm32f1xx_it.o
 .debug_ranges  0x000011c8       0xa0 Src\syscalls.o
 .debug_ranges  0x00001268       0x18 Src\system_stm32f1xx.o
 .debug_ranges  0x00001280       0x20 startup\startup_stm32f105xc.o

.debug_line     0x00000000     0xa7c1
 .debug_line    0x00000000      0x461 Drivers\STM32F1xx_HAL_Driver\Src\stm32f1xx_hal.o
 .debug_line    0x00000461      0x86c Drivers\STM32F1xx_HAL_Driver\Src\stm32f1xx_hal_adc.o
 .debug_line    0x00000ccd      0x72b Drivers\STM32F1xx_HAL_Driver\Src\stm32f1xx_hal_adc_ex.o
 .debug_line    0x000013f8      0x469 Drivers\STM32F1xx_HAL_Driver\Src\stm32f1xx_hal_cortex.o
 .debug_line    0x00001861      0x7bc Drivers\STM32F1xx_HAL_Driver\Src\stm32f1xx_hal_dma.o
 .debug_line    0x0000201d      0x51e Drivers\STM32F1xx_HAL_Driver\Src\stm32f1xx_hal_flash.o
 .debug_line    0x0000253b      0x551 Drivers\STM32F1xx_HAL_Driver\Src\stm32f1xx_hal_flash_ex.o
 .debug_line    0x00002a8c      0x45e Drivers\STM32F1xx_HAL_Driver\Src\stm32f1xx_hal_gpio.o
 .debug_line    0x00002eea      0x683 Drivers\STM32F1xx_HAL_Driver\Src\stm32f1xx_hal_rcc.o
 .debug_line    0x0000356d      0x4d9 Drivers\STM32F1xx_HAL_Driver\Src\stm32f1xx_hal_rcc_ex.o
 .debug_line    0x00003a46      0xc45 Drivers\STM32F1xx_HAL_Driver\Src\stm32f1xx_hal_uart.o
 .debug_line    0x0000468b      0x900 Middlewares\Third_Party\FreeRTOS\Source\CMSIS_RTOS\cmsis_os.o
 .debug_line    0x00004f8b      0x363 Middlewares\Third_Party\FreeRTOS\Source\list.o
 .debug_line    0x000052ee      0x315 Middlewares\Third_Party\FreeRTOS\Source\portable\GCC\ARM_CM3\port.o
 .debug_line    0x00005603      0x40f Middlewares\Third_Party\FreeRTOS\Source\portable\MemMang\heap_4.o
 .debug_line    0x00005a12      0x8b5 Middlewares\Third_Party\FreeRTOS\Source\queue.o
 .debug_line    0x000062c7      0xc15 Middlewares\Third_Party\FreeRTOS\Source\tasks.o
 .debug_line    0x00006edc      0x4d1 Src\adcStorage.o
 .debug_line    0x000073ad      0x5c4 Src\analyze.o
 .debug_line    0x00007971      0x43c Src\controllerInit.o
 .debug_line    0x00007dad      0x3a2 Src\controllerUtils.o
 .debug_line    0x0000814f      0x333 Src\flashFunctions.o
 .debug_line    0x00008482      0x30c Src\freertos.o
 .debug_line    0x0000878e      0x5ba Src\main.o
 .debug_line    0x00008d48      0x4fe Src\processCommand.o
 .debug_line    0x00009246      0x3ff Src\scanInput.o
 .debug_line    0x00009645      0x3e0 Src\stm32f1xx_hal_msp.o
 .debug_line    0x00009a25      0x42d Src\stm32f1xx_it.o
 .debug_line    0x00009e52      0x268 Src\structures.o
 .debug_line    0x0000a0ba      0x3c0 Src\syscalls.o
 .debug_line    0x0000a47a      0x2c9 Src\system_stm32f1xx.o
 .debug_line    0x0000a743       0x7e startup\startup_stm32f105xc.o

.debug_str      0x00000000     0x575e
 .debug_str     0x00000000      0xc8e Drivers\STM32F1xx_HAL_Driver\Src\stm32f1xx_hal.o
                                0xd51 (size before relaxing)
 .debug_str     0x00000c8e      0x621 Drivers\STM32F1xx_HAL_Driver\Src\stm32f1xx_hal_adc.o
                                0xd8b (size before relaxing)
 .debug_str     0x000012af      0x291 Drivers\STM32F1xx_HAL_Driver\Src\stm32f1xx_hal_adc_ex.o
                                0xd3e (size before relaxing)
 .debug_str     0x00001540      0x2d8 Drivers\STM32F1xx_HAL_Driver\Src\stm32f1xx_hal_cortex.o
                                0xe6b (size before relaxing)
 .debug_str     0x00001818      0x220 Drivers\STM32F1xx_HAL_Driver\Src\stm32f1xx_hal_dma.o
                                0xafb (size before relaxing)
 .debug_str     0x00001a38      0x29b Drivers\STM32F1xx_HAL_Driver\Src\stm32f1xx_hal_flash.o
                                0xa1b (size before relaxing)
 .debug_str     0x00001cd3      0x2c9 Drivers\STM32F1xx_HAL_Driver\Src\stm32f1xx_hal_flash_ex.o
                                0xb31 (size before relaxing)
 .debug_str     0x00001f9c      0x1c6 Drivers\STM32F1xx_HAL_Driver\Src\stm32f1xx_hal_gpio.o
                                0x912 (size before relaxing)
 .debug_str     0x00002162      0x36b Drivers\STM32F1xx_HAL_Driver\Src\stm32f1xx_hal_rcc.o
                                0xb5d (size before relaxing)
 .debug_str     0x000024cd      0x1d6 Drivers\STM32F1xx_HAL_Driver\Src\stm32f1xx_hal_rcc_ex.o
                                0x9f8 (size before relaxing)
 .debug_str     0x000026a3      0x6dc Drivers\STM32F1xx_HAL_Driver\Src\stm32f1xx_hal_uart.o
                               0x104c (size before relaxing)
 .debug_str     0x00002d7f      0xd4f Middlewares\Third_Party\FreeRTOS\Source\CMSIS_RTOS\cmsis_os.o
                               0x1414 (size before relaxing)
 .debug_str     0x00003ace      0x143 Middlewares\Third_Party\FreeRTOS\Source\list.o
                                0x731 (size before relaxing)
 .debug_str     0x00003c11      0x20e Middlewares\Third_Party\FreeRTOS\Source\portable\GCC\ARM_CM3\port.o
                                0x450 (size before relaxing)
 .debug_str     0x00003e1f      0x1e1 Middlewares\Third_Party\FreeRTOS\Source\portable\MemMang\heap_4.o
                                0x81a (size before relaxing)
 .debug_str     0x00004000      0x489 Middlewares\Third_Party\FreeRTOS\Source\queue.o
                                0xe37 (size before relaxing)
 .debug_str     0x00004489      0x72d Middlewares\Third_Party\FreeRTOS\Source\tasks.o
                               0x136d (size before relaxing)
 .debug_str     0x00004bb6      0x364 Src\adcStorage.o
                                0xf54 (size before relaxing)
 .debug_str     0x00004f1a       0xf2 Src\analyze.o
                                0xe80 (size before relaxing)
 .debug_str     0x0000500c       0x84 Src\controllerInit.o
                                0xf50 (size before relaxing)
 .debug_str     0x00005090       0x4d Src\controllerUtils.o