stm32f1xx_it.c:75:6:NMI_Handler	0	static
stm32f1xx_it.c:88:6:HardFault_Handler	0	static
stm32f1xx_it.c:103:6:MemManage_Handler	0	static
stm32f1xx_it.c:118:6:BusFault_Handler	0	static
stm32f1xx_it.c:133:6:UsageFault_Handler	0	static
stm32f1xx_it.c:148:6:DebugMon_Handler	0	static
stm32f1xx_it.c:161:6:SysTick_Handler	8	static
stm32f1xx_it.c:190:6:DMA1_Channel4_IRQHandler	0	static
stm32f1xx_it.c:204:6:ADC1_2_IRQHandler	0	static
stm32f1xx_it.c:218:6:SPI1_IRQHandler	0	static
stm32f1xx_it.c:232:6:USART1_IRQHandler	0	static
